Component: ARM Compiler 5.06 update 6 (build 750) Tool: armlink [4d35ed]

==============================================================================

Section Cross References

    myisr.o(i.InitSwitch) refers to myisr.o(i.__NVIC_SetPriority) for __NVIC_SetPriority
    myisr.o(i.InitSwitch) refers to myisr.o(i.__NVIC_ClearPendingIRQ) for __NVIC_ClearPendingIRQ
    myisr.o(i.PORTD_IRQHandler) refers to myisr.o(i.__NVIC_ClearPendingIRQ) for __NVIC_ClearPendingIRQ
    myisr.o(i.PORTD_IRQHandler) refers to myisr.o(.data) for counter
    myisr.o(i.ledControl) refers to myisr.o(i.clearRGB) for clearRGB
    myisr.o(i.main) refers to system_mkl25z4.o(i.SystemCoreClockUpdate) for SystemCoreClockUpdate
    myisr.o(i.main) refers to myisr.o(i.InitSwitch) for InitSwitch
    myisr.o(i.main) refers to myisr.o(i.InitLED) for InitLED
    myisr.o(i.main) refers to myisr.o(i.ledControl) for ledControl
    myisr.o(i.main) refers to myisr.o(i.delay) for delay
    myisr.o(i.main) refers to myisr.o(.data) for led_mapping
    startup_mkl25z4.o(RESET) refers to startup_mkl25z4.o(STACK) for __initial_sp
    startup_mkl25z4.o(RESET) refers to startup_mkl25z4.o(.text) for Reset_Handler
    startup_mkl25z4.o(RESET) refers to myisr.o(i.PORTD_IRQHandler) for PORTD_IRQHandler
    startup_mkl25z4.o(.text) refers to system_mkl25z4.o(i.SystemInit) for SystemInit
    startup_mkl25z4.o(.text) refers to entry.o(.ARM.Collect$$$$00000000) for __main
    system_mkl25z4.o(i.SystemCoreClockUpdate) refers to uidiv.o(.text) for __aeabi_uidivmod
    system_mkl25z4.o(i.SystemCoreClockUpdate) refers to system_mkl25z4.o(i.__ARM_common_switch8) for __ARM_common_switch8
    system_mkl25z4.o(i.SystemCoreClockUpdate) refers to system_mkl25z4.o(.data) for SystemCoreClock
    entry.o(.ARM.Collect$$$$00000000) refers (Special) to entry10a.o(.ARM.Collect$$$$0000000D) for __rt_final_cpp
    entry.o(.ARM.Collect$$$$00000000) refers (Special) to entry11a.o(.ARM.Collect$$$$0000000F) for __rt_final_exit
    entry.o(.ARM.Collect$$$$00000000) refers (Special) to entry7b.o(.ARM.Collect$$$$00000008) for _main_clock
    entry.o(.ARM.Collect$$$$00000000) refers (Special) to entry8b.o(.ARM.Collect$$$$0000000A) for _main_cpp_init
    entry.o(.ARM.Collect$$$$00000000) refers (Special) to entry9a.o(.ARM.Collect$$$$0000000B) for _main_init
    entry.o(.ARM.Collect$$$$00000000) refers (Special) to entry5.o(.ARM.Collect$$$$00000004) for _main_scatterload
    entry.o(.ARM.Collect$$$$00000000) refers (Special) to entry2.o(.ARM.Collect$$$$00000001) for _main_stk
    entry2.o(.ARM.Collect$$$$00000001) refers to entry2.o(.ARM.Collect$$$$00002712) for __lit__00000000
    entry2.o(.ARM.Collect$$$$00002712) refers to startup_mkl25z4.o(STACK) for __initial_sp
    entry2.o(__vectab_stack_and_reset_area) refers to startup_mkl25z4.o(STACK) for __initial_sp
    entry2.o(__vectab_stack_and_reset_area) refers to entry.o(.ARM.Collect$$$$00000000) for __main
    entry5.o(.ARM.Collect$$$$00000004) refers to init.o(.text) for __scatterload
    entry9a.o(.ARM.Collect$$$$0000000B) refers to myisr.o(i.main) for main
    entry9b.o(.ARM.Collect$$$$0000000C) refers to myisr.o(i.main) for main
    init.o(.text) refers to entry5.o(.ARM.Collect$$$$00000004) for __main_after_scatterload


==============================================================================

Removing Unused input sections from the image.

    Removing myisr.o(.rev16_text), (4 bytes).
    Removing myisr.o(.revsh_text), (4 bytes).
    Removing startup_mkl25z4.o(HEAP), (0 bytes).
    Removing system_mkl25z4.o(.rev16_text), (4 bytes).
    Removing system_mkl25z4.o(.revsh_text), (4 bytes).

5 unused section(s) (total 16 bytes) removed from the image.

==============================================================================

Image Symbol Table

    Local Symbols

    Symbol Name                              Value     Ov Type        Size  Object(Section)

    RESET                                    0x00000000   Section      192  startup_mkl25z4.o(RESET)
    ../clib/microlib/division.c              0x00000000   Number         0  uidiv.o ABSOLUTE
    ../clib/microlib/init/entry.s            0x00000000   Number         0  entry11b.o ABSOLUTE
    ../clib/microlib/init/entry.s            0x00000000   Number         0  entry11a.o ABSOLUTE
    ../clib/microlib/init/entry.s            0x00000000   Number         0  entry10b.o ABSOLUTE
    ../clib/microlib/init/entry.s            0x00000000   Number         0  entry10a.o ABSOLUTE
    ../clib/microlib/init/entry.s            0x00000000   Number         0  entry9b.o ABSOLUTE
    ../clib/microlib/init/entry.s            0x00000000   Number         0  entry9a.o ABSOLUTE
    ../clib/microlib/init/entry.s            0x00000000   Number         0  entry8b.o ABSOLUTE
    ../clib/microlib/init/entry.s            0x00000000   Number         0  entry8a.o ABSOLUTE
    ../clib/microlib/init/entry.s            0x00000000   Number         0  entry7b.o ABSOLUTE
    ../clib/microlib/init/entry.s            0x00000000   Number         0  entry7a.o ABSOLUTE
    ../clib/microlib/init/entry.s            0x00000000   Number         0  entry5.o ABSOLUTE
    ../clib/microlib/init/entry.s            0x00000000   Number         0  entry2.o ABSOLUTE
    ../clib/microlib/init/entry.s            0x00000000   Number         0  entry.o ABSOLUTE
    RTE\Device\MKL25Z128xxx4\startup_MKL25Z4.s 0x00000000   Number         0  startup_mkl25z4.o ABSOLUTE
    RTE\Device\MKL25Z128xxx4\system_MKL25Z4.c 0x00000000   Number         0  system_mkl25z4.o ABSOLUTE
    RTE\\Device\\MKL25Z128xxx4\\system_MKL25Z4.c 0x00000000   Number         0  system_mkl25z4.o ABSOLUTE
    dc.s                                     0x00000000   Number         0  dc.o ABSOLUTE
    handlers.s                               0x00000000   Number         0  handlers.o ABSOLUTE
    init.s                                   0x00000000   Number         0  init.o ABSOLUTE
    myISR.c                                  0x00000000   Number         0  myisr.o ABSOLUTE
    myISR.c                                  0x00000000   Number         0  myisr.o ABSOLUTE
    .ARM.Collect$$$$00000000                 0x000000c0   Section        0  entry.o(.ARM.Collect$$$$00000000)
    .ARM.Collect$$$$00000001                 0x000000c0   Section        4  entry2.o(.ARM.Collect$$$$00000001)
    .ARM.Collect$$$$00000004                 0x000000c4   Section        4  entry5.o(.ARM.Collect$$$$00000004)
    .ARM.Collect$$$$00000008                 0x000000c8   Section        0  entry7b.o(.ARM.Collect$$$$00000008)
    .ARM.Collect$$$$0000000A                 0x000000c8   Section        0  entry8b.o(.ARM.Collect$$$$0000000A)
    .ARM.Collect$$$$0000000B                 0x000000c8   Section        8  entry9a.o(.ARM.Collect$$$$0000000B)
    .ARM.Collect$$$$0000000D                 0x000000d0   Section        0  entry10a.o(.ARM.Collect$$$$0000000D)
    .ARM.Collect$$$$0000000F                 0x000000d0   Section        0  entry11a.o(.ARM.Collect$$$$0000000F)
    .ARM.Collect$$$$00002712                 0x000000d0   Section        4  entry2.o(.ARM.Collect$$$$00002712)
    __lit__00000000                          0x000000d0   Data           4  entry2.o(.ARM.Collect$$$$00002712)
    .text                                    0x000000d4   Section       40  startup_mkl25z4.o(.text)
    .text                                    0x000000fc   Section        0  uidiv.o(.text)
    .text                                    0x00000128   Section       36  init.o(.text)
    i.InitLED                                0x0000014c   Section        0  myisr.o(i.InitLED)
    i.InitSwitch                             0x000001d8   Section        0  myisr.o(i.InitSwitch)
    i.PORTD_IRQHandler                       0x00000250   Section        0  myisr.o(i.PORTD_IRQHandler)
    i.SystemInit                             0x00000290   Section        0  system_mkl25z4.o(i.SystemInit)
    i.__ARM_common_switch8                   0x0000029c   Section        0  system_mkl25z4.o(i.__ARM_common_switch8)
    i.__NVIC_ClearPendingIRQ                 0x000002b8   Section        0  myisr.o(i.__NVIC_ClearPendingIRQ)
    __NVIC_ClearPendingIRQ                   0x000002b9   Thumb Code    18  myisr.o(i.__NVIC_ClearPendingIRQ)
    i.__NVIC_SetPriority                     0x000002d0   Section        0  myisr.o(i.__NVIC_SetPriority)
    __NVIC_SetPriority                       0x000002d1   Thumb Code   110  myisr.o(i.__NVIC_SetPriority)
    i.__scatterload_copy                     0x00000348   Section       14  handlers.o(i.__scatterload_copy)
    i.__scatterload_null                     0x00000356   Section        2  handlers.o(i.__scatterload_null)
    i.__scatterload_zeroinit                 0x00000358   Section       14  handlers.o(i.__scatterload_zeroinit)
    i.clearRGB                               0x00000368   Section        0  myisr.o(i.clearRGB)
    i.delay                                  0x00000380   Section        0  myisr.o(i.delay)
    delay                                    0x00000381   Thumb Code    20  myisr.o(i.delay)
    i.ledControl                             0x00000394   Section        0  myisr.o(i.ledControl)
    .ARM.__at_0x400                          0x00000400   Section       16  startup_mkl25z4.o(.ARM.__at_0x400)
    i.SystemCoreClockUpdate                  0x00000410   Section        0  system_mkl25z4.o(i.SystemCoreClockUpdate)
    i.main                                   0x000005a0   Section        0  myisr.o(i.main)
    .data                                    0x1ffff000   Section        7  myisr.o(.data)
    .data                                    0x1ffff008   Section        4  system_mkl25z4.o(.data)
    STACK                                    0x1ffff010   Section      256  startup_mkl25z4.o(STACK)

    Global Symbols

    Symbol Name                              Value     Ov Type        Size  Object(Section)

    BuildAttributes$$THM_ISAv3M$S$PE$A:L22$X:L11$S22$IEEE1$IW$USESV6$~STKCKD$USESV7$~SHL$OSPACE$EBA8$MICROLIB$REQ8$PRES8$EABIv2 0x00000000   Number         0  anon$$obj.o ABSOLUTE
    __ARM_use_no_argv                        0x00000000   Number         0  myisr.o ABSOLUTE
    __Vectors                                0x00000000   Data           4  startup_mkl25z4.o(RESET)
    __cpp_initialize__aeabi_                  - Undefined Weak Reference
    __cxa_finalize                            - Undefined Weak Reference
    __decompress                              - Undefined Weak Reference
    _clock_init                               - Undefined Weak Reference
    _microlib_exit                            - Undefined Weak Reference
    __Vectors_End                            0x000000c0   Data           0  startup_mkl25z4.o(RESET)
    __Vectors_Size                           0x000000c0   Number         0  startup_mkl25z4.o ABSOLUTE
    __main                                   0x000000c1   Thumb Code     0  entry.o(.ARM.Collect$$$$00000000)
    _main_stk                                0x000000c1   Thumb Code     0  entry2.o(.ARM.Collect$$$$00000001)
    _main_scatterload                        0x000000c5   Thumb Code     0  entry5.o(.ARM.Collect$$$$00000004)
    __main_after_scatterload                 0x000000c9   Thumb Code     0  entry5.o(.ARM.Collect$$$$00000004)
    _main_clock                              0x000000c9   Thumb Code     0  entry7b.o(.ARM.Collect$$$$00000008)
    _main_cpp_init                           0x000000c9   Thumb Code     0  entry8b.o(.ARM.Collect$$$$0000000A)
    _main_init                               0x000000c9   Thumb Code     0  entry9a.o(.ARM.Collect$$$$0000000B)
    __rt_final_cpp                           0x000000d1   Thumb Code     0  entry10a.o(.ARM.Collect$$$$0000000D)
    __rt_final_exit                          0x000000d1   Thumb Code     0  entry11a.o(.ARM.Collect$$$$0000000F)
    Reset_Handler                            0x000000d5   Thumb Code    12  startup_mkl25z4.o(.text)
    NMI_Handler                              0x000000e1   Thumb Code     2  startup_mkl25z4.o(.text)
    HardFault_Handler                        0x000000e3   Thumb Code     2  startup_mkl25z4.o(.text)
    SVC_Handler                              0x000000e5   Thumb Code     2  startup_mkl25z4.o(.text)
    PendSV_Handler                           0x000000e7   Thumb Code     2  startup_mkl25z4.o(.text)
    SysTick_Handler                          0x000000e9   Thumb Code     2  startup_mkl25z4.o(.text)
    ADC0_IRQHandler                          0x000000eb   Thumb Code     0  startup_mkl25z4.o(.text)
    CMP0_IRQHandler                          0x000000eb   Thumb Code     0  startup_mkl25z4.o(.text)
    DAC0_IRQHandler                          0x000000eb   Thumb Code     0  startup_mkl25z4.o(.text)
    DMA0_IRQHandler                          0x000000eb   Thumb Code     0  startup_mkl25z4.o(.text)
    DMA1_IRQHandler                          0x000000eb   Thumb Code     0  startup_mkl25z4.o(.text)
    DMA2_IRQHandler                          0x000000eb   Thumb Code     0  startup_mkl25z4.o(.text)
    DMA3_IRQHandler                          0x000000eb   Thumb Code     0  startup_mkl25z4.o(.text)
    DefaultISR                               0x000000eb   Thumb Code     0  startup_mkl25z4.o(.text)
    FTFA_IRQHandler                          0x000000eb   Thumb Code     0  startup_mkl25z4.o(.text)
    I2C0_IRQHandler                          0x000000eb   Thumb Code     0  startup_mkl25z4.o(.text)
    I2C1_IRQHandler                          0x000000eb   Thumb Code     0  startup_mkl25z4.o(.text)
    LLWU_IRQHandler                          0x000000eb   Thumb Code     0  startup_mkl25z4.o(.text)
    LPTMR0_IRQHandler                        0x000000eb   Thumb Code     0  startup_mkl25z4.o(.text)
    LVD_LVW_IRQHandler                       0x000000eb   Thumb Code     0  startup_mkl25z4.o(.text)
    MCG_IRQHandler                           0x000000eb   Thumb Code     0  startup_mkl25z4.o(.text)
    PIT_IRQHandler                           0x000000eb   Thumb Code     0  startup_mkl25z4.o(.text)
    PORTA_IRQHandler                         0x000000eb   Thumb Code     0  startup_mkl25z4.o(.text)
    RTC_IRQHandler                           0x000000eb   Thumb Code     0  startup_mkl25z4.o(.text)
    RTC_Seconds_IRQHandler                   0x000000eb   Thumb Code     0  startup_mkl25z4.o(.text)
    Reserved20_IRQHandler                    0x000000eb   Thumb Code     0  startup_mkl25z4.o(.text)
    Reserved39_IRQHandler                    0x000000eb   Thumb Code     0  startup_mkl25z4.o(.text)
    Reserved45_IRQHandler                    0x000000eb   Thumb Code     0  startup_mkl25z4.o(.text)
    SPI0_IRQHandler                          0x000000eb   Thumb Code     0  startup_mkl25z4.o(.text)
    SPI1_IRQHandler                          0x000000eb   Thumb Code     0  startup_mkl25z4.o(.text)
    TPM0_IRQHandler                          0x000000eb   Thumb Code     0  startup_mkl25z4.o(.text)
    TPM1_IRQHandler                          0x000000eb   Thumb Code     0  startup_mkl25z4.o(.text)
    TPM2_IRQHandler                          0x000000eb   Thumb Code     0  startup_mkl25z4.o(.text)
    TSI0_IRQHandler                          0x000000eb   Thumb Code     0  startup_mkl25z4.o(.text)
    UART0_IRQHandler                         0x000000eb   Thumb Code     0  startup_mkl25z4.o(.text)
    UART1_IRQHandler                         0x000000eb   Thumb Code     0  startup_mkl25z4.o(.text)
    UART2_IRQHandler                         0x000000eb   Thumb Code     0  startup_mkl25z4.o(.text)
    USB0_IRQHandler                          0x000000eb   Thumb Code     0  startup_mkl25z4.o(.text)
    __aeabi_uidiv                            0x000000fd   Thumb Code     0  uidiv.o(.text)
    __aeabi_uidivmod                         0x000000fd   Thumb Code    44  uidiv.o(.text)
    __scatterload                            0x00000129   Thumb Code    28  init.o(.text)
    __scatterload_rt2                        0x00000129   Thumb Code     0  init.o(.text)
    InitLED                                  0x0000014d   Thumb Code   124  myisr.o(i.InitLED)
    InitSwitch                               0x000001d9   Thumb Code    98  myisr.o(i.InitSwitch)
    PORTD_IRQHandler                         0x00000251   Thumb Code    56  myisr.o(i.PORTD_IRQHandler)
    SystemInit                               0x00000291   Thumb Code     8  system_mkl25z4.o(i.SystemInit)
    __ARM_common_switch8                     0x0000029d   Thumb Code    28  system_mkl25z4.o(i.__ARM_common_switch8)
    __scatterload_copy                       0x00000349   Thumb Code    14  handlers.o(i.__scatterload_copy)
    __scatterload_null                       0x00000357   Thumb Code     2  handlers.o(i.__scatterload_null)
    __scatterload_zeroinit                   0x00000359   Thumb Code    14  handlers.o(i.__scatterload_zeroinit)
    clearRGB                                 0x00000369   Thumb Code    18  myisr.o(i.clearRGB)
    ledControl                               0x00000395   Thumb Code    60  myisr.o(i.ledControl)
    Region$$Table$$Base                      0x000003dc   Number         0  anon$$obj.o(Region$$Table)
    Region$$Table$$Limit                     0x000003fc   Number         0  anon$$obj.o(Region$$Table)
    SystemCoreClockUpdate                    0x00000411   Thumb Code   372  system_mkl25z4.o(i.SystemCoreClockUpdate)
    main                                     0x000005a1   Thumb Code    34  myisr.o(i.main)
    counter                                  0x1ffff000   Data           4  myisr.o(.data)
    led_mapping                              0x1ffff004   Data           3  myisr.o(.data)
    SystemCoreClock                          0x1ffff008   Data           4  system_mkl25z4.o(.data)
    __initial_sp                             0x1ffff110   Data           0  startup_mkl25z4.o(STACK)



==============================================================================

Memory Map of the image

  Image Entry point : 0x000000d5

  Load Region LR_1 (Base: 0x00000000, Size: 0x000005dc, Max: 0xffffffff, ABSOLUTE)

    Execution Region ER_RO (Exec base: 0x00000000, Load base: 0x00000000, Size: 0x000005d0, Max: 0xffffffff, ABSOLUTE)

    Exec Addr    Load Addr    Size         Type   Attr      Idx    E Section Name        Object

    0x00000000   0x00000000   0x000000c0   Data   RO           96    RESET               startup_mkl25z4.o
    0x000000c0   0x000000c0   0x00000000   Code   RO          141  * .ARM.Collect$$$$00000000  mc_p.l(entry.o)
    0x000000c0   0x000000c0   0x00000004   Code   RO          146    .ARM.Collect$$$$00000001  mc_p.l(entry2.o)
    0x000000c4   0x000000c4   0x00000004   Code   RO          149    .ARM.Collect$$$$00000004  mc_p.l(entry5.o)
    0x000000c8   0x000000c8   0x00000000   Code   RO          151    .ARM.Collect$$$$00000008  mc_p.l(entry7b.o)
    0x000000c8   0x000000c8   0x00000000   Code   RO          153    .ARM.Collect$$$$0000000A  mc_p.l(entry8b.o)
    0x000000c8   0x000000c8   0x00000008   Code   RO          154    .ARM.Collect$$$$0000000B  mc_p.l(entry9a.o)
    0x000000d0   0x000000d0   0x00000000   Code   RO          156    .ARM.Collect$$$$0000000D  mc_p.l(entry10a.o)
    0x000000d0   0x000000d0   0x00000000   Code   RO          158    .ARM.Collect$$$$0000000F  mc_p.l(entry11a.o)
    0x000000d0   0x000000d0   0x00000004   Code   RO          147    .ARM.Collect$$$$00002712  mc_p.l(entry2.o)
    0x000000d4   0x000000d4   0x00000028   Code   RO           98  * .text               startup_mkl25z4.o
    0x000000fc   0x000000fc   0x0000002c   Code   RO          144    .text               mc_p.l(uidiv.o)
    0x00000128   0x00000128   0x00000024   Code   RO          160    .text               mc_p.l(init.o)
    0x0000014c   0x0000014c   0x0000008c   Code   RO            3    i.InitLED           myisr.o
    0x000001d8   0x000001d8   0x00000078   Code   RO            4    i.InitSwitch        myisr.o
    0x00000250   0x00000250   0x00000040   Code   RO            5    i.PORTD_IRQHandler  myisr.o
    0x00000290   0x00000290   0x0000000c   Code   RO          107    i.SystemInit        system_mkl25z4.o
    0x0000029c   0x0000029c   0x0000001c   Code   RO          130    i.__ARM_common_switch8  system_mkl25z4.o
    0x000002b8   0x000002b8   0x00000018   Code   RO            6    i.__NVIC_ClearPendingIRQ  myisr.o
    0x000002d0   0x000002d0   0x00000078   Code   RO            7    i.__NVIC_SetPriority  myisr.o
    0x00000348   0x00000348   0x0000000e   Code   RO          164    i.__scatterload_copy  mc_p.l(handlers.o)
    0x00000356   0x00000356   0x00000002   Code   RO          165    i.__scatterload_null  mc_p.l(handlers.o)
    0x00000358   0x00000358   0x0000000e   Code   RO          166    i.__scatterload_zeroinit  mc_p.l(handlers.o)
    0x00000366   0x00000366   0x00000002   PAD
    0x00000368   0x00000368   0x00000018   Code   RO            8    i.clearRGB          myisr.o
    0x00000380   0x00000380   0x00000014   Code   RO            9    i.delay             myisr.o
    0x00000394   0x00000394   0x00000048   Code   RO           10    i.ledControl        myisr.o
    0x000003dc   0x000003dc   0x00000020   Data   RO          162    Region$$Table       anon$$obj.o
    0x000003fc   0x000003fc   0x00000004   PAD
    0x00000400   0x00000400   0x00000010   Code   RO           97    .ARM.__at_0x400     startup_mkl25z4.o
    0x00000410   0x00000410   0x00000190   Code   RO          106    i.SystemCoreClockUpdate  system_mkl25z4.o
    0x000005a0   0x000005a0   0x00000030   Code   RO           11    i.main              myisr.o


    Execution Region ER_RW (Exec base: 0x1ffff000, Load base: 0x000005d0, Size: 0x0000000c, Max: 0xffffffff, ABSOLUTE)

    Exec Addr    Load Addr    Size         Type   Attr      Idx    E Section Name        Object

    0x1ffff000   0x000005d0   0x00000007   Data   RW           12    .data               myisr.o
    0x1ffff007   0x000005d7   0x00000001   PAD
    0x1ffff008   0x000005d8   0x00000004   Data   RW          108    .data               system_mkl25z4.o


    Execution Region ER_ZI (Exec base: 0x1ffff00c, Load base: 0x000005dc, Size: 0x00000104, Max: 0xffffffff, ABSOLUTE)

    Exec Addr    Load Addr    Size         Type   Attr      Idx    E Section Name        Object

    0x1ffff00c   0x000005dc   0x00000004   PAD
    0x1ffff010        -       0x00000100   Zero   RW           94    STACK               startup_mkl25z4.o


==============================================================================

Image component sizes


      Code (inc. data)   RO Data    RW Data    ZI Data      Debug   Object Name

       632         94          0          7          0     228763   myisr.o
        56         30        192          0        256        840   startup_mkl25z4.o
       440         42          0          4          0       1547   system_mkl25z4.o

    ----------------------------------------------------------------------
      1128        166        228         12        260     231150   Object Totals
         0          0         32          0          0          0   (incl. Generated)
         0          0          4          1          4          0   (incl. Padding)

    ----------------------------------------------------------------------

      Code (inc. data)   RO Data    RW Data    ZI Data      Debug   Library Member Name

         0          0          0          0          0          0   entry.o
         0          0          0          0          0          0   entry10a.o
         0          0          0          0          0          0   entry11a.o
         8          4          0          0          0          0   entry2.o
         4          0          0          0          0          0   entry5.o
         0          0          0          0          0          0   entry7b.o
         0          0          0          0          0          0   entry8b.o
         8          4          0          0          0          0   entry9a.o
        30          0          0          0          0          0   handlers.o
        36          8          0          0          0         68   init.o
        44          0          0          0          0         72   uidiv.o

    ----------------------------------------------------------------------
       132         16          0          0          0        140   Library Totals
         2          0          0          0          0          0   (incl. Padding)

    ----------------------------------------------------------------------

      Code (inc. data)   RO Data    RW Data    ZI Data      Debug   Library Name

       130         16          0          0          0        140   mc_p.l

    ----------------------------------------------------------------------
       132         16          0          0          0        140   Library Totals

    ----------------------------------------------------------------------

==============================================================================


      Code (inc. data)   RO Data    RW Data    ZI Data      Debug   

      1260        182        228         12        260     231046   Grand Totals
      1260        182        228         12        260     231046   ELF Image Totals
      1260        182        228         12          0          0   ROM Totals

==============================================================================

    Total RO  Size (Code + RO Data)                 1488 (   1.45kB)
    Total RW  Size (RW Data + ZI Data)               272 (   0.27kB)
    Total ROM Size (Code + RO Data + RW Data)       1500 (   1.46kB)

==============================================================================

