Component: ARM Compiler 5.06 update 6 (build 750) Tool: armlink [4d35ed]

==============================================================================

Section Cross References

    mariokart.o(i.main) refers to system_mkl25z4.o(i.SystemCoreClockUpdate) for SystemCoreClockUpdate
    mariokart.o(i.main) refers to uart.o(i.initUART2) for initUART2
    mariokart.o(i.main) refers to motors.o(i.initMotorsPWM) for initMotorsPWM
    mariokart.o(i.main) refers to music.o(i.initMusicPWM) for initMusicPWM
    mariokart.o(i.main) refers to music.o(i.playMariokart) for playMariokart
    mariokart.o(i.main) refers to music.o(i.offMusic) for offMusic
    mariokart.o(i.main) refers to motors.o(i.move) for move
    mariokart.o(i.main) refers to uart.o(.data) for rx_data
    motors.o(i.controlWheelSpeed) refers to motors.o(i.__ARM_common_switch8) for __ARM_common_switch8
    motors.o(i.move) refers to motors.o(i.__ARM_common_switch8) for __ARM_common_switch8
    motors.o(i.move) refers to motors.o(i.stop) for stop
    motors.o(i.move) refers to motors.o(i.controlWheelSpeed) for controlWheelSpeed
    motors.o(i.stop) refers to motors.o(i.controlWheelSpeed) for controlWheelSpeed
    uart.o(i.UART2_IRQHandler) refers to uart.o(i.__NVIC_ClearPendingIRQ) for __NVIC_ClearPendingIRQ
    uart.o(i.UART2_IRQHandler) refers to uart.o(.data) for rx_data
    uart.o(i.initUART2) refers to uidiv.o(.text) for __aeabi_uidivmod
    uart.o(i.initUART2) refers to uart.o(i.__NVIC_SetPriority) for __NVIC_SetPriority
    uart.o(i.initUART2) refers to uart.o(i.__NVIC_ClearPendingIRQ) for __NVIC_ClearPendingIRQ
    music.o(i.playMariokart) refers to music.o(i.playSong) for playSong
    music.o(i.playMariokart) refers to music.o(.data) for mariokart_length
    music.o(i.playNote) refers to uidiv.o(.text) for __aeabi_uidivmod
    music.o(i.playNote) refers to dfltui.o(.text) for __aeabi_ui2d
    music.o(i.playNote) refers to ddiv.o(.text) for __aeabi_ddiv
    music.o(i.playNote) refers to dfixui.o(.text) for __aeabi_d2uiz
    music.o(i.playSong) refers to music.o(i.playNote) for playNote
    music.o(i.playSong) refers to common.o(i.delay) for delay
    music.o(i.playSong) refers to music.o(.data) for tempo
    music.o(i.playSpiderman) refers to music.o(i.playSong) for playSong
    music.o(i.playSpiderman) refers to music.o(.data) for spideman_length
    startup_mkl25z4.o(RESET) refers to startup_mkl25z4.o(STACK) for __initial_sp
    startup_mkl25z4.o(RESET) refers to startup_mkl25z4.o(.text) for Reset_Handler
    startup_mkl25z4.o(RESET) refers to uart.o(i.UART2_IRQHandler) for UART2_IRQHandler
    startup_mkl25z4.o(.text) refers to system_mkl25z4.o(i.SystemInit) for SystemInit
    startup_mkl25z4.o(.text) refers to entry.o(.ARM.Collect$$$$00000000) for __main
    system_mkl25z4.o(i.SystemCoreClockUpdate) refers to uidiv.o(.text) for __aeabi_uidivmod
    system_mkl25z4.o(i.SystemCoreClockUpdate) refers to motors.o(i.__ARM_common_switch8) for __ARM_common_switch8
    system_mkl25z4.o(i.SystemCoreClockUpdate) refers to system_mkl25z4.o(.data) for SystemCoreClock
    entry.o(.ARM.Collect$$$$00000000) refers (Special) to entry10a.o(.ARM.Collect$$$$0000000D) for __rt_final_cpp
    entry.o(.ARM.Collect$$$$00000000) refers (Special) to entry11a.o(.ARM.Collect$$$$0000000F) for __rt_final_exit
    entry.o(.ARM.Collect$$$$00000000) refers (Special) to entry7b.o(.ARM.Collect$$$$00000008) for _main_clock
    entry.o(.ARM.Collect$$$$00000000) refers (Special) to entry8b.o(.ARM.Collect$$$$0000000A) for _main_cpp_init
    entry.o(.ARM.Collect$$$$00000000) refers (Special) to entry9a.o(.ARM.Collect$$$$0000000B) for _main_init
    entry.o(.ARM.Collect$$$$00000000) refers (Special) to entry5.o(.ARM.Collect$$$$00000004) for _main_scatterload
    entry.o(.ARM.Collect$$$$00000000) refers (Special) to entry2.o(.ARM.Collect$$$$00000001) for _main_stk
    ddiv.o(.text) refers (Special) to iusefp.o(.text) for __I$use$fp
    ddiv.o(.text) refers to depilogue.o(.text) for _double_round
    dfltui.o(.text) refers (Special) to iusefp.o(.text) for __I$use$fp
    dfltui.o(.text) refers to depilogue.o(.text) for _double_epilogue
    dfixui.o(.text) refers (Special) to iusefp.o(.text) for __I$use$fp
    dfixui.o(.text) refers to llushr.o(.text) for __aeabi_llsr
    entry2.o(.ARM.Collect$$$$00000001) refers to entry2.o(.ARM.Collect$$$$00002712) for __lit__00000000
    entry2.o(.ARM.Collect$$$$00002712) refers to startup_mkl25z4.o(STACK) for __initial_sp
    entry2.o(__vectab_stack_and_reset_area) refers to startup_mkl25z4.o(STACK) for __initial_sp
    entry2.o(__vectab_stack_and_reset_area) refers to entry.o(.ARM.Collect$$$$00000000) for __main
    entry5.o(.ARM.Collect$$$$00000004) refers to init.o(.text) for __scatterload
    entry9a.o(.ARM.Collect$$$$0000000B) refers to mariokart.o(i.main) for main
    entry9b.o(.ARM.Collect$$$$0000000C) refers to mariokart.o(i.main) for main
    depilogue.o(.text) refers to depilogue.o(i.__ARM_clz) for __ARM_clz
    depilogue.o(.text) refers to llshl.o(.text) for __aeabi_llsl
    depilogue.o(.text) refers to llushr.o(.text) for __aeabi_llsr
    init.o(.text) refers to entry5.o(.ARM.Collect$$$$00000004) for __main_after_scatterload


==============================================================================

Removing Unused input sections from the image.

    Removing mariokart.o(.rev16_text), (4 bytes).
    Removing mariokart.o(.revsh_text), (4 bytes).
    Removing motors.o(.rev16_text), (4 bytes).
    Removing motors.o(.revsh_text), (4 bytes).
    Removing uart.o(.rev16_text), (4 bytes).
    Removing uart.o(.revsh_text), (4 bytes).
    Removing music.o(.rev16_text), (4 bytes).
    Removing music.o(.revsh_text), (4 bytes).
    Removing music.o(i.playSpiderman), (28 bytes).
    Removing common.o(.rev16_text), (4 bytes).
    Removing common.o(.revsh_text), (4 bytes).
    Removing startup_mkl25z4.o(HEAP), (0 bytes).
    Removing system_mkl25z4.o(.rev16_text), (4 bytes).
    Removing system_mkl25z4.o(.revsh_text), (4 bytes).

14 unused section(s) (total 76 bytes) removed from the image.

==============================================================================

Image Symbol Table

    Local Symbols

    Symbol Name                              Value     Ov Type        Size  Object(Section)

    RESET                                    0x00000000   Section      192  startup_mkl25z4.o(RESET)
    ../clib/../cmprslib/lz77c.c              0x00000000   Number         0  __dclz77c.o ABSOLUTE
    ../clib/microlib/division.c              0x00000000   Number         0  uidiv.o ABSOLUTE
    ../clib/microlib/init/entry.s            0x00000000   Number         0  entry10a.o ABSOLUTE
    ../clib/microlib/init/entry.s            0x00000000   Number         0  entry.o ABSOLUTE
    ../clib/microlib/init/entry.s            0x00000000   Number         0  entry11b.o ABSOLUTE
    ../clib/microlib/init/entry.s            0x00000000   Number         0  entry11a.o ABSOLUTE
    ../clib/microlib/init/entry.s            0x00000000   Number         0  entry10b.o ABSOLUTE
    ../clib/microlib/init/entry.s            0x00000000   Number         0  entry9b.o ABSOLUTE
    ../clib/microlib/init/entry.s            0x00000000   Number         0  entry9a.o ABSOLUTE
    ../clib/microlib/init/entry.s            0x00000000   Number         0  entry8b.o ABSOLUTE
    ../clib/microlib/init/entry.s            0x00000000   Number         0  entry8a.o ABSOLUTE
    ../clib/microlib/init/entry.s            0x00000000   Number         0  entry2.o ABSOLUTE
    ../clib/microlib/init/entry.s            0x00000000   Number         0  entry5.o ABSOLUTE
    ../clib/microlib/init/entry.s            0x00000000   Number         0  entry7b.o ABSOLUTE
    ../clib/microlib/init/entry.s            0x00000000   Number         0  entry7a.o ABSOLUTE
    ../clib/microlib/longlong.c              0x00000000   Number         0  llushr.o ABSOLUTE
    ../clib/microlib/longlong.c              0x00000000   Number         0  llshl.o ABSOLUTE
    ../clib/microlib/stubs.s                 0x00000000   Number         0  iusefp.o ABSOLUTE
    ../fplib/microlib/fpdiv.c                0x00000000   Number         0  ddiv.o ABSOLUTE
    ../fplib/microlib/fpepilogue.c           0x00000000   Number         0  depilogue.o ABSOLUTE
    ../fplib/microlib/fpfix.c                0x00000000   Number         0  dfixui.o ABSOLUTE
    ../fplib/microlib/fpflt.c                0x00000000   Number         0  dfltui.o ABSOLUTE
    RTE\Device\MKL25Z128xxx4\startup_MKL25Z4.s 0x00000000   Number         0  startup_mkl25z4.o ABSOLUTE
    RTE\Device\MKL25Z128xxx4\system_MKL25Z4.c 0x00000000   Number         0  system_mkl25z4.o ABSOLUTE
    RTE\\Device\\MKL25Z128xxx4\\system_MKL25Z4.c 0x00000000   Number         0  system_mkl25z4.o ABSOLUTE
    UART.c                                   0x00000000   Number         0  uart.o ABSOLUTE
    UART.c                                   0x00000000   Number         0  uart.o ABSOLUTE
    common.c                                 0x00000000   Number         0  common.o ABSOLUTE
    common.c                                 0x00000000   Number         0  common.o ABSOLUTE
    dc.s                                     0x00000000   Number         0  dc.o ABSOLUTE
    handlers.s                               0x00000000   Number         0  handlers.o ABSOLUTE
    init.s                                   0x00000000   Number         0  init.o ABSOLUTE
    mariokart.c                              0x00000000   Number         0  mariokart.o ABSOLUTE
    mariokart.c                              0x00000000   Number         0  mariokart.o ABSOLUTE
    motors.c                                 0x00000000   Number         0  motors.o ABSOLUTE
    motors.c                                 0x00000000   Number         0  motors.o ABSOLUTE
    music.c                                  0x00000000   Number         0  music.o ABSOLUTE
    music.c                                  0x00000000   Number         0  music.o ABSOLUTE
    .ARM.Collect$$$$00000000                 0x000000c0   Section        0  entry.o(.ARM.Collect$$$$00000000)
    .ARM.Collect$$$$00000001                 0x000000c0   Section        4  entry2.o(.ARM.Collect$$$$00000001)
    .ARM.Collect$$$$00000004                 0x000000c4   Section        4  entry5.o(.ARM.Collect$$$$00000004)
    .ARM.Collect$$$$00000008                 0x000000c8   Section        0  entry7b.o(.ARM.Collect$$$$00000008)
    .ARM.Collect$$$$0000000A                 0x000000c8   Section        0  entry8b.o(.ARM.Collect$$$$0000000A)
    .ARM.Collect$$$$0000000B                 0x000000c8   Section        8  entry9a.o(.ARM.Collect$$$$0000000B)
    .ARM.Collect$$$$0000000D                 0x000000d0   Section        0  entry10a.o(.ARM.Collect$$$$0000000D)
    .ARM.Collect$$$$0000000F                 0x000000d0   Section        0  entry11a.o(.ARM.Collect$$$$0000000F)
    .ARM.Collect$$$$00002712                 0x000000d0   Section        4  entry2.o(.ARM.Collect$$$$00002712)
    __lit__00000000                          0x000000d0   Data           4  entry2.o(.ARM.Collect$$$$00002712)
    .text                                    0x000000d4   Section       40  startup_mkl25z4.o(.text)
    .text                                    0x000000fc   Section        0  uidiv.o(.text)
    .text                                    0x00000128   Section        0  ddiv.o(.text)
    .text                                    0x00000218   Section        0  dfltui.o(.text)
    .text                                    0x00000234   Section        0  dfixui.o(.text)
    .text                                    0x00000270   Section        0  llushr.o(.text)
    .text                                    0x00000292   Section        0  depilogue.o(.text)
    .text                                    0x00000292   Section        0  iusefp.o(.text)
    .text                                    0x00000350   Section       36  init.o(.text)
    .text                                    0x00000374   Section        0  llshl.o(.text)
    .text                                    0x00000394   Section        0  __dclz77c.o(.text)
    i.__scatterload_null                     0x000003f4   Section        2  handlers.o(i.__scatterload_null)
    .ARM.__at_0x400                          0x00000400   Section       16  startup_mkl25z4.o(.ARM.__at_0x400)
    i.SystemCoreClockUpdate                  0x00000410   Section        0  system_mkl25z4.o(i.SystemCoreClockUpdate)
    i.SystemInit                             0x000005a0   Section        0  system_mkl25z4.o(i.SystemInit)
    i.UART2_IRQHandler                       0x000006d8   Section        0  uart.o(i.UART2_IRQHandler)
    i.__ARM_clz                              0x00000704   Section        0  depilogue.o(i.__ARM_clz)
    i.__ARM_common_switch8                   0x00000732   Section        0  motors.o(i.__ARM_common_switch8)
    i.__NVIC_ClearPendingIRQ                 0x00000750   Section        0  uart.o(i.__NVIC_ClearPendingIRQ)
    __NVIC_ClearPendingIRQ                   0x00000751   Thumb Code    18  uart.o(i.__NVIC_ClearPendingIRQ)
    i.__NVIC_SetPriority                     0x00000768   Section        0  uart.o(i.__NVIC_SetPriority)
    __NVIC_SetPriority                       0x00000769   Thumb Code   110  uart.o(i.__NVIC_SetPriority)
    i.__scatterload_copy                     0x000007e0   Section       14  handlers.o(i.__scatterload_copy)
    i.__scatterload_zeroinit                 0x000007ee   Section       14  handlers.o(i.__scatterload_zeroinit)
    i.controlWheelSpeed                      0x000007fc   Section        0  motors.o(i.controlWheelSpeed)
    i.delay                                  0x00000854   Section        0  common.o(i.delay)
    i.initMotorsPWM                          0x00000868   Section        0  motors.o(i.initMotorsPWM)
    i.initMusicPWM                           0x00000aa4   Section        0  music.o(i.initMusicPWM)
    i.initUART2                              0x00000b80   Section        0  uart.o(i.initUART2)
    i.main                                   0x00000c58   Section        0  mariokart.o(i.main)
    i.move                                   0x00000c98   Section        0  motors.o(i.move)
    i.offMusic                               0x00000edc   Section        0  music.o(i.offMusic)
    i.playMariokart                          0x00000ef0   Section        0  music.o(i.playMariokart)
    i.playNote                               0x00000f0c   Section        0  music.o(i.playNote)
    i.playSong                               0x00000f90   Section        0  music.o(i.playSong)
    i.stop                                   0x00000fc0   Section        0  motors.o(i.stop)
    .data                                    0x1ffff000   Section        1  uart.o(.data)
    .data                                    0x1ffff004   Section     2848  music.o(.data)
    .data                                    0x1ffffb24   Section        4  system_mkl25z4.o(.data)
    STACK                                    0x1ffffb28   Section      256  startup_mkl25z4.o(STACK)

    Global Symbols

    Symbol Name                              Value     Ov Type        Size  Object(Section)

    BuildAttributes$$THM_ISAv3M$S$PE$A:L22$X:L11$S22$IEEE1$IW$USESV6$~STKCKD$USESV7$~SHL$OSPACE$ROPI$EBA8$MICROLIB$REQ8$PRES8$EABIv2 0x00000000   Number         0  anon$$obj.o ABSOLUTE
    __ARM_use_no_argv                        0x00000000   Number         0  mariokart.o ABSOLUTE
    __Vectors                                0x00000000   Data           4  startup_mkl25z4.o(RESET)
    __cpp_initialize__aeabi_                  - Undefined Weak Reference
    __cxa_finalize                            - Undefined Weak Reference
    _clock_init                               - Undefined Weak Reference
    _microlib_exit                            - Undefined Weak Reference
    __Vectors_End                            0x000000c0   Data           0  startup_mkl25z4.o(RESET)
    __Vectors_Size                           0x000000c0   Number         0  startup_mkl25z4.o ABSOLUTE
    __main                                   0x000000c1   Thumb Code     0  entry.o(.ARM.Collect$$$$00000000)
    _main_stk                                0x000000c1   Thumb Code     0  entry2.o(.ARM.Collect$$$$00000001)
    _main_scatterload                        0x000000c5   Thumb Code     0  entry5.o(.ARM.Collect$$$$00000004)
    __main_after_scatterload                 0x000000c9   Thumb Code     0  entry5.o(.ARM.Collect$$$$00000004)
    _main_clock                              0x000000c9   Thumb Code     0  entry7b.o(.ARM.Collect$$$$00000008)
    _main_cpp_init                           0x000000c9   Thumb Code     0  entry8b.o(.ARM.Collect$$$$0000000A)
    _main_init                               0x000000c9   Thumb Code     0  entry9a.o(.ARM.Collect$$$$0000000B)
    __rt_final_cpp                           0x000000d1   Thumb Code     0  entry10a.o(.ARM.Collect$$$$0000000D)
    __rt_final_exit                          0x000000d1   Thumb Code     0  entry11a.o(.ARM.Collect$$$$0000000F)
    Reset_Handler                            0x000000d5   Thumb Code    12  startup_mkl25z4.o(.text)
    NMI_Handler                              0x000000e1   Thumb Code     2  startup_mkl25z4.o(.text)
    HardFault_Handler                        0x000000e3   Thumb Code     2  startup_mkl25z4.o(.text)
    SVC_Handler                              0x000000e5   Thumb Code     2  startup_mkl25z4.o(.text)
    PendSV_Handler                           0x000000e7   Thumb Code     2  startup_mkl25z4.o(.text)
    SysTick_Handler                          0x000000e9   Thumb Code     2  startup_mkl25z4.o(.text)
    ADC0_IRQHandler                          0x000000eb   Thumb Code     0  startup_mkl25z4.o(.text)
    CMP0_IRQHandler                          0x000000eb   Thumb Code     0  startup_mkl25z4.o(.text)
    DAC0_IRQHandler                          0x000000eb   Thumb Code     0  startup_mkl25z4.o(.text)
    DMA0_IRQHandler                          0x000000eb   Thumb Code     0  startup_mkl25z4.o(.text)
    DMA1_IRQHandler                          0x000000eb   Thumb Code     0  startup_mkl25z4.o(.text)
    DMA2_IRQHandler                          0x000000eb   Thumb Code     0  startup_mkl25z4.o(.text)
    DMA3_IRQHandler                          0x000000eb   Thumb Code     0  startup_mkl25z4.o(.text)
    DefaultISR                               0x000000eb   Thumb Code     0  startup_mkl25z4.o(.text)
    FTFA_IRQHandler                          0x000000eb   Thumb Code     0  startup_mkl25z4.o(.text)
    I2C0_IRQHandler                          0x000000eb   Thumb Code     0  startup_mkl25z4.o(.text)
    I2C1_IRQHandler                          0x000000eb   Thumb Code     0  startup_mkl25z4.o(.text)
    LLWU_IRQHandler                          0x000000eb   Thumb Code     0  startup_mkl25z4.o(.text)
    LPTMR0_IRQHandler                        0x000000eb   Thumb Code     0  startup_mkl25z4.o(.text)
    LVD_LVW_IRQHandler                       0x000000eb   Thumb Code     0  startup_mkl25z4.o(.text)
    MCG_IRQHandler                           0x000000eb   Thumb Code     0  startup_mkl25z4.o(.text)
    PIT_IRQHandler                           0x000000eb   Thumb Code     0  startup_mkl25z4.o(.text)
    PORTA_IRQHandler                         0x000000eb   Thumb Code     0  startup_mkl25z4.o(.text)
    PORTD_IRQHandler                         0x000000eb   Thumb Code     0  startup_mkl25z4.o(.text)
    RTC_IRQHandler                           0x000000eb   Thumb Code     0  startup_mkl25z4.o(.text)
    RTC_Seconds_IRQHandler                   0x000000eb   Thumb Code     0  startup_mkl25z4.o(.text)
    Reserved20_IRQHandler                    0x000000eb   Thumb Code     0  startup_mkl25z4.o(.text)
    Reserved39_IRQHandler                    0x000000eb   Thumb Code     0  startup_mkl25z4.o(.text)
    Reserved45_IRQHandler                    0x000000eb   Thumb Code     0  startup_mkl25z4.o(.text)
    SPI0_IRQHandler                          0x000000eb   Thumb Code     0  startup_mkl25z4.o(.text)
    SPI1_IRQHandler                          0x000000eb   Thumb Code     0  startup_mkl25z4.o(.text)
    TPM0_IRQHandler                          0x000000eb   Thumb Code     0  startup_mkl25z4.o(.text)
    TPM1_IRQHandler                          0x000000eb   Thumb Code     0  startup_mkl25z4.o(.text)
    TPM2_IRQHandler                          0x000000eb   Thumb Code     0  startup_mkl25z4.o(.text)
    TSI0_IRQHandler                          0x000000eb   Thumb Code     0  startup_mkl25z4.o(.text)
    UART0_IRQHandler                         0x000000eb   Thumb Code     0  startup_mkl25z4.o(.text)
    UART1_IRQHandler                         0x000000eb   Thumb Code     0  startup_mkl25z4.o(.text)
    USB0_IRQHandler                          0x000000eb   Thumb Code     0  startup_mkl25z4.o(.text)
    __aeabi_uidiv                            0x000000fd   Thumb Code     0  uidiv.o(.text)
    __aeabi_uidivmod                         0x000000fd   Thumb Code    44  uidiv.o(.text)
    __aeabi_ddiv                             0x00000129   Thumb Code   234  ddiv.o(.text)
    __aeabi_ui2d                             0x00000219   Thumb Code    24  dfltui.o(.text)
    __aeabi_d2uiz                            0x00000235   Thumb Code    50  dfixui.o(.text)
    __aeabi_llsr                             0x00000271   Thumb Code    34  llushr.o(.text)
    _ll_ushift_r                             0x00000271   Thumb Code     0  llushr.o(.text)
    __I$use$fp                               0x00000293   Thumb Code     0  iusefp.o(.text)
    _double_round                            0x00000293   Thumb Code    26  depilogue.o(.text)
    _double_epilogue                         0x000002ad   Thumb Code   164  depilogue.o(.text)
    __scatterload                            0x00000351   Thumb Code    28  init.o(.text)
    __scatterload_rt2                        0x00000351   Thumb Code     0  init.o(.text)
    __aeabi_llsl                             0x00000375   Thumb Code    32  llshl.o(.text)
    _ll_shift_l                              0x00000375   Thumb Code     0  llshl.o(.text)
    __decompress                             0x00000395   Thumb Code     0  __dclz77c.o(.text)
    __decompress2                            0x00000395   Thumb Code    96  __dclz77c.o(.text)
    __scatterload_null                       0x000003f5   Thumb Code     2  handlers.o(i.__scatterload_null)
    SystemCoreClockUpdate                    0x00000411   Thumb Code   372  system_mkl25z4.o(i.SystemCoreClockUpdate)
    SystemInit                               0x000005a1   Thumb Code   266  system_mkl25z4.o(i.SystemInit)
    UART2_IRQHandler                         0x000006d9   Thumb Code    34  uart.o(i.UART2_IRQHandler)
    __ARM_clz                                0x00000705   Thumb Code    46  depilogue.o(i.__ARM_clz)
    __ARM_common_switch8                     0x00000733   Thumb Code    28  motors.o(i.__ARM_common_switch8)
    __scatterload_copy                       0x000007e1   Thumb Code    14  handlers.o(i.__scatterload_copy)
    __scatterload_zeroinit                   0x000007ef   Thumb Code    14  handlers.o(i.__scatterload_zeroinit)
    controlWheelSpeed                        0x000007fd   Thumb Code    78  motors.o(i.controlWheelSpeed)
    delay                                    0x00000855   Thumb Code    20  common.o(i.delay)
    initMotorsPWM                            0x00000869   Thumb Code   542  motors.o(i.initMotorsPWM)
    initMusicPWM                             0x00000aa5   Thumb Code   200  music.o(i.initMusicPWM)
    initUART2                                0x00000b81   Thumb Code   194  uart.o(i.initUART2)
    main                                     0x00000c59   Thumb Code    60  mariokart.o(i.main)
    move                                     0x00000c99   Thumb Code   578  motors.o(i.move)
    offMusic                                 0x00000edd   Thumb Code    14  music.o(i.offMusic)
    playMariokart                            0x00000ef1   Thumb Code    16  music.o(i.playMariokart)
    playNote                                 0x00000f0d   Thumb Code   116  music.o(i.playNote)
    playSong                                 0x00000f91   Thumb Code    42  music.o(i.playSong)
    stop                                     0x00000fc1   Thumb Code    68  motors.o(i.stop)
    Region$$Table$$Base                      0x00001004   Number         0  anon$$obj.o(Region$$Table)
    Region$$Table$$Limit                     0x00001024   Number         0  anon$$obj.o(Region$$Table)
    rx_data                                  0x1ffff000   Data           1  uart.o(.data)
    tempo                                    0x1ffff004   Data           4  music.o(.data)
    spiderman_melody                         0x1ffff008   Data         272  music.o(.data)
    spiderman_durations                      0x1ffff118   Data          68  music.o(.data)
    spideman_length                          0x1ffff15c   Data           4  music.o(.data)
    mariokart_melody                         0x1ffff160   Data        1996  music.o(.data)
    mariokart_durations                      0x1ffff92c   Data         499  music.o(.data)
    mariokart_length                         0x1ffffb20   Data           4  music.o(.data)
    SystemCoreClock                          0x1ffffb24   Data           4  system_mkl25z4.o(.data)
    __initial_sp                             0x1ffffc28   Data           0  startup_mkl25z4.o(STACK)



==============================================================================

Memory Map of the image

  Image Entry point : 0x000000d5

  Load Region LR_1 (Base: 0x00000000, Size: 0x00001b4c, Max: 0xffffffff, ABSOLUTE, COMPRESSED[0x00001280])

    Execution Region ER_RO (Exec base: 0x00000000, Load base: 0x00000000, Size: 0x00001024, Max: 0xffffffff, ABSOLUTE)

    Exec Addr    Load Addr    Size         Type   Attr      Idx    E Section Name        Object

    0x00000000   0x00000000   0x000000c0   Data   RO          222    RESET               startup_mkl25z4.o
    0x000000c0   0x000000c0   0x00000000   Code   RO          262  * .ARM.Collect$$$$00000000  mc_p.l(entry.o)
    0x000000c0   0x000000c0   0x00000004   Code   RO          273    .ARM.Collect$$$$00000001  mc_p.l(entry2.o)
    0x000000c4   0x000000c4   0x00000004   Code   RO          276    .ARM.Collect$$$$00000004  mc_p.l(entry5.o)
    0x000000c8   0x000000c8   0x00000000   Code   RO          278    .ARM.Collect$$$$00000008  mc_p.l(entry7b.o)
    0x000000c8   0x000000c8   0x00000000   Code   RO          280    .ARM.Collect$$$$0000000A  mc_p.l(entry8b.o)
    0x000000c8   0x000000c8   0x00000008   Code   RO          281    .ARM.Collect$$$$0000000B  mc_p.l(entry9a.o)
    0x000000d0   0x000000d0   0x00000000   Code   RO          283    .ARM.Collect$$$$0000000D  mc_p.l(entry10a.o)
    0x000000d0   0x000000d0   0x00000000   Code   RO          285    .ARM.Collect$$$$0000000F  mc_p.l(entry11a.o)
    0x000000d0   0x000000d0   0x00000004   Code   RO          274    .ARM.Collect$$$$00002712  mc_p.l(entry2.o)
    0x000000d4   0x000000d4   0x00000028   Code   RO          224  * .text               startup_mkl25z4.o
    0x000000fc   0x000000fc   0x0000002c   Code   RO          265    .text               mc_p.l(uidiv.o)
    0x00000128   0x00000128   0x000000f0   Code   RO          267    .text               mf_p.l(ddiv.o)
    0x00000218   0x00000218   0x0000001c   Code   RO          269    .text               mf_p.l(dfltui.o)
    0x00000234   0x00000234   0x0000003c   Code   RO          271    .text               mf_p.l(dfixui.o)
    0x00000270   0x00000270   0x00000022   Code   RO          287    .text               mc_p.l(llushr.o)
    0x00000292   0x00000292   0x00000000   Code   RO          289    .text               mc_p.l(iusefp.o)
    0x00000292   0x00000292   0x000000be   Code   RO          290    .text               mf_p.l(depilogue.o)
    0x00000350   0x00000350   0x00000024   Code   RO          294    .text               mc_p.l(init.o)
    0x00000374   0x00000374   0x00000020   Code   RO          296    .text               mc_p.l(llshl.o)
    0x00000394   0x00000394   0x00000060   Code   RO          306    .text               mc_p.l(__dclz77c.o)
    0x000003f4   0x000003f4   0x00000002   Code   RO          301    i.__scatterload_null  mc_p.l(handlers.o)
    0x000003f6   0x000003f6   0x0000000a   PAD
    0x00000400   0x00000400   0x00000010   Code   RO          223    .ARM.__at_0x400     startup_mkl25z4.o
    0x00000410   0x00000410   0x00000190   Code   RO          232    i.SystemCoreClockUpdate  system_mkl25z4.o
    0x000005a0   0x000005a0   0x00000138   Code   RO          233    i.SystemInit        system_mkl25z4.o
    0x000006d8   0x000006d8   0x0000002c   Code   RO          104    i.UART2_IRQHandler  uart.o
    0x00000704   0x00000704   0x0000002e   Code   RO          292    i.__ARM_clz         mf_p.l(depilogue.o)
    0x00000732   0x00000732   0x0000001c   Code   RO           97    i.__ARM_common_switch8  motors.o
    0x0000074e   0x0000074e   0x00000002   PAD
    0x00000750   0x00000750   0x00000018   Code   RO          105    i.__NVIC_ClearPendingIRQ  uart.o
    0x00000768   0x00000768   0x00000078   Code   RO          106    i.__NVIC_SetPriority  uart.o
    0x000007e0   0x000007e0   0x0000000e   Code   RO          300    i.__scatterload_copy  mc_p.l(handlers.o)
    0x000007ee   0x000007ee   0x0000000e   Code   RO          302    i.__scatterload_zeroinit  mc_p.l(handlers.o)
    0x000007fc   0x000007fc   0x00000058   Code   RO           64    i.controlWheelSpeed  motors.o
    0x00000854   0x00000854   0x00000014   Code   RO          202    i.delay             common.o
    0x00000868   0x00000868   0x0000023c   Code   RO           65    i.initMotorsPWM     motors.o
    0x00000aa4   0x00000aa4   0x000000dc   Code   RO          149    i.initMusicPWM      music.o
    0x00000b80   0x00000b80   0x000000d8   Code   RO          107    i.initUART2         uart.o
    0x00000c58   0x00000c58   0x00000040   Code   RO            3    i.main              mariokart.o
    0x00000c98   0x00000c98   0x00000242   Code   RO           66    i.move              motors.o
    0x00000eda   0x00000eda   0x00000002   PAD
    0x00000edc   0x00000edc   0x00000014   Code   RO          150    i.offMusic          music.o
    0x00000ef0   0x00000ef0   0x0000001c   Code   RO          151    i.playMariokart     music.o
    0x00000f0c   0x00000f0c   0x00000084   Code   RO          152    i.playNote          music.o
    0x00000f90   0x00000f90   0x00000030   Code   RO          153    i.playSong          music.o
    0x00000fc0   0x00000fc0   0x00000044   Code   RO           67    i.stop              motors.o
    0x00001004   0x00001004   0x00000020   Data   RO          298    Region$$Table       anon$$obj.o


    Execution Region ER_RW (Exec base: 0x1ffff000, Load base: 0x00001024, Size: 0x00000b28, Max: 0xffffffff, ABSOLUTE, COMPRESSED[0x0000025c])

    Exec Addr    Load Addr    Size         Type   Attr      Idx    E Section Name        Object

    0x1ffff000   COMPRESSED   0x00000001   Data   RW          108    .data               uart.o
    0x1ffff001   COMPRESSED   0x00000003   PAD
    0x1ffff004   COMPRESSED   0x00000b20   Data   RW          155    .data               music.o
    0x1ffffb24   COMPRESSED   0x00000004   Data   RW          234    .data               system_mkl25z4.o


    Execution Region ER_ZI (Exec base: 0x1ffffb28, Load base: 0x00001280, Size: 0x00000100, Max: 0xffffffff, ABSOLUTE)

    Exec Addr    Load Addr    Size         Type   Attr      Idx    E Section Name        Object

    0x1ffffb28        -       0x00000100   Zero   RW          220    STACK               startup_mkl25z4.o


==============================================================================

Image component sizes


      Code (inc. data)   RO Data    RW Data    ZI Data      Debug   Object Name

        20          0          0          0          0        772   common.o
        64          4          0          0          0     216943   mariokart.o
      1334         62          0          0          0       2358   motors.o
       448         60          0       2848          0       3295   music.o
        56         30        192          0        256        872   startup_mkl25z4.o
       712         84          0          4          0       1663   system_mkl25z4.o
       404         48          0          1          0      10645   uart.o

    ----------------------------------------------------------------------
      3042        288        224       2856        256     236548   Object Totals
         0          0         32          0          0          0   (incl. Generated)
         4          0          0          3          0          0   (incl. Padding)

    ----------------------------------------------------------------------

      Code (inc. data)   RO Data    RW Data    ZI Data      Debug   Library Member Name

        96          0          0          0          0          0   __dclz77c.o
         0          0          0          0          0          0   entry.o
         0          0          0          0          0          0   entry10a.o
         0          0          0          0          0          0   entry11a.o
         8          4          0          0          0          0   entry2.o
         4          0          0          0          0          0   entry5.o
         0          0          0          0          0          0   entry7b.o
         0          0          0          0          0          0   entry8b.o
         8          4          0          0          0          0   entry9a.o
        30          0          0          0          0          0   handlers.o
        36          8          0          0          0         68   init.o
         0          0          0          0          0          0   iusefp.o
        32          0          0          0          0         68   llshl.o
        34          0          0          0          0         68   llushr.o
        44          0          0          0          0         72   uidiv.o
       240          6          0          0          0         84   ddiv.o
       236          0          0          0          0        216   depilogue.o
        60         10          0          0          0         68   dfixui.o
        28          4          0          0          0         68   dfltui.o

    ----------------------------------------------------------------------
       866         36          0          0          0        712   Library Totals
        10          0          0          0          0          0   (incl. Padding)

    ----------------------------------------------------------------------

      Code (inc. data)   RO Data    RW Data    ZI Data      Debug   Library Name

       292         16          0          0          0        276   mc_p.l
       564         20          0          0          0        436   mf_p.l

    ----------------------------------------------------------------------
       866         36          0          0          0        712   Library Totals

    ----------------------------------------------------------------------

==============================================================================


      Code (inc. data)   RO Data    RW Data    ZI Data      Debug   

      3908        324        224       2856        256     236472   Grand Totals
      3908        324        224        604        256     236472   ELF Image Totals (compressed)
      3908        324        224        604          0          0   ROM Totals

==============================================================================

    Total RO  Size (Code + RO Data)                 4132 (   4.04kB)
    Total RW  Size (RW Data + ZI Data)              3112 (   3.04kB)
    Total ROM Size (Code + RO Data + RW Data)       4736 (   4.63kB)

==============================================================================

