Component: ARM Compiler 5.06 update 6 (build 750) Tool: armlink [4d35ed]

==============================================================================

Section Cross References

    myuart.o(i.UART2_IRQHandler) refers to myuart.o(i.__NVIC_ClearPendingIRQ) for __NVIC_ClearPendingIRQ
    myuart.o(i.UART2_IRQHandler) refers to myuart.o(.data) for rx_data
    myuart.o(i.execute_data) refers to myuart.o(i.ledControl) for ledControl
    myuart.o(i.execute_data) refers to myuart.o(i.offRGB) for offRGB
    myuart.o(i.initUART2) refers to uidiv.o(.text) for __aeabi_uidivmod
    myuart.o(i.initUART2) refers to myuart.o(i.__NVIC_SetPriority) for __NVIC_SetPriority
    myuart.o(i.initUART2) refers to myuart.o(i.__NVIC_ClearPendingIRQ) for __NVIC_ClearPendingIRQ
    myuart.o(i.ledControl) refers to myuart.o(i.offRGB) for offRGB
    myuart.o(i.main) refers to system_mkl25z4.o(i.SystemCoreClockUpdate) for SystemCoreClockUpdate
    myuart.o(i.main) refers to myuart.o(i.initLED) for initLED
    myuart.o(i.main) refers to myuart.o(i.initUART2) for initUART2
    myuart.o(i.main) refers to myuart.o(i.offRGB) for offRGB
    myuart.o(i.main) refers to myuart.o(i.execute_data) for execute_data
    myuart.o(i.main) refers to myuart.o(.data) for rx_data
    startup_mkl25z4.o(RESET) refers to startup_mkl25z4.o(STACK) for __initial_sp
    startup_mkl25z4.o(RESET) refers to startup_mkl25z4.o(.text) for Reset_Handler
    startup_mkl25z4.o(RESET) refers to myuart.o(i.UART2_IRQHandler) for UART2_IRQHandler
    startup_mkl25z4.o(.text) refers to system_mkl25z4.o(i.SystemInit) for SystemInit
    startup_mkl25z4.o(.text) refers to entry.o(.ARM.Collect$$$$00000000) for __main
    system_mkl25z4.o(i.SystemCoreClockUpdate) refers to uidiv.o(.text) for __aeabi_uidivmod
    system_mkl25z4.o(i.SystemCoreClockUpdate) refers to system_mkl25z4.o(i.__ARM_common_switch8) for __ARM_common_switch8
    system_mkl25z4.o(i.SystemCoreClockUpdate) refers to system_mkl25z4.o(.data) for SystemCoreClock
    entry.o(.ARM.Collect$$$$00000000) refers (Special) to entry10a.o(.ARM.Collect$$$$0000000D) for __rt_final_cpp
    entry.o(.ARM.Collect$$$$00000000) refers (Special) to entry11a.o(.ARM.Collect$$$$0000000F) for __rt_final_exit
    entry.o(.ARM.Collect$$$$00000000) refers (Special) to entry7b.o(.ARM.Collect$$$$00000008) for _main_clock
    entry.o(.ARM.Collect$$$$00000000) refers (Special) to entry8b.o(.ARM.Collect$$$$0000000A) for _main_cpp_init
    entry.o(.ARM.Collect$$$$00000000) refers (Special) to entry9a.o(.ARM.Collect$$$$0000000B) for _main_init
    entry.o(.ARM.Collect$$$$00000000) refers (Special) to entry5.o(.ARM.Collect$$$$00000004) for _main_scatterload
    entry.o(.ARM.Collect$$$$00000000) refers (Special) to entry2.o(.ARM.Collect$$$$00000001) for _main_stk
    entry2.o(.ARM.Collect$$$$00000001) refers to entry2.o(.ARM.Collect$$$$00002712) for __lit__00000000
    entry2.o(.ARM.Collect$$$$00002712) refers to startup_mkl25z4.o(STACK) for __initial_sp
    entry2.o(__vectab_stack_and_reset_area) refers to startup_mkl25z4.o(STACK) for __initial_sp
    entry2.o(__vectab_stack_and_reset_area) refers to entry.o(.ARM.Collect$$$$00000000) for __main
    entry5.o(.ARM.Collect$$$$00000004) refers to init.o(.text) for __scatterload
    entry9a.o(.ARM.Collect$$$$0000000B) refers to myuart.o(i.main) for main
    entry9b.o(.ARM.Collect$$$$0000000C) refers to myuart.o(i.main) for main
    init.o(.text) refers to entry5.o(.ARM.Collect$$$$00000004) for __main_after_scatterload


==============================================================================

Removing Unused input sections from the image.

    Removing myuart.o(.rev16_text), (4 bytes).
    Removing myuart.o(.revsh_text), (4 bytes).
    Removing myuart.o(i.UART2_Receive_Poll), (24 bytes).
    Removing myuart.o(i.UART2_Transmit_Poll), (24 bytes).
    Removing myuart.o(i.delay), (20 bytes).
    Removing startup_mkl25z4.o(HEAP), (0 bytes).
    Removing system_mkl25z4.o(.rev16_text), (4 bytes).
    Removing system_mkl25z4.o(.revsh_text), (4 bytes).

8 unused section(s) (total 84 bytes) removed from the image.

==============================================================================

Image Symbol Table

    Local Symbols

    Symbol Name                              Value     Ov Type        Size  Object(Section)

    RESET                                    0x00000000   Section      192  startup_mkl25z4.o(RESET)
    ../clib/microlib/division.c              0x00000000   Number         0  uidiv.o ABSOLUTE
    ../clib/microlib/init/entry.s            0x00000000   Number         0  entry.o ABSOLUTE
    ../clib/microlib/init/entry.s            0x00000000   Number         0  entry11b.o ABSOLUTE
    ../clib/microlib/init/entry.s            0x00000000   Number         0  entry11a.o ABSOLUTE
    ../clib/microlib/init/entry.s            0x00000000   Number         0  entry10b.o ABSOLUTE
    ../clib/microlib/init/entry.s            0x00000000   Number         0  entry10a.o ABSOLUTE
    ../clib/microlib/init/entry.s            0x00000000   Number         0  entry9b.o ABSOLUTE
    ../clib/microlib/init/entry.s            0x00000000   Number         0  entry9a.o ABSOLUTE
    ../clib/microlib/init/entry.s            0x00000000   Number         0  entry8b.o ABSOLUTE
    ../clib/microlib/init/entry.s            0x00000000   Number         0  entry8a.o ABSOLUTE
    ../clib/microlib/init/entry.s            0x00000000   Number         0  entry7b.o ABSOLUTE
    ../clib/microlib/init/entry.s            0x00000000   Number         0  entry7a.o ABSOLUTE
    ../clib/microlib/init/entry.s            0x00000000   Number         0  entry5.o ABSOLUTE
    ../clib/microlib/init/entry.s            0x00000000   Number         0  entry2.o ABSOLUTE
    RTE\Device\MKL25Z128xxx4\startup_MKL25Z4.s 0x00000000   Number         0  startup_mkl25z4.o ABSOLUTE
    RTE\Device\MKL25Z128xxx4\system_MKL25Z4.c 0x00000000   Number         0  system_mkl25z4.o ABSOLUTE
    RTE\\Device\\MKL25Z128xxx4\\system_MKL25Z4.c 0x00000000   Number         0  system_mkl25z4.o ABSOLUTE
    dc.s                                     0x00000000   Number         0  dc.o ABSOLUTE
    handlers.s                               0x00000000   Number         0  handlers.o ABSOLUTE
    init.s                                   0x00000000   Number         0  init.o ABSOLUTE
    myUART.c                                 0x00000000   Number         0  myuart.o ABSOLUTE
    myUART.c                                 0x00000000   Number         0  myuart.o ABSOLUTE
    .ARM.Collect$$$$00000000                 0x000000c0   Section        0  entry.o(.ARM.Collect$$$$00000000)
    .ARM.Collect$$$$00000001                 0x000000c0   Section        4  entry2.o(.ARM.Collect$$$$00000001)
    .ARM.Collect$$$$00000004                 0x000000c4   Section        4  entry5.o(.ARM.Collect$$$$00000004)
    .ARM.Collect$$$$00000008                 0x000000c8   Section        0  entry7b.o(.ARM.Collect$$$$00000008)
    .ARM.Collect$$$$0000000A                 0x000000c8   Section        0  entry8b.o(.ARM.Collect$$$$0000000A)
    .ARM.Collect$$$$0000000B                 0x000000c8   Section        8  entry9a.o(.ARM.Collect$$$$0000000B)
    .ARM.Collect$$$$0000000D                 0x000000d0   Section        0  entry10a.o(.ARM.Collect$$$$0000000D)
    .ARM.Collect$$$$0000000F                 0x000000d0   Section        0  entry11a.o(.ARM.Collect$$$$0000000F)
    .ARM.Collect$$$$00002712                 0x000000d0   Section        4  entry2.o(.ARM.Collect$$$$00002712)
    __lit__00000000                          0x000000d0   Data           4  entry2.o(.ARM.Collect$$$$00002712)
    .text                                    0x000000d4   Section       40  startup_mkl25z4.o(.text)
    .text                                    0x000000fc   Section        0  uidiv.o(.text)
    .text                                    0x00000128   Section       36  init.o(.text)
    i.SystemCoreClockUpdate                  0x0000014c   Section        0  system_mkl25z4.o(i.SystemCoreClockUpdate)
    i.UART2_IRQHandler                       0x000002dc   Section        0  myuart.o(i.UART2_IRQHandler)
    i.__ARM_common_switch8                   0x00000308   Section        0  system_mkl25z4.o(i.__ARM_common_switch8)
    i.__NVIC_ClearPendingIRQ                 0x00000324   Section        0  myuart.o(i.__NVIC_ClearPendingIRQ)
    __NVIC_ClearPendingIRQ                   0x00000325   Thumb Code    18  myuart.o(i.__NVIC_ClearPendingIRQ)
    i.__NVIC_SetPriority                     0x0000033c   Section        0  myuart.o(i.__NVIC_SetPriority)
    __NVIC_SetPriority                       0x0000033d   Thumb Code   110  myuart.o(i.__NVIC_SetPriority)
    i.__scatterload_copy                     0x000003b4   Section       14  handlers.o(i.__scatterload_copy)
    i.__scatterload_null                     0x000003c2   Section        2  handlers.o(i.__scatterload_null)
    i.__scatterload_zeroinit                 0x000003c4   Section       14  handlers.o(i.__scatterload_zeroinit)
    i.main                                   0x000003d4   Section        0  myuart.o(i.main)
    .ARM.__at_0x400                          0x00000400   Section       16  startup_mkl25z4.o(.ARM.__at_0x400)
    i.SystemInit                             0x00000410   Section        0  system_mkl25z4.o(i.SystemInit)
    i.execute_data                           0x00000548   Section        0  myuart.o(i.execute_data)
    i.initLED                                0x000005bc   Section        0  myuart.o(i.initLED)
    i.initUART2                              0x00000648   Section        0  myuart.o(i.initUART2)
    i.ledControl                             0x00000720   Section        0  myuart.o(i.ledControl)
    i.offRGB                                 0x000007b4   Section        0  myuart.o(i.offRGB)
    .data                                    0x1ffff000   Section        1  myuart.o(.data)
    .data                                    0x1ffff004   Section        4  system_mkl25z4.o(.data)
    STACK                                    0x1ffff008   Section      256  startup_mkl25z4.o(STACK)

    Global Symbols

    Symbol Name                              Value     Ov Type        Size  Object(Section)

    BuildAttributes$$THM_ISAv3M$S$PE$A:L22$X:L11$S22$IEEE1$IW$USESV6$~STKCKD$USESV7$~SHL$OSPACE$EBA8$MICROLIB$REQ8$PRES8$EABIv2 0x00000000   Number         0  anon$$obj.o ABSOLUTE
    __ARM_use_no_argv                        0x00000000   Number         0  myuart.o ABSOLUTE
    __Vectors                                0x00000000   Data           4  startup_mkl25z4.o(RESET)
    __cpp_initialize__aeabi_                  - Undefined Weak Reference
    __cxa_finalize                            - Undefined Weak Reference
    __decompress                              - Undefined Weak Reference
    _clock_init                               - Undefined Weak Reference
    _microlib_exit                            - Undefined Weak Reference
    __Vectors_End                            0x000000c0   Data           0  startup_mkl25z4.o(RESET)
    __Vectors_Size                           0x000000c0   Number         0  startup_mkl25z4.o ABSOLUTE
    __main                                   0x000000c1   Thumb Code     0  entry.o(.ARM.Collect$$$$00000000)
    _main_stk                                0x000000c1   Thumb Code     0  entry2.o(.ARM.Collect$$$$00000001)
    _main_scatterload                        0x000000c5   Thumb Code     0  entry5.o(.ARM.Collect$$$$00000004)
    __main_after_scatterload                 0x000000c9   Thumb Code     0  entry5.o(.ARM.Collect$$$$00000004)
    _main_clock                              0x000000c9   Thumb Code     0  entry7b.o(.ARM.Collect$$$$00000008)
    _main_cpp_init                           0x000000c9   Thumb Code     0  entry8b.o(.ARM.Collect$$$$0000000A)
    _main_init                               0x000000c9   Thumb Code     0  entry9a.o(.ARM.Collect$$$$0000000B)
    __rt_final_cpp                           0x000000d1   Thumb Code     0  entry10a.o(.ARM.Collect$$$$0000000D)
    __rt_final_exit                          0x000000d1   Thumb Code     0  entry11a.o(.ARM.Collect$$$$0000000F)
    Reset_Handler                            0x000000d5   Thumb Code    12  startup_mkl25z4.o(.text)
    NMI_Handler                              0x000000e1   Thumb Code     2  startup_mkl25z4.o(.text)
    HardFault_Handler                        0x000000e3   Thumb Code     2  startup_mkl25z4.o(.text)
    SVC_Handler                              0x000000e5   Thumb Code     2  startup_mkl25z4.o(.text)
    PendSV_Handler                           0x000000e7   Thumb Code     2  startup_mkl25z4.o(.text)
    SysTick_Handler                          0x000000e9   Thumb Code     2  startup_mkl25z4.o(.text)
    ADC0_IRQHandler                          0x000000eb   Thumb Code     0  startup_mkl25z4.o(.text)
    CMP0_IRQHandler                          0x000000eb   Thumb Code     0  startup_mkl25z4.o(.text)
    DAC0_IRQHandler                          0x000000eb   Thumb Code     0  startup_mkl25z4.o(.text)
    DMA0_IRQHandler                          0x000000eb   Thumb Code     0  startup_mkl25z4.o(.text)
    DMA1_IRQHandler                          0x000000eb   Thumb Code     0  startup_mkl25z4.o(.text)
    DMA2_IRQHandler                          0x000000eb   Thumb Code     0  startup_mkl25z4.o(.text)
    DMA3_IRQHandler                          0x000000eb   Thumb Code     0  startup_mkl25z4.o(.text)
    DefaultISR                               0x000000eb   Thumb Code     0  startup_mkl25z4.o(.text)
    FTFA_IRQHandler                          0x000000eb   Thumb Code     0  startup_mkl25z4.o(.text)
    I2C0_IRQHandler                          0x000000eb   Thumb Code     0  startup_mkl25z4.o(.text)
    I2C1_IRQHandler                          0x000000eb   Thumb Code     0  startup_mkl25z4.o(.text)
    LLWU_IRQHandler                          0x000000eb   Thumb Code     0  startup_mkl25z4.o(.text)
    LPTMR0_IRQHandler                        0x000000eb   Thumb Code     0  startup_mkl25z4.o(.text)
    LVD_LVW_IRQHandler                       0x000000eb   Thumb Code     0  startup_mkl25z4.o(.text)
    MCG_IRQHandler                           0x000000eb   Thumb Code     0  startup_mkl25z4.o(.text)
    PIT_IRQHandler                           0x000000eb   Thumb Code     0  startup_mkl25z4.o(.text)
    PORTA_IRQHandler                         0x000000eb   Thumb Code     0  startup_mkl25z4.o(.text)
    PORTD_IRQHandler                         0x000000eb   Thumb Code     0  startup_mkl25z4.o(.text)
    RTC_IRQHandler                           0x000000eb   Thumb Code     0  startup_mkl25z4.o(.text)
    RTC_Seconds_IRQHandler                   0x000000eb   Thumb Code     0  startup_mkl25z4.o(.text)
    Reserved20_IRQHandler                    0x000000eb   Thumb Code     0  startup_mkl25z4.o(.text)
    Reserved39_IRQHandler                    0x000000eb   Thumb Code     0  startup_mkl25z4.o(.text)
    Reserved45_IRQHandler                    0x000000eb   Thumb Code     0  startup_mkl25z4.o(.text)
    SPI0_IRQHandler                          0x000000eb   Thumb Code     0  startup_mkl25z4.o(.text)
    SPI1_IRQHandler                          0x000000eb   Thumb Code     0  startup_mkl25z4.o(.text)
    TPM0_IRQHandler                          0x000000eb   Thumb Code     0  startup_mkl25z4.o(.text)
    TPM1_IRQHandler                          0x000000eb   Thumb Code     0  startup_mkl25z4.o(.text)
    TPM2_IRQHandler                          0x000000eb   Thumb Code     0  startup_mkl25z4.o(.text)
    TSI0_IRQHandler                          0x000000eb   Thumb Code     0  startup_mkl25z4.o(.text)
    UART0_IRQHandler                         0x000000eb   Thumb Code     0  startup_mkl25z4.o(.text)
    UART1_IRQHandler                         0x000000eb   Thumb Code     0  startup_mkl25z4.o(.text)
    USB0_IRQHandler                          0x000000eb   Thumb Code     0  startup_mkl25z4.o(.text)
    __aeabi_uidiv                            0x000000fd   Thumb Code     0  uidiv.o(.text)
    __aeabi_uidivmod                         0x000000fd   Thumb Code    44  uidiv.o(.text)
    __scatterload                            0x00000129   Thumb Code    28  init.o(.text)
    __scatterload_rt2                        0x00000129   Thumb Code     0  init.o(.text)
    SystemCoreClockUpdate                    0x0000014d   Thumb Code   372  system_mkl25z4.o(i.SystemCoreClockUpdate)
    UART2_IRQHandler                         0x000002dd   Thumb Code    34  myuart.o(i.UART2_IRQHandler)
    __ARM_common_switch8                     0x00000309   Thumb Code    28  system_mkl25z4.o(i.__ARM_common_switch8)
    __scatterload_copy                       0x000003b5   Thumb Code    14  handlers.o(i.__scatterload_copy)
    __scatterload_null                       0x000003c3   Thumb Code     2  handlers.o(i.__scatterload_null)
    __scatterload_zeroinit                   0x000003c5   Thumb Code    14  handlers.o(i.__scatterload_zeroinit)
    main                                     0x000003d5   Thumb Code    32  myuart.o(i.main)
    SystemInit                               0x00000411   Thumb Code   266  system_mkl25z4.o(i.SystemInit)
    execute_data                             0x00000549   Thumb Code   116  myuart.o(i.execute_data)
    initLED                                  0x000005bd   Thumb Code   124  myuart.o(i.initLED)
    initUART2                                0x00000649   Thumb Code   194  myuart.o(i.initUART2)
    ledControl                               0x00000721   Thumb Code   142  myuart.o(i.ledControl)
    offRGB                                   0x000007b5   Thumb Code    18  myuart.o(i.offRGB)
    Region$$Table$$Base                      0x000007cc   Number         0  anon$$obj.o(Region$$Table)
    Region$$Table$$Limit                     0x000007ec   Number         0  anon$$obj.o(Region$$Table)
    rx_data                                  0x1ffff000   Data           1  myuart.o(.data)
    SystemCoreClock                          0x1ffff004   Data           4  system_mkl25z4.o(.data)
    __initial_sp                             0x1ffff108   Data           0  startup_mkl25z4.o(STACK)



==============================================================================

Memory Map of the image

  Image Entry point : 0x000000d5

  Load Region LR_1 (Base: 0x00000000, Size: 0x000007f4, Max: 0xffffffff, ABSOLUTE)

    Execution Region ER_RO (Exec base: 0x00000000, Load base: 0x00000000, Size: 0x000007ec, Max: 0xffffffff, ABSOLUTE)

    Exec Addr    Load Addr    Size         Type   Attr      Idx    E Section Name        Object

    0x00000000   0x00000000   0x000000c0   Data   RO          114    RESET               startup_mkl25z4.o
    0x000000c0   0x000000c0   0x00000000   Code   RO          159  * .ARM.Collect$$$$00000000  mc_p.l(entry.o)
    0x000000c0   0x000000c0   0x00000004   Code   RO          164    .ARM.Collect$$$$00000001  mc_p.l(entry2.o)
    0x000000c4   0x000000c4   0x00000004   Code   RO          167    .ARM.Collect$$$$00000004  mc_p.l(entry5.o)
    0x000000c8   0x000000c8   0x00000000   Code   RO          169    .ARM.Collect$$$$00000008  mc_p.l(entry7b.o)
    0x000000c8   0x000000c8   0x00000000   Code   RO          171    .ARM.Collect$$$$0000000A  mc_p.l(entry8b.o)
    0x000000c8   0x000000c8   0x00000008   Code   RO          172    .ARM.Collect$$$$0000000B  mc_p.l(entry9a.o)
    0x000000d0   0x000000d0   0x00000000   Code   RO          174    .ARM.Collect$$$$0000000D  mc_p.l(entry10a.o)
    0x000000d0   0x000000d0   0x00000000   Code   RO          176    .ARM.Collect$$$$0000000F  mc_p.l(entry11a.o)
    0x000000d0   0x000000d0   0x00000004   Code   RO          165    .ARM.Collect$$$$00002712  mc_p.l(entry2.o)
    0x000000d4   0x000000d4   0x00000028   Code   RO          116  * .text               startup_mkl25z4.o
    0x000000fc   0x000000fc   0x0000002c   Code   RO          162    .text               mc_p.l(uidiv.o)
    0x00000128   0x00000128   0x00000024   Code   RO          178    .text               mc_p.l(init.o)
    0x0000014c   0x0000014c   0x00000190   Code   RO          124    i.SystemCoreClockUpdate  system_mkl25z4.o
    0x000002dc   0x000002dc   0x0000002c   Code   RO            3    i.UART2_IRQHandler  myuart.o
    0x00000308   0x00000308   0x0000001c   Code   RO          148    i.__ARM_common_switch8  system_mkl25z4.o
    0x00000324   0x00000324   0x00000018   Code   RO            6    i.__NVIC_ClearPendingIRQ  myuart.o
    0x0000033c   0x0000033c   0x00000078   Code   RO            7    i.__NVIC_SetPriority  myuart.o
    0x000003b4   0x000003b4   0x0000000e   Code   RO          182    i.__scatterload_copy  mc_p.l(handlers.o)
    0x000003c2   0x000003c2   0x00000002   Code   RO          183    i.__scatterload_null  mc_p.l(handlers.o)
    0x000003c4   0x000003c4   0x0000000e   Code   RO          184    i.__scatterload_zeroinit  mc_p.l(handlers.o)
    0x000003d2   0x000003d2   0x00000002   PAD
    0x000003d4   0x000003d4   0x00000024   Code   RO           13    i.main              myuart.o
    0x000003f8   0x000003f8   0x00000008   PAD
    0x00000400   0x00000400   0x00000010   Code   RO          115    .ARM.__at_0x400     startup_mkl25z4.o
    0x00000410   0x00000410   0x00000138   Code   RO          125    i.SystemInit        system_mkl25z4.o
    0x00000548   0x00000548   0x00000074   Code   RO            9    i.execute_data      myuart.o
    0x000005bc   0x000005bc   0x0000008c   Code   RO           10    i.initLED           myuart.o
    0x00000648   0x00000648   0x000000d8   Code   RO           11    i.initUART2         myuart.o
    0x00000720   0x00000720   0x00000094   Code   RO           12    i.ledControl        myuart.o
    0x000007b4   0x000007b4   0x00000018   Code   RO           14    i.offRGB            myuart.o
    0x000007cc   0x000007cc   0x00000020   Data   RO          180    Region$$Table       anon$$obj.o


    Execution Region ER_RW (Exec base: 0x1ffff000, Load base: 0x000007ec, Size: 0x00000008, Max: 0xffffffff, ABSOLUTE)

    Exec Addr    Load Addr    Size         Type   Attr      Idx    E Section Name        Object

    0x1ffff000   0x000007ec   0x00000001   Data   RW           15    .data               myuart.o
    0x1ffff001   0x000007ed   0x00000003   PAD
    0x1ffff004   0x000007f0   0x00000004   Data   RW          126    .data               system_mkl25z4.o


    Execution Region ER_ZI (Exec base: 0x1ffff008, Load base: 0x000007f4, Size: 0x00000100, Max: 0xffffffff, ABSOLUTE)

    Exec Addr    Load Addr    Size         Type   Attr      Idx    E Section Name        Object

    0x1ffff008        -       0x00000100   Zero   RW          112    STACK               startup_mkl25z4.o


==============================================================================

Image component sizes


      Code (inc. data)   RO Data    RW Data    ZI Data      Debug   Object Name

       868         80          0          1          0     229451   myuart.o
        56         30        192          0        256        852   startup_mkl25z4.o
       740         84          0          4          0       1707   system_mkl25z4.o

    ----------------------------------------------------------------------
      1672        202        224          8        256     232010   Object Totals
         0          0         32          0          0          0   (incl. Generated)
         8          8          0          3          0          0   (incl. Padding)

    ----------------------------------------------------------------------

      Code (inc. data)   RO Data    RW Data    ZI Data      Debug   Library Member Name

         0          0          0          0          0          0   entry.o
         0          0          0          0          0          0   entry10a.o
         0          0          0          0          0          0   entry11a.o
         8          4          0          0          0          0   entry2.o
         4          0          0          0          0          0   entry5.o
         0          0          0          0          0          0   entry7b.o
         0          0          0          0          0          0   entry8b.o
         8          4          0          0          0          0   entry9a.o
        30          0          0          0          0          0   handlers.o
        36          8          0          0          0         68   init.o
        44          0          0          0          0         72   uidiv.o

    ----------------------------------------------------------------------
       132         16          0          0          0        140   Library Totals
         2          0          0          0          0          0   (incl. Padding)

    ----------------------------------------------------------------------

      Code (inc. data)   RO Data    RW Data    ZI Data      Debug   Library Name

       130         16          0          0          0        140   mc_p.l

    ----------------------------------------------------------------------
       132         16          0          0          0        140   Library Totals

    ----------------------------------------------------------------------

==============================================================================


      Code (inc. data)   RO Data    RW Data    ZI Data      Debug   

      1804        218        224          8        256     231862   Grand Totals
      1804        218        224          8        256     231862   ELF Image Totals
      1804        218        224          8          0          0   ROM Totals

==============================================================================

    Total RO  Size (Code + RO Data)                 2028 (   1.98kB)
    Total RW  Size (RW Data + ZI Data)               264 (   0.26kB)
    Total ROM Size (Code + RO Data + RW Data)       2036 (   1.99kB)

==============================================================================

