Component: ARM Compiler 5.06 update 6 (build 750) Tool: armlink [4d35ed]

==============================================================================

Section Cross References

    mypwm.o(i.delay100) refers to mypwm.o(i.delay) for delay
    mypwm.o(i.ledControl) refers to mypwm.o(i.clearRGB) for clearRGB
    mypwm.o(i.main) refers to system_mkl25z4.o(i.SystemCoreClockUpdate) for SystemCoreClockUpdate
    mypwm.o(i.main) refers to mypwm.o(i.initLED) for initLED
    mypwm.o(i.main) refers to mypwm.o(i.initPWM) for initPWM
    mypwm.o(i.main) refers to mypwm.o(i.playSong) for playSong
    mypwm.o(i.main) refers to mypwm.o(.data) for spideman_length
    mypwm.o(i.playNote) refers to mypwm.o(i.clearRGB) for clearRGB
    mypwm.o(i.playNote) refers to idiv.o(.text) for __aeabi_idivmod
    mypwm.o(i.playNote) refers to mypwm.o(i.ledControl) for ledControl
    mypwm.o(i.playNote) refers to uidiv.o(.text) for __aeabi_uidivmod
    mypwm.o(i.playNote) refers to dfltui.o(.text) for __aeabi_ui2d
    mypwm.o(i.playNote) refers to ddiv.o(.text) for __aeabi_ddiv
    mypwm.o(i.playNote) refers to dfixui.o(.text) for __aeabi_d2uiz
    mypwm.o(i.playNote) refers to mypwm.o(.data) for led_mapping
    mypwm.o(i.playSong) refers to mypwm.o(i.playNote) for playNote
    mypwm.o(i.playSong) refers to mypwm.o(i.delay) for delay
    mypwm.o(i.playSong) refers to mypwm.o(.data) for tempo
    startup_mkl25z4.o(RESET) refers to startup_mkl25z4.o(STACK) for __initial_sp
    startup_mkl25z4.o(RESET) refers to startup_mkl25z4.o(.text) for Reset_Handler
    startup_mkl25z4.o(.text) refers to system_mkl25z4.o(i.SystemInit) for SystemInit
    startup_mkl25z4.o(.text) refers to entry.o(.ARM.Collect$$$$00000000) for __main
    system_mkl25z4.o(i.SystemCoreClockUpdate) refers to uidiv.o(.text) for __aeabi_uidivmod
    system_mkl25z4.o(i.SystemCoreClockUpdate) refers to system_mkl25z4.o(i.__ARM_common_switch8) for __ARM_common_switch8
    system_mkl25z4.o(i.SystemCoreClockUpdate) refers to system_mkl25z4.o(.data) for SystemCoreClock
    entry.o(.ARM.Collect$$$$00000000) refers (Special) to entry10a.o(.ARM.Collect$$$$0000000D) for __rt_final_cpp
    entry.o(.ARM.Collect$$$$00000000) refers (Special) to entry11a.o(.ARM.Collect$$$$0000000F) for __rt_final_exit
    entry.o(.ARM.Collect$$$$00000000) refers (Special) to entry7b.o(.ARM.Collect$$$$00000008) for _main_clock
    entry.o(.ARM.Collect$$$$00000000) refers (Special) to entry8b.o(.ARM.Collect$$$$0000000A) for _main_cpp_init
    entry.o(.ARM.Collect$$$$00000000) refers (Special) to entry9a.o(.ARM.Collect$$$$0000000B) for _main_init
    entry.o(.ARM.Collect$$$$00000000) refers (Special) to entry5.o(.ARM.Collect$$$$00000004) for _main_scatterload
    entry.o(.ARM.Collect$$$$00000000) refers (Special) to entry2.o(.ARM.Collect$$$$00000001) for _main_stk
    idiv.o(.text) refers to uidiv.o(.text) for __aeabi_uidivmod
    ddiv.o(.text) refers (Special) to iusefp.o(.text) for __I$use$fp
    ddiv.o(.text) refers to depilogue.o(.text) for _double_round
    dfltui.o(.text) refers (Special) to iusefp.o(.text) for __I$use$fp
    dfltui.o(.text) refers to depilogue.o(.text) for _double_epilogue
    dfixui.o(.text) refers (Special) to iusefp.o(.text) for __I$use$fp
    dfixui.o(.text) refers to llushr.o(.text) for __aeabi_llsr
    entry2.o(.ARM.Collect$$$$00000001) refers to entry2.o(.ARM.Collect$$$$00002712) for __lit__00000000
    entry2.o(.ARM.Collect$$$$00002712) refers to startup_mkl25z4.o(STACK) for __initial_sp
    entry2.o(__vectab_stack_and_reset_area) refers to startup_mkl25z4.o(STACK) for __initial_sp
    entry2.o(__vectab_stack_and_reset_area) refers to entry.o(.ARM.Collect$$$$00000000) for __main
    entry5.o(.ARM.Collect$$$$00000004) refers to init.o(.text) for __scatterload
    entry9a.o(.ARM.Collect$$$$0000000B) refers to mypwm.o(i.main) for main
    entry9b.o(.ARM.Collect$$$$0000000C) refers to mypwm.o(i.main) for main
    depilogue.o(.text) refers to depilogue.o(i.__ARM_clz) for __ARM_clz
    depilogue.o(.text) refers to llshl.o(.text) for __aeabi_llsl
    depilogue.o(.text) refers to llushr.o(.text) for __aeabi_llsr
    init.o(.text) refers to entry5.o(.ARM.Collect$$$$00000004) for __main_after_scatterload


==============================================================================

Removing Unused input sections from the image.

    Removing mypwm.o(.rev16_text), (4 bytes).
    Removing mypwm.o(.revsh_text), (4 bytes).
    Removing mypwm.o(i.delay100), (20 bytes).
    Removing startup_mkl25z4.o(HEAP), (0 bytes).
    Removing system_mkl25z4.o(.rev16_text), (4 bytes).
    Removing system_mkl25z4.o(.revsh_text), (4 bytes).

6 unused section(s) (total 36 bytes) removed from the image.

==============================================================================

Image Symbol Table

    Local Symbols

    Symbol Name                              Value     Ov Type        Size  Object(Section)

    RESET                                    0x00000000   Section      192  startup_mkl25z4.o(RESET)
    ../clib/../cmprslib/zerorunl2.c          0x00000000   Number         0  __dczerorl2.o ABSOLUTE
    ../clib/microlib/division.c              0x00000000   Number         0  uidiv.o ABSOLUTE
    ../clib/microlib/division.c              0x00000000   Number         0  idiv.o ABSOLUTE
    ../clib/microlib/init/entry.s            0x00000000   Number         0  entry7b.o ABSOLUTE
    ../clib/microlib/init/entry.s            0x00000000   Number         0  entry7a.o ABSOLUTE
    ../clib/microlib/init/entry.s            0x00000000   Number         0  entry5.o ABSOLUTE
    ../clib/microlib/init/entry.s            0x00000000   Number         0  entry2.o ABSOLUTE
    ../clib/microlib/init/entry.s            0x00000000   Number         0  entry8b.o ABSOLUTE
    ../clib/microlib/init/entry.s            0x00000000   Number         0  entry11b.o ABSOLUTE
    ../clib/microlib/init/entry.s            0x00000000   Number         0  entry11a.o ABSOLUTE
    ../clib/microlib/init/entry.s            0x00000000   Number         0  entry10b.o ABSOLUTE
    ../clib/microlib/init/entry.s            0x00000000   Number         0  entry10a.o ABSOLUTE
    ../clib/microlib/init/entry.s            0x00000000   Number         0  entry.o ABSOLUTE
    ../clib/microlib/init/entry.s            0x00000000   Number         0  entry9b.o ABSOLUTE
    ../clib/microlib/init/entry.s            0x00000000   Number         0  entry9a.o ABSOLUTE
    ../clib/microlib/init/entry.s            0x00000000   Number         0  entry8a.o ABSOLUTE
    ../clib/microlib/longlong.c              0x00000000   Number         0  llshl.o ABSOLUTE
    ../clib/microlib/longlong.c              0x00000000   Number         0  llushr.o ABSOLUTE
    ../clib/microlib/stubs.s                 0x00000000   Number         0  iusefp.o ABSOLUTE
    ../fplib/microlib/fpdiv.c                0x00000000   Number         0  ddiv.o ABSOLUTE
    ../fplib/microlib/fpepilogue.c           0x00000000   Number         0  depilogue.o ABSOLUTE
    ../fplib/microlib/fpfix.c                0x00000000   Number         0  dfixui.o ABSOLUTE
    ../fplib/microlib/fpflt.c                0x00000000   Number         0  dfltui.o ABSOLUTE
    RTE\Device\MKL25Z128xxx4\startup_MKL25Z4.s 0x00000000   Number         0  startup_mkl25z4.o ABSOLUTE
    RTE\Device\MKL25Z128xxx4\system_MKL25Z4.c 0x00000000   Number         0  system_mkl25z4.o ABSOLUTE
    RTE\\Device\\MKL25Z128xxx4\\system_MKL25Z4.c 0x00000000   Number         0  system_mkl25z4.o ABSOLUTE
    dc.s                                     0x00000000   Number         0  dc.o ABSOLUTE
    handlers.s                               0x00000000   Number         0  handlers.o ABSOLUTE
    init.s                                   0x00000000   Number         0  init.o ABSOLUTE
    myPWM.c                                  0x00000000   Number         0  mypwm.o ABSOLUTE
    myPWM.c                                  0x00000000   Number         0  mypwm.o ABSOLUTE
    .ARM.Collect$$$$00000000                 0x000000c0   Section        0  entry.o(.ARM.Collect$$$$00000000)
    .ARM.Collect$$$$00000001                 0x000000c0   Section        4  entry2.o(.ARM.Collect$$$$00000001)
    .ARM.Collect$$$$00000004                 0x000000c4   Section        4  entry5.o(.ARM.Collect$$$$00000004)
    .ARM.Collect$$$$00000008                 0x000000c8   Section        0  entry7b.o(.ARM.Collect$$$$00000008)
    .ARM.Collect$$$$0000000A                 0x000000c8   Section        0  entry8b.o(.ARM.Collect$$$$0000000A)
    .ARM.Collect$$$$0000000B                 0x000000c8   Section        8  entry9a.o(.ARM.Collect$$$$0000000B)
    .ARM.Collect$$$$0000000D                 0x000000d0   Section        0  entry10a.o(.ARM.Collect$$$$0000000D)
    .ARM.Collect$$$$0000000F                 0x000000d0   Section        0  entry11a.o(.ARM.Collect$$$$0000000F)
    .ARM.Collect$$$$00002712                 0x000000d0   Section        4  entry2.o(.ARM.Collect$$$$00002712)
    __lit__00000000                          0x000000d0   Data           4  entry2.o(.ARM.Collect$$$$00002712)
    .text                                    0x000000d4   Section       40  startup_mkl25z4.o(.text)
    .text                                    0x000000fc   Section        0  uidiv.o(.text)
    .text                                    0x00000128   Section        0  idiv.o(.text)
    .text                                    0x00000150   Section        0  ddiv.o(.text)
    .text                                    0x00000240   Section        0  dfltui.o(.text)
    .text                                    0x0000025c   Section        0  dfixui.o(.text)
    .text                                    0x00000298   Section        0  llushr.o(.text)
    .text                                    0x000002ba   Section        0  depilogue.o(.text)
    .text                                    0x000002ba   Section        0  iusefp.o(.text)
    .text                                    0x00000378   Section       36  init.o(.text)
    .text                                    0x0000039c   Section        0  llshl.o(.text)
    i.__ARM_clz                              0x000003bc   Section        0  depilogue.o(i.__ARM_clz)
    i.__scatterload_copy                     0x000003ea   Section       14  handlers.o(i.__scatterload_copy)
    i.__scatterload_null                     0x000003f8   Section        2  handlers.o(i.__scatterload_null)
    .ARM.__at_0x400                          0x00000400   Section       16  startup_mkl25z4.o(.ARM.__at_0x400)
    .text                                    0x00000410   Section        0  __dczerorl2.o(.text)
    i.SystemCoreClockUpdate                  0x00000468   Section        0  system_mkl25z4.o(i.SystemCoreClockUpdate)
    i.SystemInit                             0x000005f8   Section        0  system_mkl25z4.o(i.SystemInit)
    i.__ARM_common_switch8                   0x00000730   Section        0  system_mkl25z4.o(i.__ARM_common_switch8)
    i.__scatterload_zeroinit                 0x0000074c   Section       14  handlers.o(i.__scatterload_zeroinit)
    i.clearRGB                               0x0000075c   Section        0  mypwm.o(i.clearRGB)
    i.delay                                  0x00000774   Section        0  mypwm.o(i.delay)
    delay                                    0x00000775   Thumb Code    20  mypwm.o(i.delay)
    i.initLED                                0x00000788   Section        0  mypwm.o(i.initLED)
    i.initPWM                                0x00000814   Section        0  mypwm.o(i.initPWM)
    i.ledControl                             0x000008f0   Section        0  mypwm.o(i.ledControl)
    i.main                                   0x00000944   Section        0  mypwm.o(i.main)
    i.playNote                               0x00000980   Section        0  mypwm.o(i.playNote)
    i.playSong                               0x00000a24   Section        0  mypwm.o(i.playSong)
    .data                                    0x1ffff000   Section      352  mypwm.o(.data)
    .data                                    0x1ffff160   Section        4  system_mkl25z4.o(.data)
    STACK                                    0x1ffff168   Section      256  startup_mkl25z4.o(STACK)

    Global Symbols

    Symbol Name                              Value     Ov Type        Size  Object(Section)

    BuildAttributes$$THM_ISAv3M$S$PE$A:L22$X:L11$S22$IEEE1$IW$USESV6$~STKCKD$USESV7$~SHL$OSPACE$ROPI$EBA8$MICROLIB$REQ8$PRES8$EABIv2 0x00000000   Number         0  anon$$obj.o ABSOLUTE
    __ARM_use_no_argv                        0x00000000   Number         0  mypwm.o ABSOLUTE
    __Vectors                                0x00000000   Data           4  startup_mkl25z4.o(RESET)
    __cpp_initialize__aeabi_                  - Undefined Weak Reference
    __cxa_finalize                            - Undefined Weak Reference
    _clock_init                               - Undefined Weak Reference
    _microlib_exit                            - Undefined Weak Reference
    __Vectors_End                            0x000000c0   Data           0  startup_mkl25z4.o(RESET)
    __Vectors_Size                           0x000000c0   Number         0  startup_mkl25z4.o ABSOLUTE
    __main                                   0x000000c1   Thumb Code     0  entry.o(.ARM.Collect$$$$00000000)
    _main_stk                                0x000000c1   Thumb Code     0  entry2.o(.ARM.Collect$$$$00000001)
    _main_scatterload                        0x000000c5   Thumb Code     0  entry5.o(.ARM.Collect$$$$00000004)
    __main_after_scatterload                 0x000000c9   Thumb Code     0  entry5.o(.ARM.Collect$$$$00000004)
    _main_clock                              0x000000c9   Thumb Code     0  entry7b.o(.ARM.Collect$$$$00000008)
    _main_cpp_init                           0x000000c9   Thumb Code     0  entry8b.o(.ARM.Collect$$$$0000000A)
    _main_init                               0x000000c9   Thumb Code     0  entry9a.o(.ARM.Collect$$$$0000000B)
    __rt_final_cpp                           0x000000d1   Thumb Code     0  entry10a.o(.ARM.Collect$$$$0000000D)
    __rt_final_exit                          0x000000d1   Thumb Code     0  entry11a.o(.ARM.Collect$$$$0000000F)
    Reset_Handler                            0x000000d5   Thumb Code    12  startup_mkl25z4.o(.text)
    NMI_Handler                              0x000000e1   Thumb Code     2  startup_mkl25z4.o(.text)
    HardFault_Handler                        0x000000e3   Thumb Code     2  startup_mkl25z4.o(.text)
    SVC_Handler                              0x000000e5   Thumb Code     2  startup_mkl25z4.o(.text)
    PendSV_Handler                           0x000000e7   Thumb Code     2  startup_mkl25z4.o(.text)
    SysTick_Handler                          0x000000e9   Thumb Code     2  startup_mkl25z4.o(.text)
    ADC0_IRQHandler                          0x000000eb   Thumb Code     0  startup_mkl25z4.o(.text)
    CMP0_IRQHandler                          0x000000eb   Thumb Code     0  startup_mkl25z4.o(.text)
    DAC0_IRQHandler                          0x000000eb   Thumb Code     0  startup_mkl25z4.o(.text)
    DMA0_IRQHandler                          0x000000eb   Thumb Code     0  startup_mkl25z4.o(.text)
    DMA1_IRQHandler                          0x000000eb   Thumb Code     0  startup_mkl25z4.o(.text)
    DMA2_IRQHandler                          0x000000eb   Thumb Code     0  startup_mkl25z4.o(.text)
    DMA3_IRQHandler                          0x000000eb   Thumb Code     0  startup_mkl25z4.o(.text)
    DefaultISR                               0x000000eb   Thumb Code     0  startup_mkl25z4.o(.text)
    FTFA_IRQHandler                          0x000000eb   Thumb Code     0  startup_mkl25z4.o(.text)
    I2C0_IRQHandler                          0x000000eb   Thumb Code     0  startup_mkl25z4.o(.text)
    I2C1_IRQHandler                          0x000000eb   Thumb Code     0  startup_mkl25z4.o(.text)
    LLWU_IRQHandler                          0x000000eb   Thumb Code     0  startup_mkl25z4.o(.text)
    LPTMR0_IRQHandler                        0x000000eb   Thumb Code     0  startup_mkl25z4.o(.text)
    LVD_LVW_IRQHandler                       0x000000eb   Thumb Code     0  startup_mkl25z4.o(.text)
    MCG_IRQHandler                           0x000000eb   Thumb Code     0  startup_mkl25z4.o(.text)
    PIT_IRQHandler                           0x000000eb   Thumb Code     0  startup_mkl25z4.o(.text)
    PORTA_IRQHandler                         0x000000eb   Thumb Code     0  startup_mkl25z4.o(.text)
    PORTD_IRQHandler                         0x000000eb   Thumb Code     0  startup_mkl25z4.o(.text)
    RTC_IRQHandler                           0x000000eb   Thumb Code     0  startup_mkl25z4.o(.text)
    RTC_Seconds_IRQHandler                   0x000000eb   Thumb Code     0  startup_mkl25z4.o(.text)
    Reserved20_IRQHandler                    0x000000eb   Thumb Code     0  startup_mkl25z4.o(.text)
    Reserved39_IRQHandler                    0x000000eb   Thumb Code     0  startup_mkl25z4.o(.text)
    Reserved45_IRQHandler                    0x000000eb   Thumb Code     0  startup_mkl25z4.o(.text)
    SPI0_IRQHandler                          0x000000eb   Thumb Code     0  startup_mkl25z4.o(.text)
    SPI1_IRQHandler                          0x000000eb   Thumb Code     0  startup_mkl25z4.o(.text)
    TPM0_IRQHandler                          0x000000eb   Thumb Code     0  startup_mkl25z4.o(.text)
    TPM1_IRQHandler                          0x000000eb   Thumb Code     0  startup_mkl25z4.o(.text)
    TPM2_IRQHandler                          0x000000eb   Thumb Code     0  startup_mkl25z4.o(.text)
    TSI0_IRQHandler                          0x000000eb   Thumb Code     0  startup_mkl25z4.o(.text)
    UART0_IRQHandler                         0x000000eb   Thumb Code     0  startup_mkl25z4.o(.text)
    UART1_IRQHandler                         0x000000eb   Thumb Code     0  startup_mkl25z4.o(.text)
    UART2_IRQHandler                         0x000000eb   Thumb Code     0  startup_mkl25z4.o(.text)
    USB0_IRQHandler                          0x000000eb   Thumb Code     0  startup_mkl25z4.o(.text)
    __aeabi_uidiv                            0x000000fd   Thumb Code     0  uidiv.o(.text)
    __aeabi_uidivmod                         0x000000fd   Thumb Code    44  uidiv.o(.text)
    __aeabi_idiv                             0x00000129   Thumb Code     0  idiv.o(.text)
    __aeabi_idivmod                          0x00000129   Thumb Code    40  idiv.o(.text)
    __aeabi_ddiv                             0x00000151   Thumb Code   234  ddiv.o(.text)
    __aeabi_ui2d                             0x00000241   Thumb Code    24  dfltui.o(.text)
    __aeabi_d2uiz                            0x0000025d   Thumb Code    50  dfixui.o(.text)
    __aeabi_llsr                             0x00000299   Thumb Code    34  llushr.o(.text)
    _ll_ushift_r                             0x00000299   Thumb Code     0  llushr.o(.text)
    __I$use$fp                               0x000002bb   Thumb Code     0  iusefp.o(.text)
    _double_round                            0x000002bb   Thumb Code    26  depilogue.o(.text)
    _double_epilogue                         0x000002d5   Thumb Code   164  depilogue.o(.text)
    __scatterload                            0x00000379   Thumb Code    28  init.o(.text)
    __scatterload_rt2                        0x00000379   Thumb Code     0  init.o(.text)
    __aeabi_llsl                             0x0000039d   Thumb Code    32  llshl.o(.text)
    _ll_shift_l                              0x0000039d   Thumb Code     0  llshl.o(.text)
    __ARM_clz                                0x000003bd   Thumb Code    46  depilogue.o(i.__ARM_clz)
    __scatterload_copy                       0x000003eb   Thumb Code    14  handlers.o(i.__scatterload_copy)
    __scatterload_null                       0x000003f9   Thumb Code     2  handlers.o(i.__scatterload_null)
    __decompress                             0x00000411   Thumb Code     0  __dczerorl2.o(.text)
    __decompress1                            0x00000411   Thumb Code    86  __dczerorl2.o(.text)
    SystemCoreClockUpdate                    0x00000469   Thumb Code   372  system_mkl25z4.o(i.SystemCoreClockUpdate)
    SystemInit                               0x000005f9   Thumb Code   266  system_mkl25z4.o(i.SystemInit)
    __ARM_common_switch8                     0x00000731   Thumb Code    28  system_mkl25z4.o(i.__ARM_common_switch8)
    __scatterload_zeroinit                   0x0000074d   Thumb Code    14  handlers.o(i.__scatterload_zeroinit)
    clearRGB                                 0x0000075d   Thumb Code    18  mypwm.o(i.clearRGB)
    initLED                                  0x00000789   Thumb Code   124  mypwm.o(i.initLED)
    initPWM                                  0x00000815   Thumb Code   200  mypwm.o(i.initPWM)
    ledControl                               0x000008f1   Thumb Code    70  mypwm.o(i.ledControl)
    main                                     0x00000945   Thumb Code    38  mypwm.o(i.main)
    playNote                                 0x00000981   Thumb Code   140  mypwm.o(i.playNote)
    playSong                                 0x00000a25   Thumb Code    44  mypwm.o(i.playSong)
    Region$$Table$$Base                      0x00000a54   Number         0  anon$$obj.o(Region$$Table)
    Region$$Table$$Limit                     0x00000a74   Number         0  anon$$obj.o(Region$$Table)
    led_mapping                              0x1ffff000   Data           3  mypwm.o(.data)
    spiderman_melody                         0x1ffff004   Data         272  mypwm.o(.data)
    spiderman_durations                      0x1ffff114   Data          68  mypwm.o(.data)
    spideman_length                          0x1ffff158   Data           4  mypwm.o(.data)
    tempo                                    0x1ffff15c   Data           4  mypwm.o(.data)
    SystemCoreClock                          0x1ffff160   Data           4  system_mkl25z4.o(.data)
    __initial_sp                             0x1ffff268   Data           0  startup_mkl25z4.o(STACK)



==============================================================================

Memory Map of the image

  Image Entry point : 0x000000d5

  Load Region LR_1 (Base: 0x00000000, Size: 0x00000bd8, Max: 0xffffffff, ABSOLUTE, COMPRESSED[0x00000ac8])

    Execution Region ER_RO (Exec base: 0x00000000, Load base: 0x00000000, Size: 0x00000a74, Max: 0xffffffff, ABSOLUTE)

    Exec Addr    Load Addr    Size         Type   Attr      Idx    E Section Name        Object

    0x00000000   0x00000000   0x000000c0   Data   RO          101    RESET               startup_mkl25z4.o
    0x000000c0   0x000000c0   0x00000000   Code   RO          143  * .ARM.Collect$$$$00000000  mc_p.l(entry.o)
    0x000000c0   0x000000c0   0x00000004   Code   RO          156    .ARM.Collect$$$$00000001  mc_p.l(entry2.o)
    0x000000c4   0x000000c4   0x00000004   Code   RO          159    .ARM.Collect$$$$00000004  mc_p.l(entry5.o)
    0x000000c8   0x000000c8   0x00000000   Code   RO          161    .ARM.Collect$$$$00000008  mc_p.l(entry7b.o)
    0x000000c8   0x000000c8   0x00000000   Code   RO          163    .ARM.Collect$$$$0000000A  mc_p.l(entry8b.o)
    0x000000c8   0x000000c8   0x00000008   Code   RO          164    .ARM.Collect$$$$0000000B  mc_p.l(entry9a.o)
    0x000000d0   0x000000d0   0x00000000   Code   RO          166    .ARM.Collect$$$$0000000D  mc_p.l(entry10a.o)
    0x000000d0   0x000000d0   0x00000000   Code   RO          168    .ARM.Collect$$$$0000000F  mc_p.l(entry11a.o)
    0x000000d0   0x000000d0   0x00000004   Code   RO          157    .ARM.Collect$$$$00002712  mc_p.l(entry2.o)
    0x000000d4   0x000000d4   0x00000028   Code   RO          103  * .text               startup_mkl25z4.o
    0x000000fc   0x000000fc   0x0000002c   Code   RO          146    .text               mc_p.l(uidiv.o)
    0x00000128   0x00000128   0x00000028   Code   RO          148    .text               mc_p.l(idiv.o)
    0x00000150   0x00000150   0x000000f0   Code   RO          150    .text               mf_p.l(ddiv.o)
    0x00000240   0x00000240   0x0000001c   Code   RO          152    .text               mf_p.l(dfltui.o)
    0x0000025c   0x0000025c   0x0000003c   Code   RO          154    .text               mf_p.l(dfixui.o)
    0x00000298   0x00000298   0x00000022   Code   RO          170    .text               mc_p.l(llushr.o)
    0x000002ba   0x000002ba   0x00000000   Code   RO          172    .text               mc_p.l(iusefp.o)
    0x000002ba   0x000002ba   0x000000be   Code   RO          173    .text               mf_p.l(depilogue.o)
    0x00000378   0x00000378   0x00000024   Code   RO          177    .text               mc_p.l(init.o)
    0x0000039c   0x0000039c   0x00000020   Code   RO          179    .text               mc_p.l(llshl.o)
    0x000003bc   0x000003bc   0x0000002e   Code   RO          175    i.__ARM_clz         mf_p.l(depilogue.o)
    0x000003ea   0x000003ea   0x0000000e   Code   RO          183    i.__scatterload_copy  mc_p.l(handlers.o)
    0x000003f8   0x000003f8   0x00000002   Code   RO          184    i.__scatterload_null  mc_p.l(handlers.o)
    0x000003fa   0x000003fa   0x00000006   PAD
    0x00000400   0x00000400   0x00000010   Code   RO          102    .ARM.__at_0x400     startup_mkl25z4.o
    0x00000410   0x00000410   0x00000056   Code   RO          189    .text               mc_p.l(__dczerorl2.o)
    0x00000466   0x00000466   0x00000002   PAD
    0x00000468   0x00000468   0x00000190   Code   RO          111    i.SystemCoreClockUpdate  system_mkl25z4.o
    0x000005f8   0x000005f8   0x00000138   Code   RO          112    i.SystemInit        system_mkl25z4.o
    0x00000730   0x00000730   0x0000001c   Code   RO          135    i.__ARM_common_switch8  system_mkl25z4.o
    0x0000074c   0x0000074c   0x0000000e   Code   RO          185    i.__scatterload_zeroinit  mc_p.l(handlers.o)
    0x0000075a   0x0000075a   0x00000002   PAD
    0x0000075c   0x0000075c   0x00000018   Code   RO            3    i.clearRGB          mypwm.o
    0x00000774   0x00000774   0x00000014   Code   RO            4    i.delay             mypwm.o
    0x00000788   0x00000788   0x0000008c   Code   RO            6    i.initLED           mypwm.o
    0x00000814   0x00000814   0x000000dc   Code   RO            7    i.initPWM           mypwm.o
    0x000008f0   0x000008f0   0x00000054   Code   RO            8    i.ledControl        mypwm.o
    0x00000944   0x00000944   0x0000003c   Code   RO            9    i.main              mypwm.o
    0x00000980   0x00000980   0x000000a4   Code   RO           10    i.playNote          mypwm.o
    0x00000a24   0x00000a24   0x00000030   Code   RO           11    i.playSong          mypwm.o
    0x00000a54   0x00000a54   0x00000020   Data   RO          181    Region$$Table       anon$$obj.o


    Execution Region ER_RW (Exec base: 0x1ffff000, Load base: 0x00000a74, Size: 0x00000164, Max: 0xffffffff, ABSOLUTE, COMPRESSED[0x00000054])

    Exec Addr    Load Addr    Size         Type   Attr      Idx    E Section Name        Object

    0x1ffff000   COMPRESSED   0x00000160   Data   RW           12    .data               mypwm.o
    0x1ffff160   COMPRESSED   0x00000004   Data   RW          113    .data               system_mkl25z4.o


    Execution Region ER_ZI (Exec base: 0x1ffff164, Load base: 0x00000ac8, Size: 0x00000104, Max: 0xffffffff, ABSOLUTE)

    Exec Addr    Load Addr    Size         Type   Attr      Idx    E Section Name        Object

    0x1ffff164   0x00000ac8   0x00000004   PAD
    0x1ffff168        -       0x00000100   Zero   RW           99    STACK               startup_mkl25z4.o


==============================================================================

Image component sizes


      Code (inc. data)   RO Data    RW Data    ZI Data      Debug   Object Name

       760        106          0        352          0       9218   mypwm.o
        56         30        192          0        256        852   startup_mkl25z4.o
       740         84          0          4          0       1703   system_mkl25z4.o

    ----------------------------------------------------------------------
      1556        220        224        356        260      11773   Object Totals
         0          0         32          0          0          0   (incl. Generated)
         0          0          0          0          4          0   (incl. Padding)

    ----------------------------------------------------------------------

      Code (inc. data)   RO Data    RW Data    ZI Data      Debug   Library Member Name

        86          0          0          0          0          0   __dczerorl2.o
         0          0          0          0          0          0   entry.o
         0          0          0          0          0          0   entry10a.o
         0          0          0          0          0          0   entry11a.o
         8          4          0          0          0          0   entry2.o
         4          0          0          0          0          0   entry5.o
         0          0          0          0          0          0   entry7b.o
         0          0          0          0          0          0   entry8b.o
         8          4          0          0          0          0   entry9a.o
        30          0          0          0          0          0   handlers.o
        40          0          0          0          0         72   idiv.o
        36          8          0          0          0         68   init.o
         0          0          0          0          0          0   iusefp.o
        32          0          0          0          0         68   llshl.o
        34          0          0          0          0         68   llushr.o
        44          0          0          0          0         72   uidiv.o
       240          6          0          0          0         84   ddiv.o
       236          0          0          0          0        216   depilogue.o
        60         10          0          0          0         68   dfixui.o
        28          4          0          0          0         68   dfltui.o

    ----------------------------------------------------------------------
       896         36          0          0          0        784   Library Totals
        10          0          0          0          0          0   (incl. Padding)

    ----------------------------------------------------------------------

      Code (inc. data)   RO Data    RW Data    ZI Data      Debug   Library Name

       322         16          0          0          0        348   mc_p.l
       564         20          0          0          0        436   mf_p.l

    ----------------------------------------------------------------------
       896         36          0          0          0        784   Library Totals

    ----------------------------------------------------------------------

==============================================================================


      Code (inc. data)   RO Data    RW Data    ZI Data      Debug   

      2452        256        224        356        260      12033   Grand Totals
      2452        256        224         84        260      12033   ELF Image Totals (compressed)
      2452        256        224         84          0          0   ROM Totals

==============================================================================

    Total RO  Size (Code + RO Data)                 2676 (   2.61kB)
    Total RW  Size (RW Data + ZI Data)               616 (   0.60kB)
    Total ROM Size (Code + RO Data + RW Data)       2760 (   2.70kB)

==============================================================================

