Component: ARM Compiler 5.06 update 6 (build 750) Tool: armlink [4d35ed]

==============================================================================

Section Cross References

    mariokart.o(i.auto_thread) refers to rtx_semaphore.o(.text.osSemaphoreAcquire) for osSemaphoreAcquire
    mariokart.o(i.auto_thread) refers to ultrasound.o(i.measureDistance) for measureDistance
    mariokart.o(i.auto_thread) refers to motors.o(i.controlWheelSpeed) for controlWheelSpeed
    mariokart.o(i.auto_thread) refers to motors.o(i.stop) for stop
    mariokart.o(i.auto_thread) refers to rtx_delay.o(.text.osDelay) for osDelay
    mariokart.o(i.auto_thread) refers to motors.o(i.forty_five_left) for forty_five_left
    mariokart.o(i.auto_thread) refers to motors.o(i.forward) for forward
    mariokart.o(i.auto_thread) refers to motors.o(i.ninety_right) for ninety_right
    mariokart.o(i.auto_thread) refers to mariokart.o(i.connect_sequence) for connect_sequence
    mariokart.o(i.auto_thread) refers to common.o(.data) for autoSem
    mariokart.o(i.auto_thread) refers to mariokart.o(.data) for sensor_data
    mariokart.o(i.auto_thread) refers to motors.o(.data) for ai_moving_flag
    mariokart.o(i.brain_thread) refers to rtx_semaphore.o(.text.osSemaphoreAcquire) for osSemaphoreAcquire
    mariokart.o(i.brain_thread) refers to rtx_semaphore.o(.text.osSemaphoreRelease) for osSemaphoreRelease
    mariokart.o(i.brain_thread) refers to motors.o(i.stop) for stop
    mariokart.o(i.brain_thread) refers to mariokart.o(i.connect_sequence) for connect_sequence
    mariokart.o(i.brain_thread) refers to common.o(.data) for brainSem
    mariokart.o(i.brain_thread) refers to uart.o(.data) for rx_data
    mariokart.o(i.connect_sequence) refers to music.o(i.playStartUpMusic) for playStartUpMusic
    mariokart.o(i.connect_sequence) refers to led.o(i.connectLEDSequence) for connectLEDSequence
    mariokart.o(i.debug_thread) refers to rtx_semaphore.o(.text.osSemaphoreAcquire) for osSemaphoreAcquire
    mariokart.o(i.debug_thread) refers to motors.o(i.forward) for forward
    mariokart.o(i.debug_thread) refers to motors.o(i.forty_five_left) for forty_five_left
    mariokart.o(i.debug_thread) refers to motors.o(i.forty_five_right) for forty_five_right
    mariokart.o(i.debug_thread) refers to motors.o(i.ninety_left) for ninety_left
    mariokart.o(i.debug_thread) refers to motors.o(i.ninety_right) for ninety_right
    mariokart.o(i.debug_thread) refers to motors.o(i.reverse) for reverse
    mariokart.o(i.debug_thread) refers to motors.o(i.stop) for stop
    mariokart.o(i.debug_thread) refers to common.o(.data) for debugSem
    mariokart.o(i.debug_thread) refers to uart.o(.data) for rx_data
    mariokart.o(i.debug_thread) refers to mariokart.o(.data) for FLspeed
    mariokart.o(i.led_green_thread) refers to led.o(i.onGreenLED) for onGreenLED
    mariokart.o(i.led_green_thread) refers to led.o(i.runningLED) for runningLED
    mariokart.o(i.led_green_thread) refers to uart.o(.data) for rx_data
    mariokart.o(i.led_green_thread) refers to motors.o(.data) for ai_moving_flag
    mariokart.o(i.led_red_thread) refers to led.o(i.flashRedLEDStationary) for flashRedLEDStationary
    mariokart.o(i.led_red_thread) refers to led.o(i.flashRedLEDMoving) for flashRedLEDMoving
    mariokart.o(i.led_red_thread) refers to uart.o(.data) for rx_data
    mariokart.o(i.led_red_thread) refers to motors.o(.data) for ai_moving_flag
    mariokart.o(i.main) refers to system_mkl25z4.o(i.SystemCoreClockUpdate) for SystemCoreClockUpdate
    mariokart.o(i.main) refers to led.o(i.initLEDModules) for initLEDModules
    mariokart.o(i.main) refers to uart.o(i.initUART2) for initUART2
    mariokart.o(i.main) refers to motors.o(i.initMotorsPWM) for initMotorsPWM
    mariokart.o(i.main) refers to music.o(i.initMusicPWM) for initMusicPWM
    mariokart.o(i.main) refers to ultrasound.o(i.initUltrasonic) for initUltrasonic
    mariokart.o(i.main) refers to rtx_kernel.o(.text.osKernelInitialize) for osKernelInitialize
    mariokart.o(i.main) refers to rtx_semaphore.o(.text.osSemaphoreNew) for osSemaphoreNew
    mariokart.o(i.main) refers to mariokart.o(i.connect_sequence) for connect_sequence
    mariokart.o(i.main) refers to rtx_thread.o(.text.osThreadNew) for osThreadNew
    mariokart.o(i.main) refers to rtx_kernel.o(.text.osKernelStart) for osKernelStart
    mariokart.o(i.main) refers to common.o(.data) for autoSem
    mariokart.o(i.main) refers to uart.o(.data) for rx_data
    mariokart.o(i.main) refers to mariokart.o(.constdata) for priorityAboveNormal
    mariokart.o(i.main) refers to mariokart.o(i.auto_thread) for auto_thread
    mariokart.o(i.main) refers to mariokart.o(i.brain_thread) for brain_thread
    mariokart.o(i.main) refers to mariokart.o(i.debug_thread) for debug_thread
    mariokart.o(i.main) refers to mariokart.o(i.melody_thread) for melody_thread
    mariokart.o(i.main) refers to mariokart.o(i.motor_thread) for motor_thread
[...]
    Removing rtx_msgqueue.o(.ARM.exidx.text.osMessageQueueGet), (8 bytes).
    Removing rtx_msgqueue.o(.text.osMessageQueueGetCapacity), (48 bytes).
    Removing rtx_msgqueue.o(.ARM.exidx.text.osMessageQueueGetCapacity), (8 bytes).
    Removing rtx_msgqueue.o(.text.svcRtxMessageQueueGetCapacity), (18 bytes).
    Removing rtx_msgqueue.o(.ARM.exidx.text.svcRtxMessageQueueGetCapacity), (8 bytes).
    Removing rtx_msgqueue.o(.text.osMessageQueueGetMsgSize), (48 bytes).
    Removing rtx_msgqueue.o(.ARM.exidx.text.osMessageQueueGetMsgSize), (8 bytes).
    Removing rtx_msgqueue.o(.text.svcRtxMessageQueueGetMsgSize), (18 bytes).
    Removing rtx_msgqueue.o(.ARM.exidx.text.svcRtxMessageQueueGetMsgSize), (8 bytes).
    Removing rtx_msgqueue.o(.text.osMessageQueueGetCount), (48 bytes).
    Removing rtx_msgqueue.o(.ARM.exidx.text.osMessageQueueGetCount), (8 bytes).
    Removing rtx_msgqueue.o(.text.svcRtxMessageQueueGetCount), (18 bytes).
    Removing rtx_msgqueue.o(.ARM.exidx.text.svcRtxMessageQueueGetCount), (8 bytes).
    Removing rtx_msgqueue.o(.text.osMessageQueueGetSpace), (36 bytes).
    Removing rtx_msgqueue.o(.ARM.exidx.text.osMessageQueueGetSpace), (8 bytes).
    Removing rtx_msgqueue.o(.text.svcRtxMessageQueueGetSpace), (22 bytes).
    Removing rtx_msgqueue.o(.ARM.exidx.text.svcRtxMessageQueueGetSpace), (8 bytes).
    Removing rtx_msgqueue.o(.text.osMessageQueueReset), (40 bytes).
    Removing rtx_msgqueue.o(.ARM.exidx.text.osMessageQueueReset), (8 bytes).
    Removing rtx_msgqueue.o(.text.osMessageQueueDelete), (40 bytes).
    Removing rtx_msgqueue.o(.ARM.exidx.text.osMessageQueueDelete), (8 bytes).
    Removing rtx_msgqueue.o(.ARM.exidx.text.svcRtxMessageQueueNew), (8 bytes).
    Removing rtx_msgqueue.o(.ARM.exidx.text.osRtxMessageQueuePostProcess), (8 bytes).
    Removing rtx_msgqueue.o(.ARM.exidx.text.MessageQueueRemove), (8 bytes).
    Removing rtx_msgqueue.o(.ARM.exidx.text.MessageQueuePut), (8 bytes).
    Removing rtx_msgqueue.o(.text.svcRtxMessageQueueGetName), (18 bytes).
    Removing rtx_msgqueue.o(.ARM.exidx.text.svcRtxMessageQueueGetName), (8 bytes).
    Removing rtx_msgqueue.o(.ARM.exidx.text.svcRtxMessageQueuePut), (8 bytes).
    Removing rtx_msgqueue.o(.ARM.exidx.text.MessageQueueGet), (8 bytes).
    Removing rtx_msgqueue.o(.ARM.exidx.text.svcRtxMessageQueueGet), (8 bytes).
    Removing rtx_msgqueue.o(.text.svcRtxMessageQueueReset), (162 bytes).
    Removing rtx_msgqueue.o(.ARM.exidx.text.svcRtxMessageQueueReset), (8 bytes).
    Removing rtx_msgqueue.o(.text.svcRtxMessageQueueDelete), (112 bytes).
    Removing rtx_msgqueue.o(.ARM.exidx.text.svcRtxMessageQueueDelete), (8 bytes).

378 unused section(s) (total 8829 bytes) removed from the image.

==============================================================================

Image Symbol Table

    Local Symbols

    Symbol Name                              Value     Ov Type        Size  Object(Section)

    RESET                                    0x00000000   Section      192  startup_mkl25z4.o(RESET)
    ../clib/../cmprslib/zerorunl2.c          0x00000000   Number         0  __dczerorl2.o ABSOLUTE
    ../clib/microlib/division.c              0x00000000   Number         0  uidiv.o ABSOLUTE
    ../clib/microlib/init/entry.s            0x00000000   Number         0  entry7b.o ABSOLUTE
    ../clib/microlib/init/entry.s            0x00000000   Number         0  entry11b.o ABSOLUTE
    ../clib/microlib/init/entry.s            0x00000000   Number         0  entry.o ABSOLUTE
    ../clib/microlib/init/entry.s            0x00000000   Number         0  entry11a.o ABSOLUTE
    ../clib/microlib/init/entry.s            0x00000000   Number         0  entry10b.o ABSOLUTE
    ../clib/microlib/init/entry.s            0x00000000   Number         0  entry7a.o ABSOLUTE
    ../clib/microlib/init/entry.s            0x00000000   Number         0  entry2.o ABSOLUTE
    ../clib/microlib/init/entry.s            0x00000000   Number         0  entry5.o ABSOLUTE
    ../clib/microlib/init/entry.s            0x00000000   Number         0  entry10a.o ABSOLUTE
    ../clib/microlib/init/entry.s            0x00000000   Number         0  entry9b.o ABSOLUTE
    ../clib/microlib/init/entry.s            0x00000000   Number         0  entry9a.o ABSOLUTE
    ../clib/microlib/init/entry.s            0x00000000   Number         0  entry8b.o ABSOLUTE
    ../clib/microlib/init/entry.s            0x00000000   Number         0  entry8a.o ABSOLUTE
    ../clib/microlib/longlong.c              0x00000000   Number         0  llshl.o ABSOLUTE
    ../clib/microlib/longlong.c              0x00000000   Number         0  llsshr.o ABSOLUTE
    ../clib/microlib/longlong.c              0x00000000   Number         0  llushr.o ABSOLUTE
    ../clib/microlib/string/memcpy.c         0x00000000   Number         0  memcpya.o ABSOLUTE
    ../clib/microlib/string/memcpy.c         0x00000000   Number         0  memcpyb.o ABSOLUTE
    ../clib/microlib/string/memset.c         0x00000000   Number         0  memseta.o ABSOLUTE
    ../clib/microlib/stubs.s                 0x00000000   Number         0  iusefp.o ABSOLUTE
    ../fplib/microlib/d2f.c                  0x00000000   Number         0  d2f.o ABSOLUTE
    ../fplib/microlib/f2d.c                  0x00000000   Number         0  f2d.o ABSOLUTE
    ../fplib/microlib/fpadd.c                0x00000000   Number         0  dadd.o ABSOLUTE
    ../fplib/microlib/fpdiv.c                0x00000000   Number         0  ddiv.o ABSOLUTE
    ../fplib/microlib/fpepilogue.c           0x00000000   Number         0  depilogue.o ABSOLUTE
    ../fplib/microlib/fpepilogue.c           0x00000000   Number         0  fepilogue.o ABSOLUTE
    ../fplib/microlib/fpfix.c                0x00000000   Number         0  dfixui.o ABSOLUTE
    ../fplib/microlib/fpflt.c                0x00000000   Number         0  fflti.o ABSOLUTE
    ../fplib/microlib/fpflt.c                0x00000000   Number         0  dfltui.o ABSOLUTE
    ../fplib/microlib/fpmul.c                0x00000000   Number         0  dmul.o ABSOLUTE
    ..\..\..\Source\ARM\irq_cm0.s            0x00000000   Number         0  irq_cm0.o ABSOLUTE
    C:\Users\Jianning\AppData\Local\Arm\Packs\ARM\CMSIS\5.6.0\CMSIS\RTOS2\RTX\Source\rtx_lib.c 0x00000000   Number         0  rtx_lib.o ABSOLUTE
    C:\\Users\\Jianning\\AppData\\Local\\Arm\\Packs\\ARM\\CMSIS\\5.6.0\\CMSIS\\RTOS2\\RTX\\Source\\rtx_lib.c 0x00000000   Number         0  rtx_lib.o ABSOLUTE
    GPIO.c                                   0x00000000   Number         0  gpio.o ABSOLUTE
    GPIO.c                                   0x00000000   Number         0  gpio.o ABSOLUTE
    RTE\CMSIS\RTX_Config.c                   0x00000000   Number         0  rtx_config.o ABSOLUTE
    RTE\Device\MKL25Z128xxx4\startup_MKL25Z4.s 0x00000000   Number         0  startup_mkl25z4.o ABSOLUTE
    RTE\Device\MKL25Z128xxx4\system_MKL25Z4.c 0x00000000   Number         0  system_mkl25z4.o ABSOLUTE
    RTE\\CMSIS\\RTX_Config.c                 0x00000000   Number         0  rtx_config.o ABSOLUTE
    RTE\\Device\\MKL25Z128xxx4\\system_MKL25Z4.c 0x00000000   Number         0  system_mkl25z4.o ABSOLUTE
    UART.c                                   0x00000000   Number         0  uart.o ABSOLUTE
    UART.c                                   0x00000000   Number         0  uart.o ABSOLUTE
    common.c                                 0x00000000   Number         0  common.o ABSOLUTE
    common.c                                 0x00000000   Number         0  common.o ABSOLUTE
    dc.s                                     0x00000000   Number         0  dc.o ABSOLUTE
    handlers.s                               0x00000000   Number         0  handlers.o ABSOLUTE
    init.s                                   0x00000000   Number         0  init.o ABSOLUTE
    led.c                                    0x00000000   Number         0  led.o ABSOLUTE
    led.c                                    0x00000000   Number         0  led.o ABSOLUTE
    mariokart.c                              0x00000000   Number         0  mariokart.o ABSOLUTE
    mariokart.c                              0x00000000   Number         0  mariokart.o ABSOLUTE
    motors.c                                 0x00000000   Number         0  motors.o ABSOLUTE
    motors.c                                 0x00000000   Number         0  motors.o ABSOLUTE
    music.c                                  0x00000000   Number         0  music.o ABSOLUTE
    music.c                                  0x00000000   Number         0  music.o ABSOLUTE
    os_systick.c                             0x00000000   Number         0  os_systick.o ABSOLUTE
    rtx_delay.c                              0x00000000   Number         0  rtx_delay.o ABSOLUTE
    rtx_kernel.c                             0x00000000   Number         0  rtx_kernel.o ABSOLUTE
    rtx_memory.c                             0x00000000   Number         0  rtx_memory.o ABSOLUTE
    rtx_mempool.c                            0x00000000   Number         0  rtx_mempool.o ABSOLUTE
    rtx_msgqueue.c                           0x00000000   Number         0  rtx_msgqueue.o ABSOLUTE
    rtx_mutex.c                              0x00000000   Number         0  rtx_mutex.o ABSOLUTE
    rtx_semaphore.c                          0x00000000   Number         0  rtx_semaphore.o ABSOLUTE
    rtx_system.c                             0x00000000   Number         0  rtx_system.o ABSOLUTE
    rtx_thread.c                             0x00000000   Number         0  rtx_thread.o ABSOLUTE
    rtx_timer.c                              0x00000000   Number         0  rtx_timer.o ABSOLUTE
    ultrasound.c                             0x00000000   Number         0  ultrasound.o ABSOLUTE
    ultrasound.c                             0x00000000   Number         0  ultrasound.o ABSOLUTE
    .ARM.Collect$$$$00000000                 0x000000c0   Section        0  entry.o(.ARM.Collect$$$$00000000)
    .ARM.Collect$$$$00000001                 0x000000c0   Section        4  entry2.o(.ARM.Collect$$$$00000001)
    .ARM.Collect$$$$00000004                 0x000000c4   Section        4  entry5.o(.ARM.Collect$$$$00000004)
    .ARM.Collect$$$$00000008                 0x000000c8   Section        0  entry7b.o(.ARM.Collect$$$$00000008)
    .ARM.Collect$$$$0000000A                 0x000000c8   Section        0  entry8b.o(.ARM.Collect$$$$0000000A)
    .ARM.Collect$$$$0000000B                 0x000000c8   Section        8  entry9a.o(.ARM.Collect$$$$0000000B)
    .ARM.Collect$$$$0000000D                 0x000000d0   Section        0  entry10a.o(.ARM.Collect$$$$0000000D)
    .ARM.Collect$$$$0000000F                 0x000000d0   Section        0  entry11a.o(.ARM.Collect$$$$0000000F)
    .ARM.Collect$$$$00002712                 0x000000d0   Section        4  entry2.o(.ARM.Collect$$$$00002712)
    __lit__00000000                          0x000000d0   Data           4  entry2.o(.ARM.Collect$$$$00002712)
    .text                                    0x000000d4   Section       40  startup_mkl25z4.o(.text)
    .text                                    0x000000fc   Section      164  irq_cm0.o(.text)
    .text                                    0x000001a0   Section        0  uidiv.o(.text)
    .text                                    0x000001cc   Section        0  memcpya.o(.text)
    .text                                    0x000001f0   Section        0  memseta.o(.text)
    .text                                    0x00000214   Section        0  dadd.o(.text)
    .text                                    0x00000378   Section        0  fflti.o(.text)
    .text                                    0x00000390   Section        0  dfltui.o(.text)
    .text                                    0x000003ac   Section        0  dfixui.o(.text)
    [Anonymous Symbol]                       0x000003e8   Section        0  os_systick.o(.text.OS_Tick_AcknowledgeIRQ)
    .text                                    0x000003e8   Section        0  iusefp.o(.text)
    __arm_cp.3_0                             0x000003f0   Number         4  os_systick.o(.text.OS_Tick_AcknowledgeIRQ)
    [Anonymous Symbol]                       0x000003f4   Section        0  os_systick.o(.text.OS_Tick_GetIRQn)
    [Anonymous Symbol]                       0x000003fa   Section        0  rtx_kernel.o(.text.osRtxKernelPreInit)
    i.__scatterload_null                     0x000003fc   Section        2  handlers.o(i.__scatterload_null)
    .ARM.__at_0x400                          0x00000400   Section       16  startup_mkl25z4.o(.ARM.__at_0x400)
    .text                                    0x00000410   Section        0  dmul.o(.text)
    .text                                    0x000004e0   Section        0  ddiv.o(.text)
    .text                                    0x000005d0   Section        0  f2d.o(.text)
    .text                                    0x000005f8   Section        0  d2f.o(.text)
    .text                                    0x00000630   Section        0  llshl.o(.text)
    .text                                    0x00000650   Section        0  llushr.o(.text)
    .text                                    0x00000672   Section        0  llsshr.o(.text)
    .text                                    0x00000698   Section        0  fepilogue.o(.text)
    .text                                    0x0000071a   Section        0  depilogue.o(.text)
    .text                                    0x000007d8   Section       36  init.o(.text)
    .text                                    0x000007fc   Section        0  __dczerorl2.o(.text)
    [Anonymous Symbol]                       0x00000852   Section        0  rtx_msgqueue.o(.text.MessageQueueGet)
    MessageQueueGet                          0x00000853   Thumb Code    76  rtx_msgqueue.o(.text.MessageQueueGet)
    [Anonymous Symbol]                       0x0000089e   Section        0  rtx_msgqueue.o(.text.MessageQueuePut)
    MessageQueuePut                          0x0000089f   Thumb Code    98  rtx_msgqueue.o(.text.MessageQueuePut)
    [Anonymous Symbol]                       0x00000900   Section        0  rtx_msgqueue.o(.text.MessageQueueRemove)
    MessageQueueRemove                       0x00000901   Thumb Code    30  rtx_msgqueue.o(.text.MessageQueueRemove)
    [Anonymous Symbol]                       0x00000920   Section        0  os_systick.o(.text.OS_Tick_Enable)
    __arm_cp.1_0                             0x00000940   Number         4  os_systick.o(.text.OS_Tick_Enable)
    __arm_cp.1_1                             0x00000944   Number         4  os_systick.o(.text.OS_Tick_Enable)
    __arm_cp.1_2                             0x00000948   Number         4  os_systick.o(.text.OS_Tick_Enable)
    [Anonymous Symbol]                       0x0000094c   Section        0  os_systick.o(.text.OS_Tick_Setup)
    __arm_cp.0_0                             0x00000988   Number         4  os_systick.o(.text.OS_Tick_Setup)
    __arm_cp.0_1                             0x0000098c   Number         4  os_systick.o(.text.OS_Tick_Setup)
    __arm_cp.0_2                             0x00000990   Number         4  os_systick.o(.text.OS_Tick_Setup)
    __arm_cp.0_3                             0x00000994   Number         4  os_systick.o(.text.OS_Tick_Setup)
    [Anonymous Symbol]                       0x00000998   Section        0  rtx_semaphore.o(.text.SemaphoreTokenDecrement)
    SemaphoreTokenDecrement                  0x00000999   Thumb Code    36  rtx_semaphore.o(.text.SemaphoreTokenDecrement)
    [Anonymous Symbol]                       0x000009bc   Section        0  rtx_semaphore.o(.text.SemaphoreTokenIncrement)
    SemaphoreTokenIncrement                  0x000009bd   Thumb Code    38  rtx_semaphore.o(.text.SemaphoreTokenIncrement)
    [Anonymous Symbol]                       0x000009e2   Section        0  rtx_thread.o(.text.ThreadFlagsCheck)
    ThreadFlagsCheck                         0x000009e3   Thumb Code    78  rtx_thread.o(.text.ThreadFlagsCheck)
    [Anonymous Symbol]                       0x00000a30   Section        0  rtx_timer.o(.text.TimerInsert)
    TimerInsert                              0x00000a31   Thumb Code    76  rtx_timer.o(.text.TimerInsert)
    __arm_cp.8_0                             0x00000a78   Number         4  rtx_timer.o(.text.TimerInsert)
    [Anonymous Symbol]                       0x00000a7c   Section        0  rtx_delay.o(.text.osDelay)
    __arm_cp.0_0                             0x00000aa0   Number         4  rtx_delay.o(.text.osDelay)
    [Anonymous Symbol]                       0x00000aa4   Section        0  rtx_kernel.o(.text.osKernelInitialize)
    __arm_cp.1_0                             0x00000ac8   Number         4  rtx_kernel.o(.text.osKernelInitialize)
    [Anonymous Symbol]                       0x00000acc   Section        0  rtx_kernel.o(.text.osKernelStart)
    __arm_cp.6_0                             0x00000aec   Number         4  rtx_kernel.o(.text.osKernelStart)
    [Anonymous Symbol]                       0x00000af0   Section        0  rtx_msgqueue.o(.text.osMessageQueueGet)
    __arm_cp.3_0                             0x00000b60   Number         4  rtx_msgqueue.o(.text.osMessageQueueGet)
    [Anonymous Symbol]                       0x00000b64   Section        0  rtx_msgqueue.o(.text.osMessageQueueNew)
    __arm_cp.0_0                             0x00000b84   Number         4  rtx_msgqueue.o(.text.osMessageQueueNew)
    [Anonymous Symbol]                       0x00000b88   Section        0  rtx_msgqueue.o(.text.osMessageQueuePut)
    __arm_cp.2_0                             0x00000bfc   Number         4  rtx_msgqueue.o(.text.osMessageQueuePut)
    [Anonymous Symbol]                       0x00000c00   Section        0  rtx_memory.o(.text.osRtxMemoryAlloc)
    [Anonymous Symbol]                       0x00000c7c   Section        0  rtx_memory.o(.text.osRtxMemoryFree)
    [Anonymous Symbol]                       0x00000cca   Section        0  rtx_memory.o(.text.osRtxMemoryInit)
    [Anonymous Symbol]                       0x00000cfc   Section        0  rtx_mempool.o(.text.osRtxMemoryPoolAlloc)
    [Anonymous Symbol]                       0x00000d2a   Section        0  rtx_mempool.o(.text.osRtxMemoryPoolFree)
    [Anonymous Symbol]                       0x00000d64   Section        0  rtx_mempool.o(.text.osRtxMemoryPoolInit)
    [Anonymous Symbol]                       0x00000da2   Section        0  rtx_msgqueue.o(.text.osRtxMessageQueuePostProcess)
    osRtxMessageQueuePostProcess             0x00000da3   Thumb Code   188  rtx_msgqueue.o(.text.osRtxMessageQueuePostProcess)
    [Anonymous Symbol]                       0x00000e5e   Section        0  rtx_mutex.o(.text.osRtxMutexOwnerRelease)
    [Anonymous Symbol]                       0x00000ea4   Section        0  rtx_system.o(.text.osRtxPendSV_Handler)
    __arm_cp.1_0                             0x00000f20   Number         4  rtx_system.o(.text.osRtxPendSV_Handler)
    [Anonymous Symbol]                       0x00000f24   Section        0  rtx_system.o(.text.osRtxPostProcess)
    __arm_cp.2_0                             0x00000f88   Number         4  rtx_system.o(.text.osRtxPostProcess)
    __arm_cp.2_1                             0x00000f8c   Number         4  rtx_system.o(.text.osRtxPostProcess)
    [Anonymous Symbol]                       0x00000f90   Section        0  rtx_semaphore.o(.text.osRtxSemaphorePostProcess)
    osRtxSemaphorePostProcess                0x00000f91   Thumb Code    36  rtx_semaphore.o(.text.osRtxSemaphorePostProcess)
    [Anonymous Symbol]                       0x00000fb4   Section        0  rtx_thread.o(.text.osRtxThreadBlock)
    osRtxThreadBlock                         0x00000fb5   Thumb Code    56  rtx_thread.o(.text.osRtxThreadBlock)
    __arm_cp.10_0                            0x00000fe8   Number         4  rtx_thread.o(.text.osRtxThreadBlock)
    [Anonymous Symbol]                       0x00000fec   Section        0  rtx_thread.o(.text.osRtxThreadDelayInsert)
    osRtxThreadDelayInsert                   0x00000fed   Thumb Code   128  rtx_thread.o(.text.osRtxThreadDelayInsert)
    __arm_cp.14_0                            0x00001068   Number         4  rtx_thread.o(.text.osRtxThreadDelayInsert)
    [Anonymous Symbol]                       0x0000106c   Section        0  rtx_thread.o(.text.osRtxThreadDelayRemove)
    osRtxThreadDelayRemove                   0x0000106d   Thumb Code    68  rtx_thread.o(.text.osRtxThreadDelayRemove)
    __arm_cp.12_0                            0x000010ac   Number         4  rtx_thread.o(.text.osRtxThreadDelayRemove)
    [Anonymous Symbol]                       0x000010b0   Section        0  rtx_thread.o(.text.osRtxThreadDelayTick)
    __arm_cp.5_0                             0x000010e4   Number         4  rtx_thread.o(.text.osRtxThreadDelayTick)
    [Anonymous Symbol]                       0x000010e8   Section        0  rtx_thread.o(.text.osRtxThreadDispatch)
    __arm_cp.9_0                             0x00001134   Number         4  rtx_thread.o(.text.osRtxThreadDispatch)
    [Anonymous Symbol]                       0x00001138   Section        0  rtx_thread.o(.text.osRtxThreadFree)
    osRtxThreadFree                          0x00001139   Thumb Code    84  rtx_thread.o(.text.osRtxThreadFree)
    __arm_cp.52_0                            0x00001188   Number         4  rtx_thread.o(.text.osRtxThreadFree)
    [Anonymous Symbol]                       0x0000118c   Section        0  rtx_thread.o(.text.osRtxThreadListGet)
    [Anonymous Symbol]                       0x000011a0   Section        0  rtx_thread.o(.text.osRtxThreadListPut)
    [Anonymous Symbol]                       0x000011cc   Section        0  rtx_thread.o(.text.osRtxThreadListRemove)
    [Anonymous Symbol]                       0x000011e4   Section        0  rtx_thread.o(.text.osRtxThreadPostProcess)
    osRtxThreadPostProcess                   0x000011e5   Thumb Code    38  rtx_thread.o(.text.osRtxThreadPostProcess)
    [Anonymous Symbol]                       0x0000120c   Section        0  rtx_thread.o(.text.osRtxThreadReadyPut)
    __arm_cp.4_0                             0x00001220   Number         4  rtx_thread.o(.text.osRtxThreadReadyPut)
    [Anonymous Symbol]                       0x00001224   Section        0  rtx_thread.o(.text.osRtxThreadRegPtr)
    [Anonymous Symbol]                       0x0000122c   Section        0  rtx_thread.o(.text.osRtxThreadStackCheck)
    __arm_cp.8_0                             0x00001250   Number         4  rtx_thread.o(.text.osRtxThreadStackCheck)
    __arm_cp.8_1                             0x00001254   Number         4  rtx_thread.o(.text.osRtxThreadStackCheck)
    [Anonymous Symbol]                       0x00001258   Section        0  rtx_thread.o(.text.osRtxThreadStartup)
    __arm_cp.15_0                            0x00001288   Number         4  rtx_thread.o(.text.osRtxThreadStartup)
    __arm_cp.15_1                            0x0000128c   Number         4  rtx_thread.o(.text.osRtxThreadStartup)
    __arm_cp.15_2                            0x00001290   Number         4  rtx_thread.o(.text.osRtxThreadStartup)
    __arm_cp.15_3                            0x00001294   Number         4  rtx_thread.o(.text.osRtxThreadStartup)
    [Anonymous Symbol]                       0x00001298   Section        0  rtx_thread.o(.text.osRtxThreadSwitch)
    __arm_cp.7_0                             0x000012a8   Number         4  rtx_thread.o(.text.osRtxThreadSwitch)
    [Anonymous Symbol]                       0x000012ac   Section        0  rtx_thread.o(.text.osRtxThreadWaitEnter)
    __arm_cp.13_0                            0x000012e4   Number         4  rtx_thread.o(.text.osRtxThreadWaitEnter)
    [Anonymous Symbol]                       0x000012e8   Section        0  rtx_thread.o(.text.osRtxThreadWaitExit)
    [Anonymous Symbol]                       0x0000130c   Section        0  rtx_system.o(.text.osRtxTick_Handler)
    __arm_cp.0_0                             0x0000137c   Number         4  rtx_system.o(.text.osRtxTick_Handler)
    [Anonymous Symbol]                       0x00001380   Section        0  rtx_timer.o(.text.osRtxTimerThread)
    __arm_cp.0_0                             0x000013b0   Number         4  rtx_timer.o(.text.osRtxTimerThread)
    __arm_cp.0_1                             0x000013b4   Number         4  rtx_timer.o(.text.osRtxTimerThread)
    __arm_cp.0_2                             0x000013b8   Number         4  rtx_timer.o(.text.osRtxTimerThread)
    [Anonymous Symbol]                       0x000013bc   Section        0  rtx_timer.o(.text.osRtxTimerTick)
    osRtxTimerTick                           0x000013bd   Thumb Code    96  rtx_timer.o(.text.osRtxTimerTick)
    __arm_cp.1_0                             0x00001418   Number         4  rtx_timer.o(.text.osRtxTimerTick)
    [Anonymous Symbol]                       0x0000141c   Section        0  rtx_semaphore.o(.text.osSemaphoreAcquire)
    __arm_cp.2_0                             0x0000145c   Number         4  rtx_semaphore.o(.text.osSemaphoreAcquire)
    [Anonymous Symbol]                       0x00001460   Section        0  rtx_semaphore.o(.text.osSemaphoreNew)
    __arm_cp.0_0                             0x00001480   Number         4  rtx_semaphore.o(.text.osSemaphoreNew)
    [Anonymous Symbol]                       0x00001484   Section        0  rtx_semaphore.o(.text.osSemaphoreRelease)
    __arm_cp.3_0                             0x000014cc   Number         4  rtx_semaphore.o(.text.osSemaphoreRelease)
    [Anonymous Symbol]                       0x000014d0   Section        0  rtx_thread.o(.text.osThreadExit)
    __arm_cp.31_0                            0x000014d8   Number         4  rtx_thread.o(.text.osThreadExit)
    [Anonymous Symbol]                       0x000014dc   Section        0  rtx_thread.o(.text.osThreadNew)
    __arm_cp.17_0                            0x000014fc   Number         4  rtx_thread.o(.text.osThreadNew)
    [Anonymous Symbol]                       0x00001500   Section        0  rtx_delay.o(.text.svcRtxDelay)
    svcRtxDelay                              0x00001501   Thumb Code    18  rtx_delay.o(.text.svcRtxDelay)
    [Anonymous Symbol]                       0x00001514   Section        0  rtx_kernel.o(.text.svcRtxKernelInitialize)
    svcRtxKernelInitialize                   0x00001515   Thumb Code   328  rtx_kernel.o(.text.svcRtxKernelInitialize)
    __arm_cp.20_0                            0x00001650   Number         4  rtx_kernel.o(.text.svcRtxKernelInitialize)
    __arm_cp.20_1                            0x00001654   Number         4  rtx_kernel.o(.text.svcRtxKernelInitialize)
    __arm_cp.20_2                            0x00001658   Number         4  rtx_kernel.o(.text.svcRtxKernelInitialize)
    [Anonymous Symbol]                       0x0000165c   Section        0  rtx_kernel.o(.text.svcRtxKernelStart)
    svcRtxKernelStart                        0x0000165d   Thumb Code   132  rtx_kernel.o(.text.svcRtxKernelStart)
    __arm_cp.21_0                            0x000016d0   Number         4  rtx_kernel.o(.text.svcRtxKernelStart)
    __arm_cp.21_1                            0x000016d4   Number         4  rtx_kernel.o(.text.svcRtxKernelStart)
    __arm_cp.21_2                            0x000016d8   Number         4  rtx_kernel.o(.text.svcRtxKernelStart)
    __arm_cp.21_3                            0x000016dc   Number         4  rtx_kernel.o(.text.svcRtxKernelStart)
    [Anonymous Symbol]                       0x000016e0   Section        0  rtx_msgqueue.o(.text.svcRtxMessageQueueGet)
    svcRtxMessageQueueGet                    0x000016e1   Thumb Code   232  rtx_msgqueue.o(.text.svcRtxMessageQueueGet)
    __arm_cp.21_0                            0x000017c4   Number         4  rtx_msgqueue.o(.text.svcRtxMessageQueueGet)
    [Anonymous Symbol]                       0x000017c8   Section        0  rtx_msgqueue.o(.text.svcRtxMessageQueueNew)
    svcRtxMessageQueueNew                    0x000017c9   Thumb Code   484  rtx_msgqueue.o(.text.svcRtxMessageQueueNew)
    __arm_cp.14_0                            0x00001994   Number         4  rtx_msgqueue.o(.text.svcRtxMessageQueueNew)
    __arm_cp.14_1                            0x00001998   Number         4  rtx_msgqueue.o(.text.svcRtxMessageQueueNew)
    __arm_cp.14_2                            0x0000199c   Number         4  rtx_msgqueue.o(.text.svcRtxMessageQueueNew)
    __arm_cp.14_3                            0x000019a0   Number         4  rtx_msgqueue.o(.text.svcRtxMessageQueueNew)
    __arm_cp.14_4                            0x000019a4   Number         4  rtx_msgqueue.o(.text.svcRtxMessageQueueNew)
    __arm_cp.14_5                            0x000019a8   Number         4  rtx_msgqueue.o(.text.svcRtxMessageQueueNew)
    [Anonymous Symbol]                       0x000019ac   Section        0  rtx_msgqueue.o(.text.svcRtxMessageQueuePut)
    svcRtxMessageQueuePut                    0x000019ad   Thumb Code   188  rtx_msgqueue.o(.text.svcRtxMessageQueuePut)
    __arm_cp.19_0                            0x00001a64   Number         4  rtx_msgqueue.o(.text.svcRtxMessageQueuePut)
    [Anonymous Symbol]                       0x00001a68   Section        0  rtx_semaphore.o(.text.svcRtxSemaphoreAcquire)
    svcRtxSemaphoreAcquire                   0x00001a69   Thumb Code    76  rtx_semaphore.o(.text.svcRtxSemaphoreAcquire)
    __arm_cp.11_0                            0x00001ab0   Number         4  rtx_semaphore.o(.text.svcRtxSemaphoreAcquire)
    [Anonymous Symbol]                       0x00001ab4   Section        0  rtx_semaphore.o(.text.svcRtxSemaphoreNew)
    svcRtxSemaphoreNew                       0x00001ab5   Thumb Code   136  rtx_semaphore.o(.text.svcRtxSemaphoreNew)
    __arm_cp.7_0                             0x00001b30   Number         4  rtx_semaphore.o(.text.svcRtxSemaphoreNew)
    __arm_cp.7_1                             0x00001b34   Number         4  rtx_semaphore.o(.text.svcRtxSemaphoreNew)
    __arm_cp.7_2                             0x00001b38   Number         4  rtx_semaphore.o(.text.svcRtxSemaphoreNew)
    [Anonymous Symbol]                       0x00001b3c   Section        0  rtx_semaphore.o(.text.svcRtxSemaphoreRelease)
    svcRtxSemaphoreRelease                   0x00001b3d   Thumb Code    56  rtx_semaphore.o(.text.svcRtxSemaphoreRelease)
    [Anonymous Symbol]                       0x00001b74   Section        0  rtx_thread.o(.text.svcRtxThreadExit)
    svcRtxThreadExit                         0x00001b75   Thumb Code   108  rtx_thread.o(.text.svcRtxThreadExit)
    __arm_cp.54_0                            0x00001bdc   Number         4  rtx_thread.o(.text.svcRtxThreadExit)
    [Anonymous Symbol]                       0x00001be0   Section        0  rtx_thread.o(.text.svcRtxThreadNew)
    svcRtxThreadNew                          0x00001be1   Thumb Code   492  rtx_thread.o(.text.svcRtxThreadNew)
    __arm_cp.16_0                            0x00001db4   Number         4  rtx_thread.o(.text.svcRtxThreadNew)
    __arm_cp.16_1                            0x00001db8   Number         4  rtx_thread.o(.text.svcRtxThreadNew)
    __arm_cp.16_2                            0x00001dbc   Number         4  rtx_thread.o(.text.svcRtxThreadNew)
    __arm_cp.16_3                            0x00001dc0   Number         4  rtx_thread.o(.text.svcRtxThreadNew)
    __arm_cp.16_4                            0x00001dc4   Number         4  rtx_thread.o(.text.svcRtxThreadNew)
    __arm_cp.16_5                            0x00001dc8   Number         4  rtx_thread.o(.text.svcRtxThreadNew)
    i.InitGPIOAll                            0x00001dcc   Section        0  gpio.o(i.InitGPIOAll)
    i.SystemCoreClockUpdate                  0x00001e18   Section        0  system_mkl25z4.o(i.SystemCoreClockUpdate)
    i.SystemInit                             0x00001fa8   Section        0  system_mkl25z4.o(i.SystemInit)
    i.TPM2_IRQHandler                        0x000020e0   Section        0  ultrasound.o(i.TPM2_IRQHandler)
    i.UART2_IRQHandler                       0x00002170   Section        0  uart.o(i.UART2_IRQHandler)
    i.__ARM_clz                              0x000021a8   Section        0  depilogue.o(i.__ARM_clz)
    i.__ARM_common_switch8                   0x000021d6   Section        0  motors.o(i.__ARM_common_switch8)
    i.__NVIC_ClearPendingIRQ                 0x000021f4   Section        0  uart.o(i.__NVIC_ClearPendingIRQ)
    __NVIC_ClearPendingIRQ                   0x000021f5   Thumb Code    18  uart.o(i.__NVIC_ClearPendingIRQ)
    i.__NVIC_ClearPendingIRQ                 0x0000220c   Section        0  ultrasound.o(i.__NVIC_ClearPendingIRQ)
    __NVIC_ClearPendingIRQ                   0x0000220d   Thumb Code    18  ultrasound.o(i.__NVIC_ClearPendingIRQ)
    i.__NVIC_SetPriority                     0x00002224   Section        0  uart.o(i.__NVIC_SetPriority)
    __NVIC_SetPriority                       0x00002225   Thumb Code   110  uart.o(i.__NVIC_SetPriority)
    i.__NVIC_SetPriority                     0x0000229c   Section        0  ultrasound.o(i.__NVIC_SetPriority)
    __NVIC_SetPriority                       0x0000229d   Thumb Code   110  ultrasound.o(i.__NVIC_SetPriority)
    i.__scatterload_copy                     0x00002314   Section       14  handlers.o(i.__scatterload_copy)
    i.__scatterload_zeroinit                 0x00002322   Section       14  handlers.o(i.__scatterload_zeroinit)
    i.auto_thread                            0x00002330   Section        0  mariokart.o(i.auto_thread)
    i.brain_thread                           0x00002550   Section        0  mariokart.o(i.brain_thread)
    i.connectLEDSequence                     0x000025f4   Section        0  led.o(i.connectLEDSequence)
    i.connect_sequence                       0x00002624   Section        0  mariokart.o(i.connect_sequence)
    i.controlWheelSpeed                      0x00002630   Section        0  motors.o(i.controlWheelSpeed)
    i.debug_thread                           0x0000266c   Section        0  mariokart.o(i.debug_thread)
    i.delay                                  0x00002900   Section        0  common.o(i.delay)
    i.flashRedLEDMoving                      0x00002914   Section        0  led.o(i.flashRedLEDMoving)
    i.flashRedLEDStationary                  0x00002940   Section        0  led.o(i.flashRedLEDStationary)
    i.forty_five_left                        0x00002968   Section        0  motors.o(i.forty_five_left)
    i.forty_five_right                       0x000029b8   Section        0  motors.o(i.forty_five_right)
    i.forward                                0x000029f0   Section        0  motors.o(i.forward)
    i.getGPIO                                0x00002a40   Section        0  gpio.o(i.getGPIO)
    i.getMaskPort                            0x00002a8c   Section        0  common.o(i.getMaskPort)
    i.initGPIOPort                           0x00002ad0   Section        0  gpio.o(i.initGPIOPort)
    i.initLEDModules                         0x00002af0   Section        0  led.o(i.initLEDModules)
    i.initMotorsPWM                          0x00002b2c   Section        0  motors.o(i.initMotorsPWM)
    i.initMusicPWM                           0x00002c68   Section        0  music.o(i.initMusicPWM)
    i.initUART2                              0x00002d10   Section        0  uart.o(i.initUART2)
    i.initUltrasonic                         0x00002dcc   Section        0  ultrasound.o(i.initUltrasonic)
    i.led_green_thread                       0x00002edc   Section        0  mariokart.o(i.led_green_thread)
    i.led_red_thread                         0x00002f0c   Section        0  mariokart.o(i.led_red_thread)
    i.main                                   0x00002f3c   Section        0  mariokart.o(i.main)
    i.measureDistance                        0x00003040   Section        0  ultrasound.o(i.measureDistance)
    i.melody_thread                          0x00003080   Section        0  mariokart.o(i.melody_thread)
    i.motor_thread                           0x00003088   Section        0  mariokart.o(i.motor_thread)
    i.move                                   0x000030cc   Section        0  motors.o(i.move)
    i.ninety_left                            0x00003454   Section        0  motors.o(i.ninety_left)
    i.ninety_right                           0x000034a4   Section        0  motors.o(i.ninety_right)
    i.offGreenLED                            0x000034f4   Section        0  led.o(i.offGreenLED)
    i.onGreenLED                             0x00003534   Section        0  led.o(i.onGreenLED)
    i.osRtxErrorNotify                       0x00003574   Section        0  rtx_config.o(i.osRtxErrorNotify)
    i.osRtxIdleThread                        0x00003594   Section        0  rtx_config.o(i.osRtxIdleThread)
    i.playMariokart                          0x00003598   Section        0  music.o(i.playMariokart)
    i.playMelody                             0x000035b4   Section        0  music.o(i.playMelody)
    i.playMelodyNote                         0x000035fc   Section        0  music.o(i.playMelodyNote)
    i.playStartMelody                        0x00003680   Section        0  music.o(i.playStartMelody)
    i.playStartUpMusic                       0x000036ac   Section        0  music.o(i.playStartUpMusic)
    i.readUltrasonic                         0x000036c8   Section        0  ultrasound.o(i.readUltrasonic)
    i.reverse                                0x0000378c   Section        0  motors.o(i.reverse)
    i.runningLED                             0x000037c4   Section        0  led.o(i.runningLED)
    i.runningLEDHelper                       0x00003804   Section        0  led.o(i.runningLEDHelper)
    i.sendTrigPulse                          0x00003828   Section        0  ultrasound.o(i.sendTrigPulse)
    i.setPin                                 0x00003858   Section        0  gpio.o(i.setPin)
    i.stop                                   0x00003884   Section        0  motors.o(i.stop)
    .constdata                               0x000038a8   Section      108  mariokart.o(.constdata)
    .constdata                               0x00003914   Section      100  rtx_lib.o(.constdata)
    os_idle_thread_attr                      0x00003914   Data          36  rtx_lib.o(.constdata)
    os_timer_thread_attr                     0x00003938   Data          36  rtx_lib.o(.constdata)
    os_timer_mq_attr                         0x0000395c   Data          24  rtx_lib.o(.constdata)
    .rodata                                  0x00003978   Section      160  rtx_lib.o(.rodata)
    __tagsym$$used                           0x00003978   Number         0  rtx_lib.o(.rodata)
    __tagsym$$used                           0x000039e0   Number         0  rtx_lib.o(.rodata)
    [Anonymous Symbol]                       0x00003a18   Section        0  rtx_kernel.o(.rodata.str1.4)
    .L.str                                   0x00003a18   Data          11  rtx_kernel.o(.rodata.str1.4)
    .bss.os                                  0x1ffff000   Section     4160  rtx_lib.o(.bss.os)
    os_mem                                   0x1ffff000   Data        4096  rtx_lib.o(.bss.os)
    os_isr_queue                             0x20000000   Data          64  rtx_lib.o(.bss.os)
    .bss.os.msgqueue.cb                      0x20000040   Section       52  rtx_lib.o(.bss.os.msgqueue.cb)
    os_timer_mq_cb                           0x20000040   Data          52  rtx_lib.o(.bss.os.msgqueue.cb)
    .bss.os.msgqueue.mem                     0x20000074   Section       80  rtx_lib.o(.bss.os.msgqueue.mem)
    os_timer_mq_data                         0x20000074   Data          80  rtx_lib.o(.bss.os.msgqueue.mem)
    .bss.os.thread.cb                        0x200000c4   Section      136  rtx_lib.o(.bss.os.thread.cb)
    os_idle_thread_cb                        0x200000c4   Data          68  rtx_lib.o(.bss.os.thread.cb)
    os_timer_thread_cb                       0x20000108   Data          68  rtx_lib.o(.bss.os.thread.cb)
    .bss.os.thread.stack                     0x20000150   Section      512  rtx_lib.o(.bss.os.thread.stack)
    os_idle_thread_stack                     0x20000150   Data         256  rtx_lib.o(.bss.os.thread.stack)
    os_timer_thread_stack                    0x20000250   Data         256  rtx_lib.o(.bss.os.thread.stack)
    .data                                    0x20000350   Section       24  mariokart.o(.data)
    .data                                    0x20000368   Section        1  motors.o(.data)
    .data                                    0x2000036c   Section       24  common.o(.data)
    .data                                    0x20000384   Section     2920  music.o(.data)
    .data                                    0x20000eec   Section        1  uart.o(.data)
    .data                                    0x20000eed   Section       22  led.o(.data)
    .data                                    0x20000f04   Section       38  ultrasound.o(.data)
    .data                                    0x20000f2c   Section        4  system_mkl25z4.o(.data)
    [Anonymous Symbol]                       0x20000fd4   Section        0  os_systick.o(.bss.PendST)
    PendST                                   0x20000fd4   Data           1  os_systick.o(.bss.PendST)
    STACK                                    0x20000fd8   Section      256  startup_mkl25z4.o(STACK)

    Global Symbols

    Symbol Name                              Value     Ov Type        Size  Object(Section)

    BuildAttributes$$THM_ISAv3M$S$PE$A:L22$X:L11$S22$IEEE1$IW$~IW$USESV6$~STKCKD$USESV7$~SHL$OTIME$ROPI$EBA8$MICROLIB$REQ8$PRES8$EABIv2 0x00000000   Number         0  anon$$obj.o ABSOLUTE
    __ARM_use_no_argv                        0x00000000   Number         0  mariokart.o ABSOLUTE
    __Vectors                                0x00000000   Data           4  startup_mkl25z4.o(RESET)
    .bss.os.evflags.cb$$Base                  - Undefined Weak Reference
    .bss.os.evflags.cb$$Limit                 - Undefined Weak Reference
    .bss.os.mempool.cb$$Base                  - Undefined Weak Reference
    .bss.os.mempool.cb$$Limit                 - Undefined Weak Reference
    .bss.os.mutex.cb$$Base                    - Undefined Weak Reference
    .bss.os.mutex.cb$$Limit                   - Undefined Weak Reference
    .bss.os.semaphore.cb$$Base                - Undefined Weak Reference
    .bss.os.semaphore.cb$$Limit               - Undefined Weak Reference
    .bss.os.timer.cb$$Base                    - Undefined Weak Reference
    .bss.os.timer.cb$$Limit                   - Undefined Weak Reference
    __cpp_initialize__aeabi_                  - Undefined Weak Reference
    __cxa_finalize                            - Undefined Weak Reference
    _clock_init                               - Undefined Weak Reference
    _microlib_exit                            - Undefined Weak Reference
    __Vectors_End                            0x000000c0   Data           0  startup_mkl25z4.o(RESET)
    __Vectors_Size                           0x000000c0   Number         0  startup_mkl25z4.o ABSOLUTE
    __main                                   0x000000c1   Thumb Code     0  entry.o(.ARM.Collect$$$$00000000)
    _main_stk                                0x000000c1   Thumb Code     0  entry2.o(.ARM.Collect$$$$00000001)
    _main_scatterload                        0x000000c5   Thumb Code     0  entry5.o(.ARM.Collect$$$$00000004)
    __main_after_scatterload                 0x000000c9   Thumb Code     0  entry5.o(.ARM.Collect$$$$00000004)
    _main_clock                              0x000000c9   Thumb Code     0  entry7b.o(.ARM.Collect$$$$00000008)
    _main_cpp_init                           0x000000c9   Thumb Code     0  entry8b.o(.ARM.Collect$$$$0000000A)
    _main_init                               0x000000c9   Thumb Code     0  entry9a.o(.ARM.Collect$$$$0000000B)
    __rt_final_cpp                           0x000000d1   Thumb Code     0  entry10a.o(.ARM.Collect$$$$0000000D)
    __rt_final_exit                          0x000000d1   Thumb Code     0  entry11a.o(.ARM.Collect$$$$0000000F)
    Reset_Handler                            0x000000d5   Thumb Code    12  startup_mkl25z4.o(.text)
    NMI_Handler                              0x000000e1   Thumb Code     2  startup_mkl25z4.o(.text)
    HardFault_Handler                        0x000000e3   Thumb Code     2  startup_mkl25z4.o(.text)
    ADC0_IRQHandler                          0x000000eb   Thumb Code     0  startup_mkl25z4.o(.text)
    CMP0_IRQHandler                          0x000000eb   Thumb Code     0  startup_mkl25z4.o(.text)
    DAC0_IRQHandler                          0x000000eb   Thumb Code     0  startup_mkl25z4.o(.text)
    DMA0_IRQHandler                          0x000000eb   Thumb Code     0  startup_mkl25z4.o(.text)
    DMA1_IRQHandler                          0x000000eb   Thumb Code     0  startup_mkl25z4.o(.text)
    DMA2_IRQHandler                          0x000000eb   Thumb Code     0  startup_mkl25z4.o(.text)
    DMA3_IRQHandler                          0x000000eb   Thumb Code     0  startup_mkl25z4.o(.text)
    DefaultISR                               0x000000eb   Thumb Code     0  startup_mkl25z4.o(.text)
    FTFA_IRQHandler                          0x000000eb   Thumb Code     0  startup_mkl25z4.o(.text)
    I2C0_IRQHandler                          0x000000eb   Thumb Code     0  startup_mkl25z4.o(.text)
    I2C1_IRQHandler                          0x000000eb   Thumb Code     0  startup_mkl25z4.o(.text)
    LLWU_IRQHandler                          0x000000eb   Thumb Code     0  startup_mkl25z4.o(.text)
    LPTMR0_IRQHandler                        0x000000eb   Thumb Code     0  startup_mkl25z4.o(.text)
    LVD_LVW_IRQHandler                       0x000000eb   Thumb Code     0  startup_mkl25z4.o(.text)
    MCG_IRQHandler                           0x000000eb   Thumb Code     0  startup_mkl25z4.o(.text)
    PIT_IRQHandler                           0x000000eb   Thumb Code     0  startup_mkl25z4.o(.text)
    PORTA_IRQHandler                         0x000000eb   Thumb Code     0  startup_mkl25z4.o(.text)
    PORTD_IRQHandler                         0x000000eb   Thumb Code     0  startup_mkl25z4.o(.text)
    RTC_IRQHandler                           0x000000eb   Thumb Code     0  startup_mkl25z4.o(.text)
    RTC_Seconds_IRQHandler                   0x000000eb   Thumb Code     0  startup_mkl25z4.o(.text)
    Reserved20_IRQHandler                    0x000000eb   Thumb Code     0  startup_mkl25z4.o(.text)
    Reserved39_IRQHandler                    0x000000eb   Thumb Code     0  startup_mkl25z4.o(.text)
    Reserved45_IRQHandler                    0x000000eb   Thumb Code     0  startup_mkl25z4.o(.text)
    SPI0_IRQHandler                          0x000000eb   Thumb Code     0  startup_mkl25z4.o(.text)
    SPI1_IRQHandler                          0x000000eb   Thumb Code     0  startup_mkl25z4.o(.text)
    TPM0_IRQHandler                          0x000000eb   Thumb Code     0  startup_mkl25z4.o(.text)
    TPM1_IRQHandler                          0x000000eb   Thumb Code     0  startup_mkl25z4.o(.text)
    TSI0_IRQHandler                          0x000000eb   Thumb Code     0  startup_mkl25z4.o(.text)
    UART0_IRQHandler                         0x000000eb   Thumb Code     0  startup_mkl25z4.o(.text)
    UART1_IRQHandler                         0x000000eb   Thumb Code     0  startup_mkl25z4.o(.text)
    USB0_IRQHandler                          0x000000eb   Thumb Code     0  startup_mkl25z4.o(.text)
    SVC_Handler                              0x000000fd   Thumb Code   132  irq_cm0.o(.text)
    PendSV_Handler                           0x00000181   Thumb Code    12  irq_cm0.o(.text)
    SysTick_Handler                          0x0000018d   Thumb Code    12  irq_cm0.o(.text)
    __aeabi_uidiv                            0x000001a1   Thumb Code     0  uidiv.o(.text)
    __aeabi_uidivmod                         0x000001a1   Thumb Code    44  uidiv.o(.text)
    __aeabi_memcpy                           0x000001cd   Thumb Code    36  memcpya.o(.text)
    __aeabi_memcpy4                          0x000001cd   Thumb Code     0  memcpya.o(.text)
    __aeabi_memcpy8                          0x000001cd   Thumb Code     0  memcpya.o(.text)
    __aeabi_memset                           0x000001f1   Thumb Code    14  memseta.o(.text)
    __aeabi_memset4                          0x000001f1   Thumb Code     0  memseta.o(.text)
    __aeabi_memset8                          0x000001f1   Thumb Code     0  memseta.o(.text)
    __aeabi_memclr                           0x000001ff   Thumb Code     4  memseta.o(.text)
    __aeabi_memclr4                          0x000001ff   Thumb Code     0  memseta.o(.text)
    __aeabi_memclr8                          0x000001ff   Thumb Code     0  memseta.o(.text)
    _memset$wrapper                          0x00000203   Thumb Code    18  memseta.o(.text)
    __aeabi_dadd                             0x00000215   Thumb Code   328  dadd.o(.text)
    __aeabi_dsub                             0x0000035d   Thumb Code    12  dadd.o(.text)
    __aeabi_drsub                            0x00000369   Thumb Code    12  dadd.o(.text)
    __aeabi_i2f                              0x00000379   Thumb Code    22  fflti.o(.text)
    __aeabi_ui2d                             0x00000391   Thumb Code    24  dfltui.o(.text)
    __aeabi_d2uiz                            0x000003ad   Thumb Code    50  dfixui.o(.text)
    OS_Tick_AcknowledgeIRQ                   0x000003e9   Thumb Code    12  os_systick.o(.text.OS_Tick_AcknowledgeIRQ)
    __I$use$fp                               0x000003e9   Thumb Code     0  iusefp.o(.text)
    OS_Tick_GetIRQn                          0x000003f5   Thumb Code     6  os_systick.o(.text.OS_Tick_GetIRQn)
    osRtxKernelPreInit                       0x000003fb   Thumb Code     2  rtx_kernel.o(.text.osRtxKernelPreInit)
    __scatterload_null                       0x000003fd   Thumb Code     2  handlers.o(i.__scatterload_null)
    __aeabi_dmul                             0x00000411   Thumb Code   202  dmul.o(.text)
    __aeabi_ddiv                             0x000004e1   Thumb Code   234  ddiv.o(.text)
    __aeabi_f2d                              0x000005d1   Thumb Code    40  f2d.o(.text)
    __aeabi_d2f                              0x000005f9   Thumb Code    56  d2f.o(.text)
    __aeabi_llsl                             0x00000631   Thumb Code    32  llshl.o(.text)
    _ll_shift_l                              0x00000631   Thumb Code     0  llshl.o(.text)
    __aeabi_llsr                             0x00000651   Thumb Code    34  llushr.o(.text)
    _ll_ushift_r                             0x00000651   Thumb Code     0  llushr.o(.text)
    __aeabi_lasr                             0x00000673   Thumb Code    38  llsshr.o(.text)
    _ll_sshift_r                             0x00000673   Thumb Code     0  llsshr.o(.text)
    _float_round                             0x00000699   Thumb Code    16  fepilogue.o(.text)
    _float_epilogue                          0x000006a9   Thumb Code   114  fepilogue.o(.text)
    _double_round                            0x0000071b   Thumb Code    26  depilogue.o(.text)
    _double_epilogue                         0x00000735   Thumb Code   164  depilogue.o(.text)
    __scatterload                            0x000007d9   Thumb Code    28  init.o(.text)
    __scatterload_rt2                        0x000007d9   Thumb Code     0  init.o(.text)
    __decompress                             0x000007fd   Thumb Code     0  __dczerorl2.o(.text)
    __decompress1                            0x000007fd   Thumb Code    86  __dczerorl2.o(.text)
    OS_Tick_Enable                           0x00000921   Thumb Code    44  os_systick.o(.text.OS_Tick_Enable)
    OS_Tick_Setup                            0x0000094d   Thumb Code    76  os_systick.o(.text.OS_Tick_Setup)
    osDelay                                  0x00000a7d   Thumb Code    40  rtx_delay.o(.text.osDelay)
    osKernelInitialize                       0x00000aa5   Thumb Code    40  rtx_kernel.o(.text.osKernelInitialize)
    osKernelStart                            0x00000acd   Thumb Code    36  rtx_kernel.o(.text.osKernelStart)
    osMessageQueueGet                        0x00000af1   Thumb Code   116  rtx_msgqueue.o(.text.osMessageQueueGet)
    osMessageQueueNew                        0x00000b65   Thumb Code    36  rtx_msgqueue.o(.text.osMessageQueueNew)
    osMessageQueuePut                        0x00000b89   Thumb Code   120  rtx_msgqueue.o(.text.osMessageQueuePut)
    osRtxMemoryAlloc                         0x00000c01   Thumb Code   124  rtx_memory.o(.text.osRtxMemoryAlloc)
    osRtxMemoryFree                          0x00000c7d   Thumb Code    78  rtx_memory.o(.text.osRtxMemoryFree)
    osRtxMemoryInit                          0x00000ccb   Thumb Code    50  rtx_memory.o(.text.osRtxMemoryInit)
    osRtxMemoryPoolAlloc                     0x00000cfd   Thumb Code    46  rtx_mempool.o(.text.osRtxMemoryPoolAlloc)
    osRtxMemoryPoolFree                      0x00000d2b   Thumb Code    58  rtx_mempool.o(.text.osRtxMemoryPoolFree)
    osRtxMemoryPoolInit                      0x00000d65   Thumb Code    62  rtx_mempool.o(.text.osRtxMemoryPoolInit)
    osRtxMutexOwnerRelease                   0x00000e5f   Thumb Code    68  rtx_mutex.o(.text.osRtxMutexOwnerRelease)
    osRtxPendSV_Handler                      0x00000ea5   Thumb Code   128  rtx_system.o(.text.osRtxPendSV_Handler)
    osRtxPostProcess                         0x00000f25   Thumb Code   108  rtx_system.o(.text.osRtxPostProcess)
    osRtxThreadDelayTick                     0x000010b1   Thumb Code    56  rtx_thread.o(.text.osRtxThreadDelayTick)
    osRtxThreadDispatch                      0x000010e9   Thumb Code    80  rtx_thread.o(.text.osRtxThreadDispatch)
    osRtxThreadListGet                       0x0000118d   Thumb Code    20  rtx_thread.o(.text.osRtxThreadListGet)
    osRtxThreadListPut                       0x000011a1   Thumb Code    44  rtx_thread.o(.text.osRtxThreadListPut)
    osRtxThreadListRemove                    0x000011cd   Thumb Code    24  rtx_thread.o(.text.osRtxThreadListRemove)
    osRtxThreadReadyPut                      0x0000120d   Thumb Code    24  rtx_thread.o(.text.osRtxThreadReadyPut)
    osRtxThreadRegPtr                        0x00001225   Thumb Code     6  rtx_thread.o(.text.osRtxThreadRegPtr)
    osRtxThreadStackCheck                    0x0000122d   Thumb Code    44  rtx_thread.o(.text.osRtxThreadStackCheck)
    osRtxThreadStartup                       0x00001259   Thumb Code    64  rtx_thread.o(.text.osRtxThreadStartup)
    osRtxThreadSwitch                        0x00001299   Thumb Code    20  rtx_thread.o(.text.osRtxThreadSwitch)
    osRtxThreadWaitEnter                     0x000012ad   Thumb Code    60  rtx_thread.o(.text.osRtxThreadWaitEnter)
    osRtxThreadWaitExit                      0x000012e9   Thumb Code    34  rtx_thread.o(.text.osRtxThreadWaitExit)
    osRtxTick_Handler                        0x0000130d   Thumb Code   116  rtx_system.o(.text.osRtxTick_Handler)
    osRtxTimerThread                         0x00001381   Thumb Code    60  rtx_timer.o(.text.osRtxTimerThread)
    osSemaphoreAcquire                       0x0000141d   Thumb Code    68  rtx_semaphore.o(.text.osSemaphoreAcquire)
    osSemaphoreNew                           0x00001461   Thumb Code    36  rtx_semaphore.o(.text.osSemaphoreNew)
    osSemaphoreRelease                       0x00001485   Thumb Code    76  rtx_semaphore.o(.text.osSemaphoreRelease)
    osThreadExit                             0x000014d1   Thumb Code    12  rtx_thread.o(.text.osThreadExit)
    osThreadNew                              0x000014dd   Thumb Code    36  rtx_thread.o(.text.osThreadNew)
    InitGPIOAll                              0x00001dcd   Thumb Code    70  gpio.o(i.InitGPIOAll)
    SystemCoreClockUpdate                    0x00001e19   Thumb Code   372  system_mkl25z4.o(i.SystemCoreClockUpdate)
    SystemInit                               0x00001fa9   Thumb Code   266  system_mkl25z4.o(i.SystemInit)
    TPM2_IRQHandler                          0x000020e1   Thumb Code   114  ultrasound.o(i.TPM2_IRQHandler)
    UART2_IRQHandler                         0x00002171   Thumb Code    42  uart.o(i.UART2_IRQHandler)
    __ARM_clz                                0x000021a9   Thumb Code    46  depilogue.o(i.__ARM_clz)
    __ARM_common_switch8                     0x000021d7   Thumb Code    28  motors.o(i.__ARM_common_switch8)
    __scatterload_copy                       0x00002315   Thumb Code    14  handlers.o(i.__scatterload_copy)
    __scatterload_zeroinit                   0x00002323   Thumb Code    14  handlers.o(i.__scatterload_zeroinit)
    auto_thread                              0x00002331   Thumb Code   492  mariokart.o(i.auto_thread)
    brain_thread                             0x00002551   Thumb Code   138  mariokart.o(i.brain_thread)
    connectLEDSequence                       0x000025f5   Thumb Code    44  led.o(i.connectLEDSequence)
    connect_sequence                         0x00002625   Thumb Code    12  mariokart.o(i.connect_sequence)
    controlWheelSpeed                        0x00002631   Thumb Code    54  motors.o(i.controlWheelSpeed)
    debug_thread                             0x0000266d   Thumb Code   624  mariokart.o(i.debug_thread)
    delay                                    0x00002901   Thumb Code    20  common.o(i.delay)
    flashRedLEDMoving                        0x00002915   Thumb Code    40  led.o(i.flashRedLEDMoving)
    flashRedLEDStationary                    0x00002941   Thumb Code    36  led.o(i.flashRedLEDStationary)
    forty_five_left                          0x00002969   Thumb Code    72  motors.o(i.forty_five_left)
    forty_five_right                         0x000029b9   Thumb Code    54  motors.o(i.forty_five_right)
    forward                                  0x000029f1   Thumb Code    72  motors.o(i.forward)
    getGPIO                                  0x00002a41   Thumb Code    52  gpio.o(i.getGPIO)
    getMaskPort                              0x00002a8d   Thumb Code    50  common.o(i.getMaskPort)
    initGPIOPort                             0x00002ad1   Thumb Code    30  gpio.o(i.initGPIOPort)
    initLEDModules                           0x00002af1   Thumb Code    34  led.o(i.initLEDModules)
    initMotorsPWM                            0x00002b2d   Thumb Code   296  motors.o(i.initMotorsPWM)
    initMusicPWM                             0x00002c69   Thumb Code   148  music.o(i.initMusicPWM)
    initUART2                                0x00002d11   Thumb Code   168  uart.o(i.initUART2)
    initUltrasonic                           0x00002dcd   Thumb Code   242  ultrasound.o(i.initUltrasonic)
    led_green_thread                         0x00002edd   Thumb Code    38  mariokart.o(i.led_green_thread)
    led_red_thread                           0x00002f0d   Thumb Code    38  mariokart.o(i.led_red_thread)
    main                                     0x00002f3d   Thumb Code   194  mariokart.o(i.main)
    measureDistance                          0x00003041   Thumb Code    42  ultrasound.o(i.measureDistance)
    melody_thread                            0x00003081   Thumb Code     8  mariokart.o(i.melody_thread)
    motor_thread                             0x00003089   Thumb Code    44  mariokart.o(i.motor_thread)
    move                                     0x000030cd   Thumb Code   904  motors.o(i.move)
    ninety_left                              0x00003455   Thumb Code    72  motors.o(i.ninety_left)
    ninety_right                             0x000034a5   Thumb Code    72  motors.o(i.ninety_right)
    offGreenLED                              0x000034f5   Thumb Code    52  led.o(i.offGreenLED)
    onGreenLED                               0x00003535   Thumb Code    52  led.o(i.onGreenLED)
    osRtxErrorNotify                         0x00003575   Thumb Code    32  rtx_config.o(i.osRtxErrorNotify)
    osRtxIdleThread                          0x00003595   Thumb Code     4  rtx_config.o(i.osRtxIdleThread)
    playMariokart                            0x00003599   Thumb Code    16  music.o(i.playMariokart)
    playMelody                               0x000035b5   Thumb Code    62  music.o(i.playMelody)
    playMelodyNote                           0x000035fd   Thumb Code   116  music.o(i.playMelodyNote)
    playStartMelody                          0x00003681   Thumb Code    40  music.o(i.playStartMelody)
    playStartUpMusic                         0x000036ad   Thumb Code    16  music.o(i.playStartUpMusic)
    readUltrasonic                           0x000036c9   Thumb Code   146  ultrasound.o(i.readUltrasonic)
    reverse                                  0x0000378d   Thumb Code    54  motors.o(i.reverse)
    runningLED                               0x000037c5   Thumb Code    52  led.o(i.runningLED)
    runningLEDHelper                         0x00003805   Thumb Code    34  led.o(i.runningLEDHelper)
    sendTrigPulse                            0x00003829   Thumb Code    40  ultrasound.o(i.sendTrigPulse)
    setPin                                   0x00003859   Thumb Code    44  gpio.o(i.setPin)
    stop                                     0x00003885   Thumb Code    36  motors.o(i.stop)
    priorityHigh                             0x000038a8   Data          36  mariokart.o(.constdata)
    priorityAboveNormal                      0x000038cc   Data          36  mariokart.o(.constdata)
    priorityNormal                           0x000038f0   Data          36  mariokart.o(.constdata)
    osRtxUserSVC                             0x00003974   Data           4  rtx_lib.o(.constdata)
    osRtxConfig                              0x00003978   Data         104  rtx_lib.o(.rodata)
    os_cb_sections                           0x000039e0   Data          56  rtx_lib.o(.rodata)
    Region$$Table$$Base                      0x00003a24   Number         0  anon$$obj.o(Region$$Table)
    Region$$Table$$Limit                     0x00003a44   Number         0  anon$$obj.o(Region$$Table)
    .bss.os.msgqueue.cb$$Base                0x20000040   Number         0  rtx_lib.o(.bss.os.msgqueue.cb)
    .bss.os.msgqueue.cb$$Limit               0x20000074   Number         0  rtx_lib.o(.bss.os.msgqueue.cb)
    .bss.os.thread.cb$$Base                  0x200000c4   Number         0  rtx_lib.o(.bss.os.thread.cb)
    .bss.os.thread.cb$$Limit                 0x2000014c   Number         0  rtx_lib.o(.bss.os.thread.cb)
    ultrasonicMessage                        0x20000350   Data           4  mariokart.o(.data)
    FLspeed                                  0x20000354   Data           1  mariokart.o(.data)
    FRspeed                                  0x20000355   Data           1  mariokart.o(.data)
    BLspeed                                  0x20000356   Data           1  mariokart.o(.data)
    BRspeed                                  0x20000357   Data           1  mariokart.o(.data)
    forward_delay                            0x20000358   Data           2  mariokart.o(.data)
    forty_five_delay                         0x2000035a   Data           2  mariokart.o(.data)
    ninety_delay                             0x2000035c   Data           2  mariokart.o(.data)
    obstacle_flag                            0x2000035e   Data           1  mariokart.o(.data)
    sensor_threshold                         0x20000360   Data           4  mariokart.o(.data)
    sensor_data                              0x20000364   Data           4  mariokart.o(.data)
    ai_moving_flag                           0x20000368   Data           1  motors.o(.data)
    autoSem                                  0x2000036c   Data           4  common.o(.data)
    brainSem                                 0x20000370   Data           4  common.o(.data)
    motorSem                                 0x20000374   Data           4  common.o(.data)
    musicSem                                 0x20000378   Data           4  common.o(.data)
    debugSem                                 0x2000037c   Data           4  common.o(.data)
    ledSem                                   0x20000380   Data           4  common.o(.data)
    tempo                                    0x20000384   Data           4  music.o(.data)
    spiderman_melody                         0x20000388   Data         272  music.o(.data)
    spiderman_durations                      0x20000498   Data          68  music.o(.data)
    spideman_length                          0x200004dc   Data           4  music.o(.data)
    mariokart_melody                         0x200004e0   Data        1996  music.o(.data)
    mariokart_durations                      0x20000cac   Data         499  music.o(.data)
    mariokart_length                         0x20000ea0   Data           4  music.o(.data)
    startup_melody                           0x20000ea4   Data          52  music.o(.data)
    startup_durations                        0x20000ed8   Data          13  music.o(.data)
    startup_length                           0x20000ee8   Data           4  music.o(.data)
    rx_data                                  0x20000eec   Data           1  uart.o(.data)
    greenLEDPins                             0x20000eed   Data          10  led.o(.data)
    redLEDPins                               0x20000ef7   Data           1  led.o(.data)
    portBPins                                0x20000ef8   Data           4  led.o(.data)
    portCPins                                0x20000efc   Data           1  led.o(.data)
    portEPins                                0x20000efd   Data           6  led.o(.data)
    time                                     0x20000f04   Data           4  ultrasound.o(.data)
    flag                                     0x20000f08   Data           4  ultrasound.o(.data)
    timeout                                  0x20000f0c   Data           4  ultrasound.o(.data)
    count                                    0x20000f10   Data           4  ultrasound.o(.data)
    ready                                    0x20000f14   Data           4  ultrasound.o(.data)
    start                                    0x20000f18   Data           2  ultrasound.o(.data)
    startRecord                              0x20000f1a   Data           2  ultrasound.o(.data)
    endRecord                                0x20000f1c   Data           2  ultrasound.o(.data)
    valueRecord                              0x20000f1e   Data           2  ultrasound.o(.data)
    end                                      0x20000f20   Data           2  ultrasound.o(.data)
    counter                                  0x20000f22   Data           2  ultrasound.o(.data)
    read                                     0x20000f24   Data           2  ultrasound.o(.data)
    num                                      0x20000f26   Data           2  ultrasound.o(.data)
    maincounter                              0x20000f28   Data           2  ultrasound.o(.data)
    SystemCoreClock                          0x20000f2c   Data           4  system_mkl25z4.o(.data)
    osRtxInfo                                0x20000f30   Data         164  rtx_kernel.o(.data.os)
    __initial_sp                             0x200010d8   Data           0  startup_mkl25z4.o(STACK)



==============================================================================

Memory Map of the image

  Image Entry point : 0x000000d5

  Load Region LR_1 (Base: 0x00000000, Size: 0x00005a18, Max: 0xffffffff, ABSOLUTE, COMPRESSED[0x00003d4c])

    Execution Region ER_RO (Exec base: 0x00000000, Load base: 0x00000000, Size: 0x00003a44, Max: 0xffffffff, ABSOLUTE)

    Exec Addr    Load Addr    Size         Type   Attr      Idx    E Section Name        Object

    0x00000000   0x00000000   0x000000c0   Data   RO          634    RESET               startup_mkl25z4.o
    0x000000c0   0x000000c0   0x00000000   Code   RO         1177  * .ARM.Collect$$$$00000000  mc_p.l(entry.o)
    0x000000c0   0x000000c0   0x00000004   Code   RO         1204    .ARM.Collect$$$$00000001  mc_p.l(entry2.o)
    0x000000c4   0x000000c4   0x00000004   Code   RO         1207    .ARM.Collect$$$$00000004  mc_p.l(entry5.o)
    0x000000c8   0x000000c8   0x00000000   Code   RO         1209    .ARM.Collect$$$$00000008  mc_p.l(entry7b.o)
    0x000000c8   0x000000c8   0x00000000   Code   RO         1211    .ARM.Collect$$$$0000000A  mc_p.l(entry8b.o)
    0x000000c8   0x000000c8   0x00000008   Code   RO         1212    .ARM.Collect$$$$0000000B  mc_p.l(entry9a.o)
    0x000000d0   0x000000d0   0x00000000   Code   RO         1214    .ARM.Collect$$$$0000000D  mc_p.l(entry10a.o)
    0x000000d0   0x000000d0   0x00000000   Code   RO         1216    .ARM.Collect$$$$0000000F  mc_p.l(entry11a.o)
    0x000000d0   0x000000d0   0x00000004   Code   RO         1205    .ARM.Collect$$$$00002712  mc_p.l(entry2.o)
    0x000000d4   0x000000d4   0x00000028   Code   RO          636  * .text               startup_mkl25z4.o
    0x000000fc   0x000000fc   0x000000a4   Code   RO          929    .text               RTX_CM0.lib(irq_cm0.o)
    0x000001a0   0x000001a0   0x0000002c   Code   RO         1180    .text               mc_p.l(uidiv.o)
    0x000001cc   0x000001cc   0x00000024   Code   RO         1182    .text               mc_p.l(memcpya.o)
    0x000001f0   0x000001f0   0x00000024   Code   RO         1184    .text               mc_p.l(memseta.o)
    0x00000214   0x00000214   0x00000164   Code   RO         1188    .text               mf_p.l(dadd.o)
    0x00000378   0x00000378   0x00000016   Code   RO         1194    .text               mf_p.l(fflti.o)
    0x0000038e   0x0000038e   0x00000002   PAD
    0x00000390   0x00000390   0x0000001c   Code   RO         1196    .text               mf_p.l(dfltui.o)
    0x000003ac   0x000003ac   0x0000003c   Code   RO         1198    .text               mf_p.l(dfixui.o)
    0x000003e8   0x000003e8   0x00000000   Code   RO         1224    .text               mc_p.l(iusefp.o)
    0x000003e8   0x000003e8   0x0000000c   Code   RO         1099    .text.OS_Tick_AcknowledgeIRQ  RTX_CM0.lib(os_systick.o)
    0x000003f4   0x000003f4   0x00000006   Code   RO         1101    .text.OS_Tick_GetIRQn  RTX_CM0.lib(os_systick.o)
    0x000003fa   0x000003fa   0x00000002   Code   RO          675    .text.osRtxKernelPreInit  RTX_CM0.lib(rtx_kernel.o)
    0x000003fc   0x000003fc   0x00000002   Code   RO         1236    i.__scatterload_null  mc_p.l(handlers.o)
    0x000003fe   0x000003fe   0x00000002   PAD
    0x00000400   0x00000400   0x00000010   Code   RO          635    .ARM.__at_0x400     startup_mkl25z4.o
    0x00000410   0x00000410   0x000000d0   Code   RO         1190    .text               mf_p.l(dmul.o)
    0x000004e0   0x000004e0   0x000000f0   Code   RO         1192    .text               mf_p.l(ddiv.o)
    0x000005d0   0x000005d0   0x00000028   Code   RO         1200    .text               mf_p.l(f2d.o)
    0x000005f8   0x000005f8   0x00000038   Code   RO         1202    .text               mf_p.l(d2f.o)
    0x00000630   0x00000630   0x00000020   Code   RO         1218    .text               mc_p.l(llshl.o)
    0x00000650   0x00000650   0x00000022   Code   RO         1220    .text               mc_p.l(llushr.o)
    0x00000672   0x00000672   0x00000026   Code   RO         1222    .text               mc_p.l(llsshr.o)
    0x00000698   0x00000698   0x00000082   Code   RO         1225    .text               mf_p.l(fepilogue.o)
    0x0000071a   0x0000071a   0x000000be   Code   RO         1227    .text               mf_p.l(depilogue.o)
    0x000007d8   0x000007d8   0x00000024   Code   RO         1231    .text               mc_p.l(init.o)
    0x000007fc   0x000007fc   0x00000056   Code   RO         1241    .text               mc_p.l(__dczerorl2.o)
    0x00000852   0x00000852   0x0000004c   Code   RO         1161    .text.MessageQueueGet  RTX_CM0.lib(rtx_msgqueue.o)
    0x0000089e   0x0000089e   0x00000062   Code   RO         1155    .text.MessageQueuePut  RTX_CM0.lib(rtx_msgqueue.o)
    0x00000900   0x00000900   0x0000001e   Code   RO         1153    .text.MessageQueueRemove  RTX_CM0.lib(rtx_msgqueue.o)
    0x0000091e   0x0000091e   0x00000002   PAD
    0x00000920   0x00000920   0x0000002c   Code   RO         1095    .text.OS_Tick_Enable  RTX_CM0.lib(os_systick.o)
    0x0000094c   0x0000094c   0x0000004c   Code   RO         1093    .text.OS_Tick_Setup  RTX_CM0.lib(os_systick.o)
    0x00000998   0x00000998   0x00000024   Code   RO          908    .text.SemaphoreTokenDecrement  RTX_CM0.lib(rtx_semaphore.o)
    0x000009bc   0x000009bc   0x00000026   Code   RO          914    .text.SemaphoreTokenIncrement  RTX_CM0.lib(rtx_semaphore.o)
    0x000009e2   0x000009e2   0x0000004e   Code   RO          820    .text.ThreadFlagsCheck  RTX_CM0.lib(rtx_thread.o)
    0x00000a30   0x00000a30   0x0000004c   Code   RO          950    .text.TimerInsert   RTX_CM0.lib(rtx_timer.o)
    0x00000a7c   0x00000a7c   0x00000028   Code   RO          873    .text.osDelay       RTX_CM0.lib(rtx_delay.o)
    0x00000aa4   0x00000aa4   0x00000028   Code   RO          677    .text.osKernelInitialize  RTX_CM0.lib(rtx_kernel.o)
    0x00000acc   0x00000acc   0x00000024   Code   RO          687    .text.osKernelStart  RTX_CM0.lib(rtx_kernel.o)
    0x00000af0   0x00000af0   0x00000074   Code   RO         1127    .text.osMessageQueueGet  RTX_CM0.lib(rtx_msgqueue.o)
    0x00000b64   0x00000b64   0x00000024   Code   RO         1121    .text.osMessageQueueNew  RTX_CM0.lib(rtx_msgqueue.o)
    0x00000b88   0x00000b88   0x00000078   Code   RO         1125    .text.osMessageQueuePut  RTX_CM0.lib(rtx_msgqueue.o)
    0x00000c00   0x00000c00   0x0000007c   Code   RO         1012    .text.osRtxMemoryAlloc  RTX_CM0.lib(rtx_memory.o)
    0x00000c7c   0x00000c7c   0x0000004e   Code   RO         1014    .text.osRtxMemoryFree  RTX_CM0.lib(rtx_memory.o)
    0x00000cca   0x00000cca   0x00000032   Code   RO         1010    .text.osRtxMemoryInit  RTX_CM0.lib(rtx_memory.o)
    0x00000cfc   0x00000cfc   0x0000002e   Code   RO         1027    .text.osRtxMemoryPoolAlloc  RTX_CM0.lib(rtx_mempool.o)
    0x00000d2a   0x00000d2a   0x0000003a   Code   RO         1029    .text.osRtxMemoryPoolFree  RTX_CM0.lib(rtx_mempool.o)
    0x00000d64   0x00000d64   0x0000003e   Code   RO         1025    .text.osRtxMemoryPoolInit  RTX_CM0.lib(rtx_mempool.o)
    0x00000da2   0x00000da2   0x000000bc   Code   RO         1151    .text.osRtxMessageQueuePostProcess  RTX_CM0.lib(rtx_msgqueue.o)
    0x00000e5e   0x00000e5e   0x00000044   Code   RO          975    .text.osRtxMutexOwnerRelease  RTX_CM0.lib(rtx_mutex.o)
    0x00000ea2   0x00000ea2   0x00000002   PAD
    0x00000ea4   0x00000ea4   0x00000080   Code   RO         1080    .text.osRtxPendSV_Handler  RTX_CM0.lib(rtx_system.o)
    0x00000f24   0x00000f24   0x0000006c   Code   RO         1082    .text.osRtxPostProcess  RTX_CM0.lib(rtx_system.o)
    0x00000f90   0x00000f90   0x00000024   Code   RO          906    .text.osRtxSemaphorePostProcess  RTX_CM0.lib(rtx_semaphore.o)
    0x00000fb4   0x00000fb4   0x00000038   Code   RO          760    .text.osRtxThreadBlock  RTX_CM0.lib(rtx_thread.o)
    0x00000fec   0x00000fec   0x00000080   Code   RO          768    .text.osRtxThreadDelayInsert  RTX_CM0.lib(rtx_thread.o)
    0x0000106c   0x0000106c   0x00000044   Code   RO          764    .text.osRtxThreadDelayRemove  RTX_CM0.lib(rtx_thread.o)
    0x000010b0   0x000010b0   0x00000038   Code   RO          750    .text.osRtxThreadDelayTick  RTX_CM0.lib(rtx_thread.o)
    0x000010e8   0x000010e8   0x00000050   Code   RO          758    .text.osRtxThreadDispatch  RTX_CM0.lib(rtx_thread.o)
    0x00001138   0x00001138   0x00000054   Code   RO          844    .text.osRtxThreadFree  RTX_CM0.lib(rtx_thread.o)
    0x0000118c   0x0000118c   0x00000014   Code   RO          742    .text.osRtxThreadListGet  RTX_CM0.lib(rtx_thread.o)
    0x000011a0   0x000011a0   0x0000002c   Code   RO          740    .text.osRtxThreadListPut  RTX_CM0.lib(rtx_thread.o)
    0x000011cc   0x000011cc   0x00000018   Code   RO          746    .text.osRtxThreadListRemove  RTX_CM0.lib(rtx_thread.o)
    0x000011e4   0x000011e4   0x00000026   Code   RO          818    .text.osRtxThreadPostProcess  RTX_CM0.lib(rtx_thread.o)
    0x0000120a   0x0000120a   0x00000002   PAD
    0x0000120c   0x0000120c   0x00000018   Code   RO          748    .text.osRtxThreadReadyPut  RTX_CM0.lib(rtx_thread.o)
    0x00001224   0x00001224   0x00000006   Code   RO          752    .text.osRtxThreadRegPtr  RTX_CM0.lib(rtx_thread.o)
    0x0000122a   0x0000122a   0x00000002   PAD
    0x0000122c   0x0000122c   0x0000002c   Code   RO          756    .text.osRtxThreadStackCheck  RTX_CM0.lib(rtx_thread.o)
    0x00001258   0x00001258   0x00000040   Code   RO          770    .text.osRtxThreadStartup  RTX_CM0.lib(rtx_thread.o)
    0x00001298   0x00001298   0x00000014   Code   RO          754    .text.osRtxThreadSwitch  RTX_CM0.lib(rtx_thread.o)
    0x000012ac   0x000012ac   0x0000003c   Code   RO          766    .text.osRtxThreadWaitEnter  RTX_CM0.lib(rtx_thread.o)
    0x000012e8   0x000012e8   0x00000022   Code   RO          762    .text.osRtxThreadWaitExit  RTX_CM0.lib(rtx_thread.o)
    0x0000130a   0x0000130a   0x00000002   PAD
    0x0000130c   0x0000130c   0x00000074   Code   RO         1078    .text.osRtxTick_Handler  RTX_CM0.lib(rtx_system.o)
    0x00001380   0x00001380   0x0000003c   Code   RO          934    .text.osRtxTimerThread  RTX_CM0.lib(rtx_timer.o)
    0x000013bc   0x000013bc   0x00000060   Code   RO          936    .text.osRtxTimerTick  RTX_CM0.lib(rtx_timer.o)
    0x0000141c   0x0000141c   0x00000044   Code   RO          894    .text.osSemaphoreAcquire  RTX_CM0.lib(rtx_semaphore.o)
    0x00001460   0x00001460   0x00000024   Code   RO          890    .text.osSemaphoreNew  RTX_CM0.lib(rtx_semaphore.o)
    0x00001484   0x00001484   0x0000004c   Code   RO          896    .text.osSemaphoreRelease  RTX_CM0.lib(rtx_semaphore.o)
    0x000014d0   0x000014d0   0x0000000c   Code   RO          802    .text.osThreadExit  RTX_CM0.lib(rtx_thread.o)
    0x000014dc   0x000014dc   0x00000024   Code   RO          774    .text.osThreadNew   RTX_CM0.lib(rtx_thread.o)
    0x00001500   0x00001500   0x00000012   Code   RO          877    .text.svcRtxDelay   RTX_CM0.lib(rtx_delay.o)
    0x00001512   0x00001512   0x00000002   PAD
    0x00001514   0x00001514   0x00000148   Code   RO          715    .text.svcRtxKernelInitialize  RTX_CM0.lib(rtx_kernel.o)
    0x0000165c   0x0000165c   0x00000084   Code   RO          717    .text.svcRtxKernelStart  RTX_CM0.lib(rtx_kernel.o)
    0x000016e0   0x000016e0   0x000000e8   Code   RO         1163    .text.svcRtxMessageQueueGet  RTX_CM0.lib(rtx_msgqueue.o)
    0x000017c8   0x000017c8   0x000001e4   Code   RO         1149    .text.svcRtxMessageQueueNew  RTX_CM0.lib(rtx_msgqueue.o)
    0x000019ac   0x000019ac   0x000000bc   Code   RO         1159    .text.svcRtxMessageQueuePut  RTX_CM0.lib(rtx_msgqueue.o)
    0x00001a68   0x00001a68   0x0000004c   Code   RO          912    .text.svcRtxSemaphoreAcquire  RTX_CM0.lib(rtx_semaphore.o)
    0x00001ab4   0x00001ab4   0x00000088   Code   RO          904    .text.svcRtxSemaphoreNew  RTX_CM0.lib(rtx_semaphore.o)
    0x00001b3c   0x00001b3c   0x00000038   Code   RO          916    .text.svcRtxSemaphoreRelease  RTX_CM0.lib(rtx_semaphore.o)
    0x00001b74   0x00001b74   0x0000006c   Code   RO          848    .text.svcRtxThreadExit  RTX_CM0.lib(rtx_thread.o)
    0x00001be0   0x00001be0   0x000001ec   Code   RO          772    .text.svcRtxThreadNew  RTX_CM0.lib(rtx_thread.o)
    0x00001dcc   0x00001dcc   0x0000004c   Code   RO          474    i.InitGPIOAll       gpio.o
    0x00001e18   0x00001e18   0x00000190   Code   RO          644    i.SystemCoreClockUpdate  system_mkl25z4.o
    0x00001fa8   0x00001fa8   0x00000138   Code   RO          645    i.SystemInit        system_mkl25z4.o
    0x000020e0   0x000020e0   0x00000090   Code   RO          512    i.TPM2_IRQHandler   ultrasound.o
    0x00002170   0x00002170   0x00000038   Code   RO          326    i.UART2_IRQHandler  uart.o
    0x000021a8   0x000021a8   0x0000002e   Code   RO         1229    i.__ARM_clz         mf_p.l(depilogue.o)
    0x000021d6   0x000021d6   0x0000001c   Code   RO          214    i.__ARM_common_switch8  motors.o
    0x000021f2   0x000021f2   0x00000002   PAD
    0x000021f4   0x000021f4   0x00000018   Code   RO          327    i.__NVIC_ClearPendingIRQ  uart.o
    0x0000220c   0x0000220c   0x00000018   Code   RO          513    i.__NVIC_ClearPendingIRQ  ultrasound.o
    0x00002224   0x00002224   0x00000078   Code   RO          328    i.__NVIC_SetPriority  uart.o
    0x0000229c   0x0000229c   0x00000078   Code   RO          514    i.__NVIC_SetPriority  ultrasound.o
    0x00002314   0x00002314   0x0000000e   Code   RO         1235    i.__scatterload_copy  mc_p.l(handlers.o)
    0x00002322   0x00002322   0x0000000e   Code   RO         1237    i.__scatterload_zeroinit  mc_p.l(handlers.o)
    0x00002330   0x00002330   0x00000220   Code   RO            4    i.auto_thread       mariokart.o
    0x00002550   0x00002550   0x000000a4   Code   RO            5    i.brain_thread      mariokart.o
    0x000025f4   0x000025f4   0x00000030   Code   RO          397    i.connectLEDSequence  led.o
    0x00002624   0x00002624   0x0000000c   Code   RO            6    i.connect_sequence  mariokart.o
    0x00002630   0x00002630   0x0000003c   Code   RO          142    i.controlWheelSpeed  motors.o
    0x0000266c   0x0000266c   0x00000294   Code   RO            7    i.debug_thread      mariokart.o
    0x00002900   0x00002900   0x00000014   Code   RO          224    i.delay             common.o
    0x00002914   0x00002914   0x0000002c   Code   RO          398    i.flashRedLEDMoving  led.o
    0x00002940   0x00002940   0x00000028   Code   RO          399    i.flashRedLEDStationary  led.o
    0x00002968   0x00002968   0x00000050   Code   RO          143    i.forty_five_left   motors.o
    0x000029b8   0x000029b8   0x00000036   Code   RO          144    i.forty_five_right  motors.o
    0x000029ee   0x000029ee   0x00000002   PAD
    0x000029f0   0x000029f0   0x00000050   Code   RO          145    i.forward           motors.o
    0x00002a40   0x00002a40   0x0000004c   Code   RO          475    i.getGPIO           gpio.o
    0x00002a8c   0x00002a8c   0x00000044   Code   RO          225    i.getMaskPort       common.o
    0x00002ad0   0x00002ad0   0x0000001e   Code   RO          476    i.initGPIOPort      gpio.o
    0x00002aee   0x00002aee   0x00000002   PAD
    0x00002af0   0x00002af0   0x0000003c   Code   RO          400    i.initLEDModules    led.o
    0x00002b2c   0x00002b2c   0x0000013c   Code   RO          146    i.initMotorsPWM     motors.o
    0x00002c68   0x00002c68   0x000000a8   Code   RO          256    i.initMusicPWM      music.o
    0x00002d10   0x00002d10   0x000000bc   Code   RO          329    i.initUART2         uart.o
    0x00002dcc   0x00002dcc   0x00000110   Code   RO          515    i.initUltrasonic    ultrasound.o
    0x00002edc   0x00002edc   0x00000030   Code   RO            8    i.led_green_thread  mariokart.o
    0x00002f0c   0x00002f0c   0x00000030   Code   RO            9    i.led_red_thread    mariokart.o
    0x00002f3c   0x00002f3c   0x00000104   Code   RO           10    i.main              mariokart.o
    0x00003040   0x00003040   0x00000040   Code   RO          516    i.measureDistance   ultrasound.o
    0x00003080   0x00003080   0x00000008   Code   RO           11    i.melody_thread     mariokart.o
    0x00003088   0x00003088   0x00000044   Code   RO           12    i.motor_thread      mariokart.o
    0x000030cc   0x000030cc   0x00000388   Code   RO          147    i.move              motors.o
    0x00003454   0x00003454   0x00000050   Code   RO          148    i.ninety_left       motors.o
    0x000034a4   0x000034a4   0x00000050   Code   RO          149    i.ninety_right      motors.o
    0x000034f4   0x000034f4   0x00000040   Code   RO          402    i.offGreenLED       led.o
    0x00003534   0x00003534   0x00000040   Code   RO          404    i.onGreenLED        led.o
    0x00003574   0x00003574   0x00000020   Code   RO          604    i.osRtxErrorNotify  rtx_config.o
    0x00003594   0x00003594   0x00000004   Code   RO          605    i.osRtxIdleThread   rtx_config.o
    0x00003598   0x00003598   0x0000001c   Code   RO          258    i.playMariokart     music.o
    0x000035b4   0x000035b4   0x00000048   Code   RO          259    i.playMelody        music.o
    0x000035fc   0x000035fc   0x00000084   Code   RO          260    i.playMelodyNote    music.o
    0x00003680   0x00003680   0x0000002c   Code   RO          262    i.playStartMelody   music.o
    0x000036ac   0x000036ac   0x0000001c   Code   RO          263    i.playStartUpMusic  music.o
    0x000036c8   0x000036c8   0x000000c4   Code   RO          517    i.readUltrasonic    ultrasound.o
    0x0000378c   0x0000378c   0x00000036   Code   RO          150    i.reverse           motors.o
    0x000037c2   0x000037c2   0x00000002   PAD
    0x000037c4   0x000037c4   0x00000040   Code   RO          405    i.runningLED        led.o
    0x00003804   0x00003804   0x00000022   Code   RO          406    i.runningLEDHelper  led.o
    0x00003826   0x00003826   0x00000002   PAD
    0x00003828   0x00003828   0x00000030   Code   RO          518    i.sendTrigPulse     ultrasound.o
    0x00003858   0x00003858   0x0000002c   Code   RO          477    i.setPin            gpio.o
    0x00003884   0x00003884   0x00000024   Code   RO          151    i.stop              motors.o
    0x000038a8   0x000038a8   0x0000006c   Data   RO           13    .constdata          mariokart.o
    0x00003914   0x00003914   0x00000064   Data   RO          574    .constdata          rtx_lib.o
    0x00003978   0x00003978   0x000000a0   Data   RO          576    .rodata             rtx_lib.o
    0x00003a18   0x00003a18   0x0000000b   Data   RO          729    .rodata.str1.4      RTX_CM0.lib(rtx_kernel.o)
    0x00003a23   0x00003a23   0x00000001   PAD
    0x00003a24   0x00003a24   0x00000020   Data   RO         1233    Region$$Table       anon$$obj.o


    Execution Region ER_RW (Exec base: 0x1ffff000, Load base: 0x00003a44, Size: 0x00001fd4, Max: 0xffffffff, ABSOLUTE, COMPRESSED[0x00000308])

    Exec Addr    Load Addr    Size         Type   Attr      Idx    E Section Name        Object

    0x1ffff000   COMPRESSED   0x00001040   Data   RW          569    .bss.os             rtx_lib.o
    0x20000040   COMPRESSED   0x00000034   Data   RW          570    .bss.os.msgqueue.cb  rtx_lib.o
    0x20000074   COMPRESSED   0x00000050   Data   RW          571    .bss.os.msgqueue.mem  rtx_lib.o
    0x200000c4   COMPRESSED   0x00000088   Data   RW          572    .bss.os.thread.cb   rtx_lib.o
    0x2000014c   COMPRESSED   0x00000004   PAD
    0x20000150   COMPRESSED   0x00000200   Data   RW          573    .bss.os.thread.stack  rtx_lib.o
    0x20000350   COMPRESSED   0x00000018   Data   RW           14    .data               mariokart.o
    0x20000368   COMPRESSED   0x00000001   Data   RW          152    .data               motors.o
    0x20000369   COMPRESSED   0x00000003   PAD
    0x2000036c   COMPRESSED   0x00000018   Data   RW          226    .data               common.o
    0x20000384   COMPRESSED   0x00000b68   Data   RW          264    .data               music.o
    0x20000eec   COMPRESSED   0x00000001   Data   RW          331    .data               uart.o
    0x20000eed   COMPRESSED   0x00000016   Data   RW          407    .data               led.o
    0x20000f03   COMPRESSED   0x00000001   PAD
    0x20000f04   COMPRESSED   0x00000026   Data   RW          519    .data               ultrasound.o
    0x20000f2a   COMPRESSED   0x00000002   PAD
    0x20000f2c   COMPRESSED   0x00000004   Data   RW          646    .data               system_mkl25z4.o
    0x20000f30   COMPRESSED   0x000000a4   Data   RW          730    .data.os            RTX_CM0.lib(rtx_kernel.o)


    Execution Region ER_ZI (Exec base: 0x20000fd4, Load base: 0x00003d4c, Size: 0x00000104, Max: 0xffffffff, ABSOLUTE)

    Exec Addr    Load Addr    Size         Type   Attr      Idx    E Section Name        Object

    0x20000fd4        -       0x00000001   Zero   RW         1111    .bss.PendST         RTX_CM0.lib(os_systick.o)
    0x20000fd5   0x00003d4c   0x00000003   PAD
    0x20000fd8        -       0x00000100   Zero   RW          632    STACK               startup_mkl25z4.o


==============================================================================

Image component sizes


      Code (inc. data)   RO Data    RW Data    ZI Data      Debug   Object Name

        88         18          0         24          0       1699   common.o
       226         30          0          0          0       2580   gpio.o
       418         74          0         22          0       4633   led.o
      1812        224        108         24          0     225856   mariokart.o
      1772         86          0          1          0       7617   motors.o
       472         74          0       2920          0       4193   music.o
        36          8          0          0          0        981   rtx_config.o
         0          0        260       4940          0       9210   rtx_lib.o
        56         30        192          0        256        884   startup_mkl25z4.o
       712         84          0          4          0       1679   system_mkl25z4.o
       388         50          0          1          0      11166   uart.o
       868        156          0         38          0       4667   ultrasound.o

    ----------------------------------------------------------------------
      6858        834        592       7984        256     275165   Object Totals
         0          0         32          0          0          0   (incl. Generated)
        10          0          0         10          0          0   (incl. Padding)

    ----------------------------------------------------------------------

      Code (inc. data)   RO Data    RW Data    ZI Data      Debug   Library Member Name

       164          8          0          0          0        496   irq_cm0.o
       138         32          0          0          1       2766   os_systick.o
        58          4          0          0          0       2753   rtx_delay.o
       538         36         11        164          0      16105   rtx_kernel.o
       252          0          0          0          0       2564   rtx_memory.o
       166          0          0          0          0      14282   rtx_mempool.o
      1568         44          0          0          0      17889   rtx_msgqueue.o
        68          0          0          0          0       9201   rtx_mutex.o
       558         28          0          0          0      10054   rtx_semaphore.o
       352         26          0          0          0       4635   rtx_system.o
      1576         96          0          0          0      30867   rtx_thread.o
       232         20          0          0          0      10018   rtx_timer.o
        86          0          0          0          0          0   __dczerorl2.o
         0          0          0          0          0          0   entry.o
         0          0          0          0          0          0   entry10a.o
         0          0          0          0          0          0   entry11a.o
         8          4          0          0          0          0   entry2.o
         4          0          0          0          0          0   entry5.o
         0          0          0          0          0          0   entry7b.o
         0          0          0          0          0          0   entry8b.o
         8          4          0          0          0          0   entry9a.o
        30          0          0          0          0          0   handlers.o
        36          8          0          0          0         68   init.o
         0          0          0          0          0          0   iusefp.o
        32          0          0          0          0         68   llshl.o
        38          0          0          0          0         68   llsshr.o
        34          0          0          0          0         68   llushr.o
        36          0          0          0          0         60   memcpya.o
        36          0          0          0          0        100   memseta.o
        44          0          0          0          0         72   uidiv.o
        56          0          0          0          0         68   d2f.o
       356          4          0          0          0        140   dadd.o
       240          6          0          0          0         84   ddiv.o
       236          0          0          0          0        216   depilogue.o
        60         10          0          0          0         68   dfixui.o
        28          4          0          0          0         68   dfltui.o
       208          6          0          0          0         88   dmul.o
        40          0          0          0          0         60   f2d.o
       130          0          0          0          0        144   fepilogue.o
        22          0          0          0          0         68   fflti.o

    ----------------------------------------------------------------------
      7454        340         12        164          4     123138   Library Totals
        16          0          1          0          3          0   (incl. Padding)

    ----------------------------------------------------------------------

      Code (inc. data)   RO Data    RW Data    ZI Data      Debug   Library Name

      5670        294         11        164          1     121630   RTX_CM0.lib
       392         16          0          0          0        504   mc_p.l
      1376         30          0          0          0       1004   mf_p.l

    ----------------------------------------------------------------------
      7454        340         12        164          4     123138   Library Totals

    ----------------------------------------------------------------------

==============================================================================


      Code (inc. data)   RO Data    RW Data    ZI Data      Debug   

     14312       1174        604       8148        260     395279   Grand Totals
     14312       1174        604        776        260     395279   ELF Image Totals (compressed)
     14312       1174        604        776          0          0   ROM Totals

==============================================================================

    Total RO  Size (Code + RO Data)                14916 (  14.57kB)
    Total RW  Size (RW Data + ZI Data)              8408 (   8.21kB)
    Total ROM Size (Code + RO Data + RW Data)      15692 (  15.32kB)

==============================================================================

